   Compiling proc-macro2 v1.0.107
   Compiling unicode-ident v1.0.24
   Compiling quote v1.0.47
   Compiling stable_deref_trait v1.2.1
   Compiling libc v0.2.189
   Compiling writeable v0.6.4
   Compiling litemap v0.8.3
   Compiling smallvec v1.15.2
   Compiling serde_core v1.0.229
   Compiling rustversion v1.0.23
   Compiling equivalent v1.0.2
   Compiling cfg-if v1.0.4
   Compiling parking_lot_core v0.9.12
   Compiling signal-hook v0.3.18
   Compiling ident_case v1.0.1
   Compiling serde v1.0.229
   Compiling fnv v1.0.7
   Compiling log v0.4.34
   Compiling strsim v0.11.1
   Compiling scopeguard v1.2.0
   Compiling rustix v0.38.44
   Compiling bitflags v2.13.1
   Compiling allocator-api2 v0.2.21
   Compiling linux-raw-sys v0.4.15
   Compiling futures-core v0.3.34
   Compiling foldhash v0.1.5
   Compiling heck v0.5.0
   Compiling lock_api v0.4.14
   Compiling icu_locale_data v2.1.2
   Compiling either v1.18.0
   Compiling paste v1.0.15
   Compiling icu_normalizer_data v2.1.1
   Compiling icu_properties_data v2.1.2
   Compiling itoa v1.0.18
   Compiling libm v0.2.16
   Compiling instability v0.3.10
   Compiling ryu v1.0.23
   Compiling static_assertions v1.1.0
   Compiling unicode-width v0.1.14
   Compiling itertools v0.13.0
   Compiling icu_segmenter_data v2.1.1
   Compiling indoc v2.0.7
   Compiling utf8_iter v1.0.4
   Compiling unicode-segmentation v1.13.3
   Compiling zmij v1.0.23
   Compiling hashbrown v0.15.5
   Compiling memchr v2.8.3
   Compiling serde_json v1.0.151
   Compiling unicode-width v0.2.0
   Compiling pin-project-lite v0.2.17
   Compiling cassowary v0.3.0
   Compiling powerfmt v0.2.0
   Compiling thiserror v2.0.20
   Compiling pulldown-cmark v0.12.2
   Compiling futures-task v0.3.34
   Compiling deranged v0.5.8
   Compiling hashbrown v0.17.1
   Compiling slab v0.4.12
   Compiling unicase v2.9.0
   Compiling num_threads v0.1.7
   Compiling num-conv v0.1.0
   Compiling time-core v0.1.7
   Compiling bytes v1.12.1
   Compiling futures-util v0.3.34
   Compiling percent-encoding v2.3.2
   Compiling toml_write v0.1.2
   Compiling winnow v0.7.15
   Compiling lru v0.12.5
   Compiling form_urlencoded v1.2.2
   Compiling syn v2.0.119
   Compiling syn v3.0.4
   Compiling indexmap v2.14.1
   Compiling core_maths v0.1.1
   Compiling unicode-truncate v1.1.0
   Compiling errno v0.3.14
   Compiling mio v1.2.2
   Compiling time v0.3.45
   Compiling signal-hook-registry v1.4.8
   Compiling castaway v0.2.4
   Compiling parking_lot v0.12.5
   Compiling compact_str v0.8.2
   Compiling signal-hook-mio v0.2.5
   Compiling crossterm v0.28.1
   Compiling synstructure v0.13.2
   Compiling darling_core v0.20.11
   Compiling zerovec-derive v0.11.6
   Compiling displaydoc v0.2.7
   Compiling serde_derive v1.0.229
   Compiling tokio-macros v2.7.2
   Compiling thiserror-impl v2.0.20
   Compiling zerofrom-derive v0.1.7
   Compiling yoke-derive v0.8.2
   Compiling strum_macros v0.26.4
   Compiling darling_macro v0.20.11
   Compiling tokio v1.53.1
   Compiling darling v0.20.11
   Compiling strum v0.26.3
   Compiling zerofrom v0.1.8
   Compiling yoke v0.8.3
   Compiling zerovec v0.11.8
   Compiling zerotrie v0.2.5
   Compiling ratatui v0.29.0
   Compiling toml_datetime v0.6.11
   Compiling serde_spanned v0.6.9
   Compiling toml_edit v0.22.27
   Compiling tinystr v0.8.4
   Compiling potential_utf v0.1.6
   Compiling icu_collections v2.1.1
   Compiling icu_locale_core v2.1.1
   Compiling tui-textarea v0.7.0
   Compiling icu_provider v2.1.1
   Compiling icu_properties v2.1.2
   Compiling icu_locale v2.1.1
   Compiling icu_normalizer v2.1.1
   Compiling toml v0.8.23
   Compiling icu_segmenter v2.1.2
   Compiling idna_adapter v1.2.1
   Compiling idna v1.1.0
   Compiling url v2.5.4
   Compiling minicore-tui v0.2.7 (/root/minicore-tui-027-RXdxEP/minicore-tui)
error[E0658]: `let` expressions in this position are unstable
    --> src/app.rs:4309:24
     |
4309 |                     && let Some(text) = recovered
     |                        ^^^^^^^^^^^^^^^^^^^^^^^^^^
     |
     = note: see issue #53667 <https://github.com/rust-lang/rust/issues/53667> for more information

error[E0658]: `let` expressions in this position are unstable
    --> src/app.rs:4925:24
     |
4925 |                     && let Some(text) = recovered
     |                        ^^^^^^^^^^^^^^^^^^^^^^^^^^
     |
     = note: see issue #53667 <https://github.com/rust-lang/rust/issues/53667> for more information

For more information about this error, try `rustc --explain E0658`.
error: could not compile `minicore-tui` (lib) due to 2 previous errors
warning: build failed, waiting for other jobs to finish...
error: could not compile `minicore-tui` (lib test) due to 2 previous errors
