   Compiling proc-macro2 v1.0.107
   Compiling quote v1.0.47
   Compiling unicode-ident v1.0.24
   Compiling libc v0.2.189
   Compiling stable_deref_trait v1.2.1
   Compiling rustversion v1.0.23
   Compiling log v0.4.34
   Compiling signal-hook v0.3.18
   Compiling ident_case v1.0.1
   Compiling cfg-if v1.0.4
   Compiling writeable v0.6.4
   Compiling strsim v0.11.1
   Compiling parking_lot_core v0.9.12
   Compiling fnv v1.0.7
   Compiling scopeguard v1.2.0
   Compiling smallvec v1.15.2
   Compiling rustix v0.38.44
   Compiling bitflags v2.13.1
   Compiling icu_locale_data v2.1.2
   Compiling allocator-api2 v0.2.21
   Compiling foldhash v0.1.5
   Compiling libm v0.2.16
   Compiling futures-core v0.3.34
   Compiling equivalent v1.0.2
   Compiling serde_core v1.0.229
   Compiling either v1.18.0
   Compiling lock_api v0.4.14
   Compiling paste v1.0.15
   Compiling litemap v0.8.3
   Compiling heck v0.5.0
   Compiling itoa v1.0.18
   Compiling instability v0.3.10
   Compiling unicode-segmentation v1.13.3
   Compiling static_assertions v1.1.0
   Compiling ryu v1.0.23
   Compiling unicode-width v0.1.14
   Compiling zmij v1.0.23
   Compiling icu_segmenter_data v2.1.1
   Compiling itertools v0.13.0
   Compiling indoc v2.0.7
   Compiling serde_json v1.0.151
   Compiling pin-project-lite v0.2.17
   Compiling unicode-width v0.2.0
   Compiling powerfmt v0.2.0
   Compiling pulldown-cmark v0.12.2
   Compiling thiserror v2.0.20
   Compiling cassowary v0.3.0
   Compiling memchr v2.8.3
   Compiling hashbrown v0.15.5
   Compiling serde v1.0.229
   Compiling deranged v0.5.8
   Compiling unicase v2.9.0
   Compiling utf8_iter v1.0.4
   Compiling bytes v1.12.1
   Compiling slab v0.4.12
   Compiling num-conv v0.1.0
   Compiling futures-task v0.3.34
   Compiling time-core v0.1.7
   Compiling futures-util v0.3.34
   Compiling lru v0.12.5
   Compiling syn v2.0.119
   Compiling syn v3.0.4
   Compiling core_maths v0.1.1
   Compiling castaway v0.2.4
   Compiling compact_str v0.8.2
   Compiling unicode-truncate v1.1.0
   Compiling errno v0.3.14
   Compiling mio v1.2.2
   Compiling num_threads v0.1.7
   Compiling time v0.3.45
   Compiling signal-hook-registry v1.4.8
   Compiling parking_lot v0.12.5
   Compiling signal-hook-mio v0.2.5
   Compiling crossterm v0.28.1
   Compiling synstructure v0.13.2
   Compiling darling_core v0.20.11
   Compiling zerovec-derive v0.11.6
   Compiling displaydoc v0.2.7
   Compiling serde_derive v1.0.229
   Compiling tokio-macros v2.7.2
   Compiling thiserror-impl v2.0.20
   Compiling zerofrom-derive v0.1.7
   Compiling yoke-derive v0.8.2
   Compiling strum_macros v0.26.4
   Compiling darling_macro v0.20.11
   Compiling zerotrie v0.2.5
   Compiling tokio v1.53.1
   Compiling darling v0.20.11
   Compiling zerofrom v0.1.8
   Compiling yoke v0.8.3
   Compiling zerovec v0.11.8
   Compiling strum v0.26.3
   Compiling ratatui v0.29.0
   Compiling tinystr v0.8.4
   Compiling potential_utf v0.1.6
   Compiling icu_collections v2.1.1
   Compiling icu_locale_core v2.1.1
   Compiling icu_provider v2.1.1
   Compiling icu_locale v2.1.1
   Compiling tui-textarea v0.7.0
   Compiling icu_segmenter v2.1.2
   Compiling minicore-tui v0.2.6 (/root/minicore-tui-027-RXdxEP/baseline-minicore-tui)
    Finished `dev` profile [optimized + debuginfo] target(s) in 44.54s
