   Compiling proc-macro2 v1.0.107
   Compiling unicode-ident v1.0.24
   Compiling quote v1.0.47
   Compiling stable_deref_trait v1.2.1
   Compiling libc v0.2.189
   Compiling writeable v0.6.4
   Compiling smallvec v1.15.2
   Compiling litemap v0.8.3
   Compiling rustversion v1.0.23
   Compiling serde_core v1.0.229
   Compiling equivalent v1.0.2
   Compiling parking_lot_core v0.9.12
   Compiling signal-hook v0.3.18
   Compiling icu_normalizer_data v2.1.1
   Compiling log v0.4.34
   Compiling strsim v0.11.1
   Compiling serde v1.0.229
   Compiling icu_properties_data v2.1.2
   Compiling cfg-if v1.0.4
   Compiling ident_case v1.0.1
   Compiling fnv v1.0.7
   Compiling rustix v0.38.44
   Compiling scopeguard v1.2.0
   Compiling bitflags v2.13.1
   Compiling linux-raw-sys v0.4.15
   Compiling libm v0.2.16
   Compiling instability v0.3.10
   Compiling lock_api v0.4.14
   Compiling icu_locale_data v2.1.2
   Compiling foldhash v0.1.5
   Compiling itoa v1.0.18
   Compiling futures-core v0.3.34
   Compiling either v1.18.0
   Compiling allocator-api2 v0.2.21
   Compiling paste v1.0.15
   Compiling heck v0.5.0
   Compiling static_assertions v1.1.0
   Compiling indoc v2.0.7
   Compiling hashbrown v0.17.1
   Compiling ryu v1.0.23
   Compiling unicode-segmentation v1.13.3
   Compiling utf8_iter v1.0.4
   Compiling zmij v1.0.23
   Compiling unicode-width v0.1.14
   Compiling icu_segmenter_data v2.1.1
   Compiling itertools v0.13.0
   Compiling thiserror v2.0.20
   Compiling winnow v0.7.15
   Compiling unicode-width v0.2.0
   Compiling serde_json v1.0.151
   Compiling pin-project-lite v0.2.17
   Compiling percent-encoding v2.3.2
   Compiling hashbrown v0.15.5
   Compiling powerfmt v0.2.0
   Compiling toml_write v0.1.2
   Compiling memchr v2.8.3
   Compiling pulldown-cmark v0.12.2
   Compiling cassowary v0.3.0
   Compiling deranged v0.5.8
   Compiling form_urlencoded v1.2.2
   Compiling time-core v0.1.7
   Compiling num_threads v0.1.7
   Compiling slab v0.4.12
   Compiling indexmap v2.14.1
   Compiling bytes v1.12.1
   Compiling unicase v2.9.0
   Compiling num-conv v0.1.0
   Compiling futures-task v0.3.34
   Compiling futures-util v0.3.34
   Compiling syn v2.0.119
   Compiling syn v3.0.4
   Compiling lru v0.12.5
   Compiling core_maths v0.1.1
   Compiling castaway v0.2.4
   Compiling compact_str v0.8.2
   Compiling errno v0.3.14
   Compiling mio v1.2.2
   Compiling unicode-truncate v1.1.0
   Compiling signal-hook-registry v1.4.8
   Compiling time v0.3.45
   Compiling parking_lot v0.12.5
   Compiling signal-hook-mio v0.2.5
   Compiling crossterm v0.28.1
   Compiling synstructure v0.13.2
   Compiling darling_core v0.20.11
   Compiling zerovec-derive v0.11.6
   Compiling displaydoc v0.2.7
   Compiling serde_derive v1.0.229
   Compiling thiserror-impl v2.0.20
   Compiling tokio-macros v2.7.2
   Compiling zerofrom-derive v0.1.7
   Compiling yoke-derive v0.8.2
   Compiling strum_macros v0.26.4
   Compiling darling_macro v0.20.11
   Compiling tokio v1.53.1
   Compiling darling v0.20.11
   Compiling zerofrom v0.1.8
   Compiling yoke v0.8.3
   Compiling zerovec v0.11.8
   Compiling zerotrie v0.2.5
   Compiling strum v0.26.3
   Compiling ratatui v0.29.0
   Compiling tinystr v0.8.4
   Compiling potential_utf v0.1.6
   Compiling icu_collections v2.1.1
   Compiling icu_locale_core v2.1.1
   Compiling serde_spanned v0.6.9
   Compiling toml_datetime v0.6.11
   Compiling toml_edit v0.22.27
   Compiling icu_provider v2.1.1
   Compiling icu_normalizer v2.1.1
   Compiling icu_properties v2.1.2
   Compiling icu_locale v2.1.1
   Compiling tui-textarea v0.7.0
   Compiling icu_segmenter v2.1.2
   Compiling toml v0.8.23
   Compiling idna_adapter v1.2.1
   Compiling idna v1.1.0
   Compiling url v2.5.4
   Compiling minicore-tui v0.2.6 (/root/minicore-tui-027-RXdxEP/minicore-tui)
    Finished `test` profile [unoptimized + debuginfo] target(s) in 36.28s
     Running unittests src/lib.rs (/root/minicore-tui-027-RXdxEP/target-linux/debug/deps/minicore_tui-1e6baba6fdebb07a)

running 8 tests

thread 'terminal::writer_tests::drop_does_not_emit_pending_frame_after_emergency_restore' (1050767) panicked at src/terminal/writer_tests.rs:65:5:
assertion `left == right` failed
  left: [83, 84, 65, 76, 69, 95, 70, 82, 65, 77, 69, 82, 69, 83, 84, 79, 82, 69, 68]
 right: [82, 69, 83, 84, 79, 82, 69, 68]
note: run with `RUST_BACKTRACE=1` environment variable to display a backtrace

thread 'terminal::writer_tests::discard_prevents_ratatui_drop_from_flushing_a_stale_frame' (1050766) panicked at src/terminal/writer_tests.rs:160:5:
assertion `left == right` failed
  left: [83, 84, 65, 76, 69, 95, 70, 82, 65, 77, 69, 82, 69, 83, 84, 79, 82, 69, 68, 27, 91, 63, 50, 53, 104]
 right: [82, 69, 83, 84, 79, 82, 69, 68, 27, 91, 63, 50, 53, 104]

thread 'terminal::writer_tests::failed_write_on_flush_is_reported_without_drop_retry' (1050768) panicked at src/terminal/writer_tests.rs:73:40:
called `Result::unwrap()` on an `Err` value: Kind(BrokenPipe)
test terminal::writer_tests::discard_prevents_ratatui_drop_from_flushing_a_stale_frame ... FAILED
test terminal::writer_tests::drop_does_not_emit_pending_frame_after_emergency_restore ... FAILED
test terminal::writer_tests::failed_write_on_flush_is_reported_without_drop_retry ... FAILED
test terminal::writer_tests::interrupted_and_short_writes_preserve_every_byte ... ok
test terminal::writer_tests::underlying_flush_error_is_not_swallowed ... ok

thread 'terminal::writer_tests::small_writes_are_batched_until_explicit_flush' (1050771) panicked at src/terminal/writer_tests.rs:51:5:
assertion `left == right` failed: small terminal writes must stay buffered
  left: 2000
 right: 0
test terminal::writer_tests::small_writes_are_batched_until_explicit_flush ... FAILED
test terminal::writer_tests::large_writes_are_not_truncated ... ok

thread 'terminal::writer_tests::crossterm_bytes_match_with_far_fewer_underlying_writes' (1050765) panicked at src/terminal/writer_tests.rs:139:5:
buffered writes: 3801
test terminal::writer_tests::crossterm_bytes_match_with_far_fewer_underlying_writes ... FAILED

failures:

failures:
    terminal::writer_tests::crossterm_bytes_match_with_far_fewer_underlying_writes
    terminal::writer_tests::discard_prevents_ratatui_drop_from_flushing_a_stale_frame
    terminal::writer_tests::drop_does_not_emit_pending_frame_after_emergency_restore
    terminal::writer_tests::failed_write_on_flush_is_reported_without_drop_retry
    terminal::writer_tests::small_writes_are_batched_until_explicit_flush

test result: FAILED. 3 passed; 5 failed; 0 ignored; 0 measured; 310 filtered out; finished in 0.00s

error: test failed, to rerun pass `--lib`
