{
  "terminal": "iTerm2 3.6.11",
  "window_id": 70608,
  "evidence_dir": "/var/folders/zw/gcpf3t91243dhn6z3bb278s00000gn/T/minicore-stream-smooth-iterm-85su3z5r/evidence",
  "expect_fixed": false,
  "tui_sha256": "6b043417e4806079f46e26177b513e934eee9592c4bef8171fc902d4b0162330",
  "agent_sha256": "6bc756105b8abad15c24e43249e07e320d382c1341a5f90ac45a28396989d788",
  "pixel_screenshots": "UNVERIFIED; protected iTerm windows, no screenshot attempt or replacement",
  "agent_version": "0.3.3",
  "live_tool_click_collapses": false,
  "status": "FAIL",
  "error": "both instructions answered: timeout",
  "checks": [
    "same-part tokens concatenate; distinct summary parts without raw newlines occupy three native rows",
    "two rapid steers appear in dock queue above Working, with a blank gap, not as User cards",
    "Option+Up withdraws unsent beta; resubmission keeps both entries and changes only local identity"
  ],
  "captures": [
    {
      "name": "01-thinking-part-boundaries",
      "dimensions": "100, 32"
    },
    {
      "name": "01b-live-tool-click",
      "dimensions": "100, 32"
    },
    {
      "name": "02-two-queued-steers",
      "dimensions": "100, 32"
    },
    {
      "name": "03-queued-60x16",
      "dimensions": "60, 16"
    },
    {
      "name": "04-alpha-applied-beta-queued",
      "dimensions": "100, 32"
    }
  ],
  "requests": [
    {
      "model": "verify-a",
      "effort": "high",
      "alpha": false,
      "beta": false,
      "alpha_answer": false
    },
    {
      "model": "verify-a",
      "effort": "high",
      "alpha": true,
      "beta": false,
      "alpha_answer": false
    },
    {
      "model": "verify-a",
      "effort": "high",
      "alpha": true,
      "beta": true,
      "alpha_answer": true
    }
  ],
  "tui_version": "minicore-tui 0.2.8",
  "note": "Native iTerm2 screen text and input + real Agent/loopback. No user config or Store; no external provider."
}
Traceback (most recent call last):
  File "/tmp/minicore-tui-stream-smooth.EmJatp/native_driver.py", line 269, in <module>
    text = wait(has('DONE_ALPHA', 'DONE_BETA', 'ready'), 'both instructions answered', seconds=25)
  File "/tmp/minicore-tui-stream-smooth.EmJatp/native_driver.py", line 166, in wait
    raise AssertionError(label + ': timeout')
AssertionError: both instructions answered: timeout
