    Checking stable_deref_trait v1.2.1
    Checking writeable v0.6.4
    Checking litemap v0.8.3
    Checking smallvec v1.15.2
    Checking cfg-if v1.0.4
    Checking equivalent v1.0.2
    Checking bitflags v2.13.1
    Checking log v0.4.34
    Checking linux-raw-sys v0.4.15
    Checking scopeguard v1.2.0
    Checking allocator-api2 v0.2.21
    Checking libc v0.2.189
    Checking itoa v1.0.18
    Checking serde_core v1.0.229
    Checking either v1.18.0
    Checking foldhash v0.1.5
    Checking futures-core v0.3.34
    Checking castaway v0.2.4
    Checking zerofrom v0.1.8
    Checking unicode-width v0.1.14
    Checking unicode-segmentation v1.13.3
    Checking hashbrown v0.17.1
    Checking utf8_iter v1.0.4
    Checking ryu v1.0.23
    Checking static_assertions v1.1.0
    Checking libm v0.2.16
    Checking icu_locale_data v2.1.2
    Checking lock_api v0.4.14
    Checking strum v0.26.3
    Checking yoke v0.8.3
    Checking icu_properties_data v2.1.2
    Checking icu_normalizer_data v2.1.1
    Checking pin-project-lite v0.2.17
    Checking cassowary v0.3.0
    Checking memchr v2.8.3
    Checking toml_write v0.1.2
    Checking powerfmt v0.2.0
    Checking unicode-width v0.2.0
    Checking winnow v0.7.15
    Checking zmij v1.0.23
    Checking icu_segmenter_data v2.1.1
    Checking num-conv v0.1.0
    Checking itertools v0.13.0
    Checking time-core v0.1.7
    Checking bytes v1.12.1
    Checking compact_str v0.8.2
    Checking num_threads v0.1.7
    Checking zerovec v0.11.8
    Checking zerotrie v0.2.5
    Checking once_cell v1.21.4
    Checking deranged v0.5.8
    Checking unicase v2.9.0
    Checking fastrand v2.5.0
    Checking slab v0.4.12
    Checking futures-task v0.3.34
    Checking hashbrown v0.15.5
    Checking thiserror v2.0.20
    Checking percent-encoding v2.3.2
    Checking base64 v0.22.1
    Checking futures-util v0.3.34
    Checking form_urlencoded v1.2.2
    Checking rustix v0.38.44
    Checking pulldown-cmark v0.12.2
    Checking indexmap v2.14.1
    Checking lru v0.12.5
    Checking errno v0.3.14
    Checking mio v1.2.2
    Checking parking_lot_core v0.9.12
    Checking signal-hook-registry v1.4.8
    Checking parking_lot v0.12.5
    Checking signal-hook v0.3.18
    Checking tinystr v0.8.4
    Checking potential_utf v0.1.6
    Checking core_maths v0.1.1
    Checking icu_collections v2.1.1
    Checking icu_locale_core v2.1.1
    Checking unicode-truncate v1.1.0
    Checking signal-hook-mio v0.2.5
    Checking tokio v1.53.1
    Checking time v0.3.45
    Checking serde v1.0.229
    Checking serde_json v1.0.151
    Checking icu_provider v2.1.1
    Checking crossterm v0.28.1
    Checking tempfile v3.14.0
    Checking icu_locale v2.1.1
    Checking icu_normalizer v2.1.1
    Checking icu_properties v2.1.2
    Checking toml_datetime v0.6.11
    Checking serde_spanned v0.6.9
    Checking toml_edit v0.22.27
    Checking ratatui v0.29.0
    Checking icu_segmenter v2.1.2
    Checking idna_adapter v1.2.1
    Checking idna v1.1.0
    Checking url v2.5.4
    Checking toml v0.8.23
    Checking tui-textarea v0.7.0
    Checking minicore-tui v0.3.0 (/root/minicore-tui-closeout-20261003/src-close2-final-c70c73c4)
    Finished `dev` profile [optimized + debuginfo] target(s) in 30.63s
