   Compiling proc-macro2 v1.0.107
   Compiling quote v1.0.47
   Compiling unicode-ident v1.0.24
   Compiling libc v0.2.189
   Compiling memchr v2.8.3
   Compiling pin-project-lite v0.2.17
   Compiling cfg-if v1.0.4
   Compiling futures-core v0.3.34
   Compiling stable_deref_trait v1.2.1
   Compiling bytes v1.10.1
   Compiling futures-sink v0.3.34
   Compiling serde_core v1.0.229
   Compiling futures-task v0.3.34
   Compiling futures-io v0.3.34
   Compiling shlex v2.0.1
   Compiling itoa v1.0.18
   Compiling slab v0.4.12
   Compiling find-msvc-tools v0.1.11
   Compiling smallvec v1.16.0
   Compiling serde v1.0.229
   Compiling zeroize v1.9.0
   Compiling once_cell v1.21.4
   Compiling litemap v0.8.3
   Compiling writeable v0.6.4
   Compiling version_check v0.9.5
   Compiling icu_normalizer_data v2.1.1
   Compiling icu_properties_data v2.1.2
   Compiling httparse v1.10.1
   Compiling futures-channel v0.3.34
   Compiling regex-syntax v0.8.11
   Compiling untrusted v0.9.0
   Compiling log v0.4.34
   Compiling zmij v1.0.23
   Compiling cc v1.4.4
   Compiling rustls-pki-types v1.15.1
   Compiling try-lock v0.2.5
   Compiling tracing-core v0.1.36
   Compiling crossbeam-utils v0.8.23
   Compiling typenum v1.20.1
   Compiling rustls v0.23.43
   Compiling want v0.3.1
   Compiling tower-service v0.3.3
   Compiling serde_json v1.0.151
   Compiling crossbeam-epoch v0.9.21
   Compiling hashbrown v0.17.1
   Compiling subtle v2.6.1
   Compiling atomic-waker v1.1.2
   Compiling generic-array v0.14.7
   Compiling percent-encoding v2.3.2
   Compiling equivalent v1.0.2
   Compiling cfg_aliases v0.2.2
   Compiling getrandom v0.3.3
   Compiling utf8_iter v1.0.4
   Compiling thiserror v2.0.20
   Compiling nix v0.29.0
   Compiling crossbeam-deque v0.8.8
   Compiling form_urlencoded v1.2.2
   Compiling aho-corasick v1.1.5
   Compiling bstr v1.13.1
   Compiling sync_wrapper v1.0.2
   Compiling http v1.5.0
   Compiling webpki-roots v1.0.9
   Compiling toml_write v0.1.2
   Compiling winnow v0.7.15
   Compiling same-file v1.0.6
   Compiling tower-layer v0.3.3
   Compiling lazy_static v1.5.0
   Compiling bitflags v2.13.2
   Compiling ryu v1.0.23
   Compiling walkdir v2.5.0
   Compiling sharded-slab v0.1.7
   Compiling webpki-roots v0.26.11
   Compiling tracing-log v0.2.0
   Compiling rustls-pemfile v2.2.0
   Compiling thread_local v1.1.10
   Compiling nu-ansi-term v0.50.3
   Compiling cpufeatures v0.2.17
   Compiling ipnet v2.12.1
   Compiling base64 v0.22.1
   Compiling mime v0.3.17
   Compiling similar v2.7.0
   Compiling httpdate v1.0.3
   Compiling indexmap v2.14.1
   Compiling syn v3.0.4
   Compiling syn v2.0.119
   Compiling ring v0.17.14
   Compiling http-body v1.1.0
   Compiling http-body-util v0.1.5
   Compiling block-buffer v0.10.4
   Compiling crypto-common v0.1.7
   Compiling digest v0.10.7
   Compiling sha2 v0.10.9
   Compiling regex-automata v0.4.18
   Compiling errno v0.3.14
   Compiling mio v1.2.3
   Compiling socket2 v0.6.5
   Compiling getrandom v0.2.17
   Compiling signal-hook-registry v1.4.8
   Compiling synstructure v0.13.2
   Compiling zerovec-derive v0.11.6
   Compiling displaydoc v0.2.7
   Compiling tokio-macros v2.7.2
   Compiling serde_derive v1.0.229
   Compiling thiserror-impl v2.0.20
   Compiling globset v0.4.19
   Compiling matchers v0.2.0
   Compiling regex v1.11.1
   Compiling rustls-webpki v0.103.15
   Compiling ignore v0.4.23
   Compiling zerofrom-derive v0.1.7
   Compiling yoke-derive v0.8.2
   Compiling futures-macro v0.3.33
   Compiling tracing-attributes v0.1.31
   Compiling tokio v1.53.1
   Compiling futures-util v0.3.33
   Compiling tracing v0.1.44
   Compiling zerofrom v0.1.8
   Compiling yoke v0.8.3
   Compiling tracing-subscriber v0.3.23
   Compiling zerovec v0.11.8
   Compiling zerotrie v0.2.5
   Compiling tinystr v0.8.4
   Compiling potential_utf v0.1.6
   Compiling icu_collections v2.1.1
   Compiling icu_locale_core v2.1.1
   Compiling toml_datetime v0.6.11
   Compiling serde_spanned v0.6.9
   Compiling serde_urlencoded v0.7.1
   Compiling toml_edit v0.22.27
   Compiling icu_provider v2.1.1
   Compiling icu_properties v2.1.2
   Compiling icu_normalizer v2.1.1
   Compiling futures-executor v0.3.33
   Compiling futures v0.3.33
   Compiling idna_adapter v1.2.1
   Compiling idna v1.1.0
   Compiling url v2.5.8
   Compiling toml v0.8.23
   Compiling hyper v1.11.1
   Compiling tokio-rustls v0.26.4
   Compiling tokio-util v0.7.19
   Compiling tower v0.5.3
   Compiling process-wrap v8.2.0
   Compiling minicore-runtime v0.4.1 (https://github.com/zqcli/minicore-runtime?rev=6cd2bdbc634437dea925495c61c7eb0be10ba171#6cd2bdbc)
   Compiling hyper-util v0.1.20
   Compiling hyper-rustls v0.27.9
   Compiling reqwest v0.12.12
   Compiling minicore-agent v0.5.0 (/root/minicore-tui-v03-refactor/agent)
    Finished `dev` profile [unoptimized + debuginfo] target(s) in 33.89s
