{
  "terminal": "iTerm2 3.6.11",
  "window_id": 74606,
  "evidence_dir": "/var/folders/zw/gcpf3t91243dhn6z3bb278s00000gn/T/minicore-stream-smooth-iterm-eu2jbdi4/evidence",
  "expect_fixed": true,
  "tui_sha256": "998b10c1a8745116ebdb7254bad43530b74533ce3673f7a4a81cf0d5fc2bce14",
  "agent_sha256": "443b88b385d778a41303540f940718cf85968a375ca0f334437f9ff42c4703e6",
  "pixel_screenshots": "UNVERIFIED; protected iTerm windows, no screenshot attempt or replacement",
  "agent_version": "0.3.3",
  "live_tool_click_collapses": true,
  "cpu_dimensions": "220, 53",
  "idle_cpu": {
    "start_epoch_ms": 1789242624265,
    "end_epoch_ms": 1789242626267,
    "wall_seconds": 2.006,
    "tui_cpu_seconds": 0.01,
    "agent_cpu_seconds": 0.0,
    "tui_cpu_percent_one_core": 0.499
  },
  "busy_cpu": [
    {
      "start_epoch_ms": 1789242627213,
      "end_epoch_ms": 1789242635211,
      "wall_seconds": 8.006,
      "tui_cpu_seconds": 0.1,
      "agent_cpu_seconds": 0.0,
      "tui_cpu_percent_one_core": 1.249
    },
    {
      "start_epoch_ms": 1789242635229,
      "end_epoch_ms": 1789242643225,
      "wall_seconds": 8.001,
      "tui_cpu_seconds": 0.11,
      "agent_cpu_seconds": 0.0,
      "tui_cpu_percent_one_core": 1.375
    },
    {
      "start_epoch_ms": 1789242643242,
      "end_epoch_ms": 1789242651247,
      "wall_seconds": 8.007,
      "tui_cpu_seconds": 0.1,
      "agent_cpu_seconds": 0.0,
      "tui_cpu_percent_one_core": 1.249
    }
  ],
  "held_spinner": {
    "samples": [
      {
        "at": 1789242651401,
        "glyph": "\u2838"
      },
      {
        "at": 1789242651425,
        "glyph": "\u2838"
      },
      {
        "at": 1789242651448,
        "glyph": "\u283c"
      },
      {
        "at": 1789242651473,
        "glyph": "\u283c"
      },
      {
        "at": 1789242651494,
        "glyph": "\u283c"
      },
      {
        "at": 1789242651516,
        "glyph": "\u283c"
      },
      {
        "at": 1789242651544,
        "glyph": "\u2834"
      },
      {
        "at": 1789242651567,
        "glyph": "\u2834"
      },
      {
        "at": 1789242651593,
        "glyph": "\u2834"
      },
      {
        "at": 1789242651615,
        "glyph": "\u2834"
      },
      {
        "at": 1789242651636,
        "glyph": "\u2826"
      },
      {
        "at": 1789242651657,
        "glyph": "\u2826"
      },
      {
        "at": 1789242651681,
        "glyph": "\u2826"
      },
      {
        "at": 1789242651702,
        "glyph": "\u2826"
      },
      {
        "at": 1789242651724,
        "glyph": "\u2826"
      },
      {
        "at": 1789242651750,
        "glyph": "\u2827"
      },
      {
        "at": 1789242651772,
        "glyph": "\u2827"
      },
      {
        "at": 1789242651796,
        "glyph": "\u2827"
      },
      {
        "at": 1789242651819,
        "glyph": "\u2827"
      },
      {
        "at": 1789242651844,
        "glyph": "\u2807"
      },
      {
        "at": 1789242651871,
        "glyph": "\u2807"
      },
      {
        "at": 1789242651894,
        "glyph": "\u2807"
      },
      {
        "at": 1789242651918,
        "glyph": "\u2807"
      },
      {
        "at": 1789242651944,
        "glyph": "\u280f"
      },
      {
        "at": 1789242651969,
        "glyph": "\u280f"
      },
      {
        "at": 1789242651995,
        "glyph": "\u280f"
      },
      {
        "at": 1789242652016,
        "glyph": "\u280f"
      },
      {
        "at": 1789242652042,
        "glyph": "\u280b"
      },
      {
        "at": 1789242652063,
        "glyph": "\u280b"
      },
      {
        "at": 1789242652087,
        "glyph": "\u280b"
      },
      {
        "at": 1789242652108,
        "glyph": "\u280b"
      },
      {
        "at": 1789242652134,
        "glyph": "\u280b"
      },
      {
        "at": 1789242652155,
        "glyph": "\u2819"
      },
      {
        "at": 1789242652180,
        "glyph": "\u2819"
      },
      {
        "at": 1789242652205,
        "glyph": "\u2819"
      },
      {
        "at": 1789242652227,
        "glyph": "\u2819"
      },
      {
        "at": 1789242652247,
        "glyph": "\u2839"
      },
      {
        "at": 1789242652272,
        "glyph": "\u2839"
      },
      {
        "at": 1789242652295,
        "glyph": "\u2839"
      },
      {
        "at": 1789242652318,
        "glyph": "\u2839"
      },
      {
        "at": 1789242652341,
        "glyph": "\u2839"
      },
      {
        "at": 1789242652367,
        "glyph": "\u2838"
      },
      {
        "at": 1789242652388,
        "glyph": "\u2838"
      },
      {
        "at": 1789242652412,
        "glyph": "\u2838"
      },
      {
        "at": 1789242652433,
        "glyph": "\u2838"
      },
      {
        "at": 1789242652455,
        "glyph": "\u283c"
      },
      {
        "at": 1789242652482,
        "glyph": "\u283c"
      },
      {
        "at": 1789242652509,
        "glyph": "\u283c"
      },
      {
        "at": 1789242652534,
        "glyph": "\u283c"
      },
      {
        "at": 1789242652555,
        "glyph": "\u2834"
      },
      {
        "at": 1789242652583,
        "glyph": "\u2834"
      },
      {
        "at": 1789242652608,
        "glyph": "\u2834"
      },
      {
        "at": 1789242652628,
        "glyph": "\u2834"
      },
      {
        "at": 1789242652655,
        "glyph": "\u2834"
      },
      {
        "at": 1789242652677,
        "glyph": "\u2826"
      },
      {
        "at": 1789242652703,
        "glyph": "\u2826"
      },
      {
        "at": 1789242652727,
        "glyph": "\u2826"
      },
      {
        "at": 1789242652748,
        "glyph": "\u2826"
      },
      {
        "at": 1789242652772,
        "glyph": "\u2827"
      },
      {
        "at": 1789242652798,
        "glyph": "\u2827"
      },
      {
        "at": 1789242652821,
        "glyph": "\u2827"
      },
      {
        "at": 1789242652844,
        "glyph": "\u2827"
      },
      {
        "at": 1789242652865,
        "glyph": "\u2807"
      },
      {
        "at": 1789242652888,
        "glyph": "\u2807"
      },
      {
        "at": 1789242652912,
        "glyph": "\u2807"
      },
      {
        "at": 1789242652936,
        "glyph": "\u2807"
      },
      {
        "at": 1789242652961,
        "glyph": "\u2807"
      },
      {
        "at": 1789242652983,
        "glyph": "\u280f"
      },
      {
        "at": 1789242653005,
        "glyph": "\u280f"
      },
      {
        "at": 1789242653026,
        "glyph": "\u280f"
      },
      {
        "at": 1789242653047,
        "glyph": "\u280f"
      },
      {
        "at": 1789242653067,
        "glyph": "\u280b"
      },
      {
        "at": 1789242653094,
        "glyph": "\u280b"
      },
      {
        "at": 1789242653115,
        "glyph": "\u280b"
      },
      {
        "at": 1789242653141,
        "glyph": "\u280b"
      },
      {
        "at": 1789242653164,
        "glyph": "\u280b"
      },
      {
        "at": 1789242653186,
        "glyph": "\u2819"
      },
      {
        "at": 1789242653210,
        "glyph": "\u2819"
      },
      {
        "at": 1789242653234,
        "glyph": "\u2819"
      },
      {
        "at": 1789242653260,
        "glyph": "\u2819"
      },
      {
        "at": 1789242653283,
        "glyph": "\u2839"
      },
      {
        "at": 1789242653305,
        "glyph": "\u2839"
      },
      {
        "at": 1789242653330,
        "glyph": "\u2839"
      },
      {
        "at": 1789242653353,
        "glyph": "\u2839"
      },
      {
        "at": 1789242653375,
        "glyph": "\u2838"
      },
      {
        "at": 1789242653395,
        "glyph": "\u2838"
      }
    ],
    "changes": 21,
    "duration_ms": 1994,
    "change_intervals_ms": [
      47,
      96,
      92,
      114,
      94,
      100,
      98,
      113,
      92,
      120,
      88,
      100,
      122,
      95,
      93,
      118,
      84,
      119,
      97,
      92
    ],
    "median_change_interval_ms": 96.5
  },
  "flood_spinner": {
    "samples": [
      {
        "at": 1789242653865,
        "glyph": "\u2827"
      },
      {
        "at": 1789242653884,
        "glyph": "\u2827"
      },
      {
        "at": 1789242653904,
        "glyph": "\u2807"
      },
      {
        "at": 1789242653925,
        "glyph": "\u2807"
      },
      {
        "at": 1789242653949,
        "glyph": "\u2807"
      },
      {
        "at": 1789242653980,
        "glyph": "\u2807"
      },
      {
        "at": 1789242654003,
        "glyph": "\u280f"
      },
      {
        "at": 1789242654027,
        "glyph": "\u280f"
      },
      {
        "at": 1789242654051,
        "glyph": "\u280f"
      },
      {
        "at": 1789242654071,
        "glyph": "\u280f"
      },
      {
        "at": 1789242654093,
        "glyph": "\u280f"
      },
      {
        "at": 1789242654117,
        "glyph": "\u280f"
      },
      {
        "at": 1789242654141,
        "glyph": "\u280b"
      },
      {
        "at": 1789242654161,
        "glyph": "\u280b"
      },
      {
        "at": 1789242654185,
        "glyph": "\u280b"
      },
      {
        "at": 1789242654208,
        "glyph": "\u280b"
      },
      {
        "at": 1789242654230,
        "glyph": "\u280b"
      },
      {
        "at": 1789242654254,
        "glyph": "\u2819"
      },
      {
        "at": 1789242654279,
        "glyph": "\u2819"
      },
      {
        "at": 1789242654302,
        "glyph": "\u2819"
      },
      {
        "at": 1789242654326,
        "glyph": "\u2819"
      },
      {
        "at": 1789242654349,
        "glyph": "\u2839"
      },
      {
        "at": 1789242654373,
        "glyph": "\u2839"
      },
      {
        "at": 1789242654396,
        "glyph": "\u2839"
      },
      {
        "at": 1789242654418,
        "glyph": "\u2838"
      },
      {
        "at": 1789242654441,
        "glyph": "\u2838"
      },
      {
        "at": 1789242654464,
        "glyph": "\u2838"
      },
      {
        "at": 1789242654489,
        "glyph": "\u2838"
      },
      {
        "at": 1789242654508,
        "glyph": "\u283c"
      },
      {
        "at": 1789242654532,
        "glyph": "\u283c"
      },
      {
        "at": 1789242654556,
        "glyph": "\u283c"
      },
      {
        "at": 1789242654577,
        "glyph": "\u283c"
      },
      {
        "at": 1789242654598,
        "glyph": "\u283c"
      },
      {
        "at": 1789242654618,
        "glyph": "\u2834"
      },
      {
        "at": 1789242654643,
        "glyph": "\u2834"
      },
      {
        "at": 1789242654667,
        "glyph": "\u2834"
      },
      {
        "at": 1789242654688,
        "glyph": "\u2834"
      },
      {
        "at": 1789242654711,
        "glyph": "\u2834"
      },
      {
        "at": 1789242654735,
        "glyph": "\u2834"
      },
      {
        "at": 1789242654756,
        "glyph": "\u2826"
      },
      {
        "at": 1789242654779,
        "glyph": "\u2826"
      },
      {
        "at": 1789242654802,
        "glyph": "\u2826"
      },
      {
        "at": 1789242654826,
        "glyph": "\u2827"
      },
      {
        "at": 1789242654851,
        "glyph": "\u2827"
      },
      {
        "at": 1789242654875,
        "glyph": "\u2827"
      },
      {
        "at": 1789242654895,
        "glyph": "\u2827"
      },
      {
        "at": 1789242654918,
        "glyph": "\u2807"
      },
      {
        "at": 1789242654942,
        "glyph": "\u2807"
      },
      {
        "at": 1789242654966,
        "glyph": "\u2807"
      },
      {
        "at": 1789242654989,
        "glyph": "\u2807"
      },
      {
        "at": 1789242655015,
        "glyph": "\u280f"
      },
      {
        "at": 1789242655037,
        "glyph": "\u280f"
      },
      {
        "at": 1789242655059,
        "glyph": "\u280f"
      },
      {
        "at": 1789242655083,
        "glyph": "\u280f"
      },
      {
        "at": 1789242655106,
        "glyph": "\u280f"
      },
      {
        "at": 1789242655125,
        "glyph": "\u280b"
      },
      {
        "at": 1789242655148,
        "glyph": "\u280b"
      },
      {
        "at": 1789242655170,
        "glyph": "\u280b"
      },
      {
        "at": 1789242655192,
        "glyph": "\u280b"
      },
      {
        "at": 1789242655217,
        "glyph": "\u280b"
      },
      {
        "at": 1789242655241,
        "glyph": "\u2819"
      },
      {
        "at": 1789242655261,
        "glyph": "\u2819"
      },
      {
        "at": 1789242655284,
        "glyph": "\u2819"
      },
      {
        "at": 1789242655312,
        "glyph": "\u2819"
      },
      {
        "at": 1789242655335,
        "glyph": "\u2819"
      },
      {
        "at": 1789242655358,
        "glyph": "\u2819"
      },
      {
        "at": 1789242655381,
        "glyph": "\u2839"
      },
      {
        "at": 1789242655403,
        "glyph": "\u2839"
      },
      {
        "at": 1789242655426,
        "glyph": "\u2838"
      },
      {
        "at": 1789242655449,
        "glyph": "\u2838"
      },
      {
        "at": 1789242655471,
        "glyph": "\u2838"
      },
      {
        "at": 1789242655496,
        "glyph": "\u2838"
      },
      {
        "at": 1789242655517,
        "glyph": "\u283c"
      },
      {
        "at": 1789242655539,
        "glyph": "\u283c"
      },
      {
        "at": 1789242655564,
        "glyph": "\u283c"
      },
      {
        "at": 1789242655589,
        "glyph": "\u283c"
      },
      {
        "at": 1789242655611,
        "glyph": "\u283c"
      },
      {
        "at": 1789242655630,
        "glyph": "\u2834"
      },
      {
        "at": 1789242655653,
        "glyph": "\u2834"
      },
      {
        "at": 1789242655676,
        "glyph": "\u2834"
      },
      {
        "at": 1789242655699,
        "glyph": "\u2834"
      },
      {
        "at": 1789242655722,
        "glyph": "\u2834"
      },
      {
        "at": 1789242655747,
        "glyph": "\u2834"
      },
      {
        "at": 1789242655770,
        "glyph": "\u2834"
      },
      {
        "at": 1789242655792,
        "glyph": "\u2826"
      },
      {
        "at": 1789242655813,
        "glyph": "\u2826"
      },
      {
        "at": 1789242655837,
        "glyph": "\u2826"
      },
      {
        "at": 1789242655861,
        "glyph": "\u2826"
      }
    ],
    "changes": 20,
    "duration_ms": 1996,
    "change_intervals_ms": [
      39,
      99,
      138,
      113,
      95,
      69,
      90,
      110,
      138,
      70,
      92,
      97,
      110,
      116,
      140,
      45,
      91,
      113,
      162
    ],
    "median_change_interval_ms": 99
  },
  "scroll_cpu": [
    {
      "start_epoch_ms": 1789242657681,
      "end_epoch_ms": 1789242665681,
      "wall_seconds": 8.002,
      "tui_cpu_seconds": 0.28,
      "agent_cpu_seconds": 0.0,
      "tui_cpu_percent_one_core": 3.499,
      "injected_events": 200
    },
    {
      "start_epoch_ms": 1789242665698,
      "end_epoch_ms": 1789242673706,
      "wall_seconds": 8.008,
      "tui_cpu_seconds": 0.28,
      "agent_cpu_seconds": 0.0,
      "tui_cpu_percent_one_core": 3.496,
      "injected_events": 201
    },
    {
      "start_epoch_ms": 1789242673724,
      "end_epoch_ms": 1789242681728,
      "wall_seconds": 8.004,
      "tui_cpu_seconds": 0.28,
      "agent_cpu_seconds": 0.0,
      "tui_cpu_percent_one_core": 3.498,
      "injected_events": 200
    }
  ],
  "scroll_800_cpu_seconds": 1.11,
  "scroll_800_wall_seconds": 33.012,
  "scroll_input": {
    "events": 800,
    "period_seconds": 0.04,
    "reverse_every_events": 80,
    "injection_wall_seconds": 31.971,
    "measurements": "absolute 25Hz deadlines; 3 x 8 seconds after 0.5s settle; event timestamps recorded; sample separately"
  },
  "hover_200_input_seconds": 0.59,
  "hover_200_cpu_seconds": 0.0,
  "wheel_100_visible_seconds": 0.578,
  "wheel_100_cpu_seconds": 0.01,
  "drag_body_follows_before_release": true,
  "stationary_drag_cpu": {
    "start_epoch_ms": 1789242694257,
    "end_epoch_ms": 1789242696258,
    "wall_seconds": 2.001,
    "tui_cpu_seconds": 0.0,
    "agent_cpu_seconds": 0.0,
    "tui_cpu_percent_one_core": 0.0
  },
  "drag_cpu": [
    {
      "start_epoch_ms": 1789242696787,
      "end_epoch_ms": 1789242704789,
      "wall_seconds": 8.003,
      "tui_cpu_seconds": 0.13,
      "agent_cpu_seconds": 0.0,
      "tui_cpu_percent_one_core": 1.624,
      "injected_events": 200
    },
    {
      "start_epoch_ms": 1789242704807,
      "end_epoch_ms": 1789242712810,
      "wall_seconds": 8.003,
      "tui_cpu_seconds": 0.12,
      "agent_cpu_seconds": 0.0,
      "tui_cpu_percent_one_core": 1.5,
      "injected_events": 201
    },
    {
      "start_epoch_ms": 1789242712827,
      "end_epoch_ms": 1789242720834,
      "wall_seconds": 8.007,
      "tui_cpu_seconds": 0.13,
      "agent_cpu_seconds": 0.0,
      "tui_cpu_percent_one_core": 1.624,
      "injected_events": 200
    }
  ],
  "drag_distinct_windows_including_scrollbar": 12,
  "drag_distinct_body_windows": 12,
  "status": "PASS",
  "checks": [
    "same-part tokens concatenate; distinct summary parts without raw newlines occupy three native rows",
    "two rapid steers appear in dock queue above Working, with a blank gap, not as User cards",
    "Option+Up withdraws unsent beta; resubmission keeps both entries and changes only local identity",
    "request alpha excludes beta; request beta follows alpha answer; both history entries appear exactly once",
    "existing immediate-footer max selection remains intact without another user turn",
    "idle and held request 2s controls, changing Working display, owned-process CPU only; input remains responsive",
    "800 paced bidirectional wheel events; continuous-scroll CPU measured for 3x8s; input drain marker and tail confirmed",
    "long history: 200 hover events preserve responsive input; 100 wheel events scroll; scrollbar drag reaches beginning",
    "native TUI exits zero and restores its shell"
  ],
  "captures": [
    {
      "name": "01-thinking-part-boundaries",
      "dimensions": "100, 32"
    },
    {
      "name": "01b-live-tool-click",
      "dimensions": "100, 32"
    },
    {
      "name": "02-two-queued-steers",
      "dimensions": "100, 32"
    },
    {
      "name": "03-queued-60x16",
      "dimensions": "60, 16"
    },
    {
      "name": "04-alpha-applied-beta-queued",
      "dimensions": "100, 32"
    },
    {
      "name": "05-both-completed",
      "dimensions": "100, 32"
    },
    {
      "name": "06-footer-max",
      "dimensions": "100, 32"
    },
    {
      "name": "07-long-history-tail",
      "dimensions": "100, 32"
    },
    {
      "name": "08-cpu-idle-wide",
      "dimensions": "220, 53"
    },
    {
      "name": "09-cpu-busy-wide",
      "dimensions": "220, 53"
    },
    {
      "name": "10-continuous-scroll-wide",
      "dimensions": "220, 53"
    },
    {
      "name": "08-long-history-scrolled",
      "dimensions": "100, 32"
    },
    {
      "name": "09a-drag-before-release",
      "dimensions": "100, 32"
    },
    {
      "name": "09-long-history-drag-top",
      "dimensions": "100, 32"
    }
  ],
  "requests": [
    {
      "model": "verify-a",
      "effort": "high",
      "alpha": false,
      "beta": false,
      "alpha_answer": false
    },
    {
      "model": "verify-a",
      "effort": "high",
      "alpha": true,
      "beta": false,
      "alpha_answer": false
    },
    {
      "model": "verify-a",
      "effort": "high",
      "alpha": true,
      "beta": true,
      "alpha_answer": true
    },
    {
      "model": "verify-a",
      "effort": "max",
      "alpha": true,
      "beta": true,
      "alpha_answer": true
    },
    {
      "model": "verify-a",
      "effort": "max",
      "alpha": true,
      "beta": true,
      "alpha_answer": true,
      "flood_deltas": 246
    }
  ],
  "tui_version": "minicore-tui 0.2.8",
  "note": "Native iTerm2 screen text and input + real Agent/loopback. No user config or Store; no external provider."
}
