   Compiling smallvec v1.15.2
   Compiling zerotrie v0.2.5
   Compiling icu_properties_data v2.1.2
   Compiling icu_normalizer_data v2.1.1
   Compiling hashbrown v0.17.1
   Compiling toml_datetime v0.6.11
   Compiling parking_lot_core v0.9.12
   Compiling icu_provider v2.1.1
   Compiling parking_lot v0.12.5
   Compiling indexmap v2.14.1
   Compiling crossterm v0.28.1
   Compiling icu_normalizer v2.1.1
   Compiling icu_properties v2.1.2
   Compiling ratatui v0.29.0
   Compiling icu_locale v2.1.1
   Compiling idna_adapter v1.2.1
   Compiling serde_spanned v0.6.9
   Compiling winnow v0.7.15
   Compiling icu_segmenter v2.1.2
   Compiling tui-textarea v0.7.0
   Compiling toml_write v0.1.2
   Compiling percent-encoding v2.3.2
   Compiling form_urlencoded v1.2.2
   Compiling toml_edit v0.22.27
   Compiling minicore-tui v0.2.8 (/root/minicore-followups.6Dpa6e/reload-refresh/source/minicore-tui)
   Compiling idna v1.1.0
   Compiling url v2.5.4
   Compiling toml v0.8.23
    Finished `dev` profile [optimized + debuginfo] target(s) in 33.83s
