Last login: Sat Sep  5 22:12:52 on ttys005 
python3 /tmp/minicore-025.PdlDub/native_driver.py > /tmp/minicore-025.PdlDub/native-debug.log 2>&1; printf '\nNATIVE_DRIVER_EXIT=%s\n' "$?" >> /tmp/minicore-025
.PdlDub/native-debug.log 
➜  ~ python3 /tmp/minicore-025.PdlDub/native_driver.py > /tmp/minicore-025.PdlDu
b/native-debug.log 2>&1; printf '\nNATIVE_DRIVER_EXIT=%s\n' "$?" >> /tmp/minicor
e-025.PdlDub/native-debug.log 
➜  ~ python3 /tmp/minicore-025.PdlDub/native_driver.py > /tmp/minicore-025.PdlDu
b/native-debug-r2.log 2>&1; printf '\nNATIVE_DRIVER_EXIT=%s\n' "$?" >> /tmp/mini
core-025.PdlDub/native-debug-r2.log 
➜  ~ python3 /tmp/minicore-025.PdlDub/native_driver.py > /tmp/minicore-025.PdlDu
b/native-debug-final.log 2>&1; printf '\nNATIVE_DRIVER_EXIT=%s\n' "$?" >> /tmp/m
inicore-025.PdlDub/native-debug-final.log; MINICORE_VERIFY_TUI=/tmp/minicore-025
.PdlDub/before-release-minicore-tui python3 /tmp/minicore-025.PdlDub/native_driv
er.py > /tmp/minicore-025.PdlDub/native-before-release.log 2>&1; printf '\nNATIV
E_DRIVER_EXIT=%s\n' "$?" >> /tmp/minicore-025.PdlDub/native-before-release.log; 
MINICORE_VERIFY_TUI=/Users/zzq/Develops/minicore-tui/target/release/minicore-tui
 python3 /tmp/minicore-025.PdlDub/native_driver.py > /tmp/minicore-025.PdlDub/na
tive-release-final.log 2>&1; printf '\nNATIVE_DRIVER_EXIT=%s\n' "$?" >> /tmp/min
icore-025.PdlDub/native-release-final.log 
➜  ~ test -t 0 && test -t 1 && printf 'NATIVE_TTY_STREAMS_OK\n'; /Users/zzq/Deve
lops/minicore-tui/target/debug/deps/terminal_restore-bc70370f29b9e9fc real_pty_e
nter_and_restore_round_trip --ignored --exact --nocapture; printf '\nNATIVE_PTY_
EXIT=%s\n' "$?" 
NATIVE_TTY_STREAMS_OK 
 
running 1 test 
test real_pty_enter_and_restore_round_trip ... ok 
 
test result: ok. 1 passed; 0 failed; 0 ignored; 0 measured; 5 filtered out; finished in 0.00s 
 
 
NATIVE_PTY_EXIT=0 
➜  ~  

