src/app.rs: FAILED
src/app/ui_actions.rs: OK
src/args.rs: OK
src/clipboard.rs: OK
src/command.rs: OK
src/error.rs: OK
src/event.rs: OK
src/keymap.rs: OK
src/lib.rs: OK
src/main.rs: OK
src/markdown.rs: OK
src/protocol.rs: OK
src/rpc.rs: FAILED
src/state/catalog.rs: OK
src/state/composer.rs: OK
src/state/mod.rs: OK
src/state/selection.rs: OK
src/state/session.rs: OK
src/state/tool.rs: OK
src/state/transcript.rs: OK
src/state/turn.rs: OK
src/state/view.rs: OK
src/terminal.rs: FAILED
src/theme.rs: OK
src/ui/assistant.rs: OK
src/ui/component_tests.rs: OK
src/ui/composer.rs: OK
src/ui/editor_layout.rs: OK
src/ui/error.rs: OK
src/ui/footer.rs: OK
src/ui/header.rs: OK
src/ui/help.rs: OK
src/ui/layout.rs: OK
src/ui/logs.rs: OK
src/ui/mod.rs: OK
src/ui/new_session.rs: OK
src/ui/rail.rs: OK
src/ui/reasoning.rs: OK
src/ui/render_cache_tests.rs: OK
src/ui/scrollbar.rs: OK
src/ui/section_gap_tests.rs: OK
src/ui/selector.rs: OK
src/ui/settings_footer_steer_tests.rs: OK
src/ui/snapshots.rs: OK
src/ui/status.rs: OK
src/ui/steer_queue.rs: OK
src/ui/testapp.rs: OK
src/ui/tool.rs: OK
src/ui/transcript.rs: OK
src/ui/user.rs: OK
tests/agent_e2e.rs: OK
tests/agent_process.rs: OK
tests/app_flow.rs: OK
tests/protocol.rs: OK
tests/rail_fixtures.rs: OK
tests/render_snapshots.rs: OK
tests/rpc_io.rs: OK
tests/terminal_restore.rs: FAILED
tests/word_oracle.rs: OK
shasum: WARNING: 4 computed checksums did NOT match
