Cargo.lock: OK
Cargo.toml: OK
src/agent_loop/control.rs: OK
src/agent_loop/event.rs: OK
src/agent_loop/handle.rs: OK
src/agent_loop/mod.rs: OK
src/agent_loop/runner.rs: OK
src/agent_loop/runner/model.rs: OK
src/agent_loop/runner/tests.rs: OK
src/agent_loop/runner/tools.rs: OK
src/agent_loop/state.rs: OK
src/error.rs: OK
src/execution.rs: OK
src/history.rs: OK
src/ids.rs: OK
src/interaction.rs: OK
src/lib.rs: OK
src/limits.rs: OK
src/model/driver.rs: OK
src/model/driver/assembler.rs: OK
src/model/driver/failure.rs: OK
src/model/driver/tests.rs: OK
src/model/driver/tests/assembly.rs: OK
src/model/driver/tests/cancellation.rs: OK
src/model/driver/tests/deadline.rs: OK
src/model/driver/tests/preflight_progress.rs: OK
src/model/driver/tests/retry.rs: OK
src/model/driver/tests/semantics.rs: OK
src/model/driver/tests/settlement.rs: OK
src/model/mod.rs: OK
src/model/model.rs: OK
src/model/response.rs: OK
src/model/types.rs: OK
src/port_call.rs: OK
src/prompt.rs: OK
src/time.rs: OK
src/tools/context.rs: OK
src/tools/input.rs: OK
src/tools/mod.rs: OK
src/tools/policy.rs: OK
src/tools/progress.rs: OK
src/tools/set.rs: OK
src/tools/tool.rs: OK
src/tools/types.rs: OK
src/usage.rs: OK
src/value.rs: OK
