.cargo/config.toml: OK
Cargo.lock: OK
Cargo.toml: OK
snapshots/chat_dark_80x24.txt: OK
snapshots/chat_light_80x24.txt: OK
snapshots/cjk_80x24.txt: OK
snapshots/close_user_dark_80x24.txt: OK
snapshots/close_user_light_120x40.txt: OK
snapshots/e2_file_dark_60x16.txt: OK
snapshots/e2_file_light_80x24.txt: OK
snapshots/e2_files_dark_80x24.txt: OK
snapshots/e2_grep_dark_120x40.txt: OK
snapshots/e3_changes_dark_120x40.txt: OK
snapshots/e3_changes_dark_60x16.txt: OK
snapshots/e3_changes_light_80x24.txt: OK
snapshots/e3_context_dark_120x40.txt: OK
snapshots/e3_context_dark_60x16.txt: OK
snapshots/e3_context_light_80x24.txt: OK
snapshots/e3_diff_dark_120x40.txt: OK
snapshots/e3_diff_dark_60x16.txt: OK
snapshots/e3_diff_light_80x24.txt: OK
snapshots/empty_dark_80x24.txt: OK
snapshots/empty_light_80x24.txt: OK
snapshots/empty_model_search_dark_80x24.txt: OK
snapshots/finishing_dark_80x24.txt: OK
snapshots/finishing_light_120x40.txt: OK
snapshots/help_dark_80x24.txt: OK
snapshots/help_light_120x40.txt: OK
snapshots/logs_dark_80x24.txt: OK
snapshots/model_selector_dark_80x24.txt: OK
snapshots/model_selector_light_120x40.txt: OK
snapshots/multiline_composer_dark_80x24.txt: OK
snapshots/narrow_model_selector_dark_60x16.txt: OK
snapshots/new_output_marker_dark_80x24.txt: OK
snapshots/new_session_dark_80x24.txt: OK
snapshots/new_session_light_120x40.txt: OK
snapshots/pending_model_dark_60x16.txt: OK
snapshots/pending_model_dark_80x24.txt: OK
snapshots/pending_model_light_120x40.txt: OK
snapshots/profile_selector_dark_80x24.txt: OK
snapshots/reasoning_hidden_80x24.txt: OK
snapshots/reasoning_selector_dark_80x24.txt: OK
snapshots/running_gap_80x24.txt: OK
snapshots/scroll_top_80x24.txt: OK
snapshots/search_query_dark_80x24.txt: OK
snapshots/session_selector_dark_80x24.txt: OK
snapshots/session_selector_light_120x40.txt: OK
snapshots/shutdown_cancel_result_dark_80x24.txt: OK
snapshots/small_50x10.txt: OK
snapshots/steering_dark_160x50.txt: OK
snapshots/steering_dark_60x16.txt: OK
snapshots/steering_dark_80x24.txt: OK
snapshots/steering_light_120x40.txt: OK
snapshots/store_error_dark_60x16.txt: OK
snapshots/store_error_dark_80x24.txt: OK
snapshots/store_error_light_120x40.txt: OK
snapshots/tools_80x24.txt: OK
snapshots/unknown_cancel_result_dark_80x24.txt: OK
snapshots/unsaved_gap_dark_160x50.txt: OK
snapshots/unsaved_gap_dark_60x16.txt: OK
snapshots/unsaved_gap_dark_80x24.txt: OK
snapshots/unsaved_gap_light_120x40.txt: OK
snapshots/wide_120x40.txt: OK
src/app.rs: OK
src/app/changes.rs: OK
src/app/changes_tests.rs: OK
src/app/context.rs: OK
src/app/context_tests.rs: OK
src/app/copy.rs: OK
src/app/export.rs: OK
src/app/history.rs: OK
src/app/panels.rs: OK
src/app/panels_tests.rs: OK
src/app/queries.rs: OK
src/app/scrollbar_tests.rs: OK
src/app/search.rs: OK
src/app/session.rs: OK
src/app/turn.rs: OK
src/app/ui_actions.rs: OK
src/app/workspace.rs: OK
src/app/workspace_tests.rs: OK
src/args.rs: OK
src/clipboard.rs: OK
src/command.rs: OK
src/config.rs: OK
src/error.rs: OK
src/event.rs: OK
src/jobs.rs: OK
src/keymap.rs: OK
src/lib.rs: OK
src/limits.rs: OK
src/main.rs: OK
src/markdown.rs: OK
src/perf.rs: OK
src/protocol.rs: OK
src/protocol/changes.rs: OK
src/protocol/read.rs: OK
src/protocol/tool.rs: OK
src/protocol/workspace.rs: OK
src/rpc.rs: OK
src/safe_text.rs: OK
src/state/catalog.rs: OK
src/state/changes.rs: OK
src/state/composer.rs: OK
src/state/export.rs: OK
src/state/mod.rs: OK
src/state/panels.rs: OK
src/state/search.rs: OK
src/state/selection.rs: OK
src/state/session.rs: OK
src/state/settings.rs: OK
src/state/tool.rs: OK
src/state/transcript.rs: OK
src/state/turn.rs: OK
src/state/view.rs: OK
src/state/workspace.rs: OK
src/terminal.rs: OK
src/terminal/writer_tests.rs: OK
src/theme.rs: OK
src/ui/assistant.rs: OK
src/ui/changes.rs: OK
src/ui/component_tests.rs: OK
src/ui/composer.rs: OK
src/ui/context.rs: OK
src/ui/editor_layout.rs: OK
src/ui/error.rs: OK
src/ui/export.rs: OK
src/ui/footer.rs: OK
src/ui/header.rs: OK
src/ui/help.rs: OK
src/ui/layout.rs: OK
src/ui/logs.rs: OK
src/ui/mod.rs: OK
src/ui/new_session.rs: OK
src/ui/panel.rs: OK
src/ui/rail.rs: OK
src/ui/reasoning.rs: OK
src/ui/render_cache_tests.rs: OK
src/ui/scrollbar.rs: OK
src/ui/scrollbar_reference_tests.rs: OK
src/ui/search.rs: OK
src/ui/section_gap_tests.rs: OK
src/ui/selector.rs: OK
src/ui/settings.rs: OK
src/ui/settings_footer_steer_tests.rs: OK
src/ui/snapshots.rs: OK
src/ui/status.rs: OK
src/ui/steer_queue.rs: OK
src/ui/testapp.rs: OK
src/ui/tool.rs: OK
src/ui/tool_detail.rs: OK
src/ui/transcript.rs: OK
src/ui/user.rs: OK
src/ui/workspace.rs: OK
tests/agent_e2e.rs: OK
tests/agent_e2e/changes.rs: OK
tests/agent_e2e/workspace.rs: OK
tests/agent_process.rs: OK
tests/agent_v1_fixtures.rs: OK
tests/app_flow.rs: OK
tests/backpressure_baseline.rs: OK
tests/baseline_defects.rs: OK
tests/changes.rs: OK
tests/fixtures/agent-v1/changes-diff-fragments.json: OK
tests/fixtures/agent-v1/changes-diff-workspace.json: OK
tests/fixtures/agent-v1/changes-list-page.json: OK
tests/fixtures/agent-v1/changes-list-stale.json: OK
tests/fixtures/agent-v1/changes-list-workspace.json: OK
tests/fixtures/agent-v1/event-tool-execution.json: OK
tests/fixtures/agent-v1/event-tool-invocation.json: OK
tests/fixtures/agent-v1/event-tool-process.json: OK
tests/fixtures/agent-v1/manifest.json: OK
tests/fixtures/agent-v1/model-list.json: OK
tests/fixtures/agent-v1/ping.json: OK
tests/fixtures/agent-v1/profile-list.json: OK
tests/fixtures/agent-v1/session-compact-compacted.json: OK
tests/fixtures/agent-v1/session-compact-failed.json: OK
tests/fixtures/agent-v1/session-compact-noop.json: OK
tests/fixtures/agent-v1/session-compact-unknown-write.json: OK
tests/fixtures/agent-v1/session-context-after-compact.json: OK
tests/fixtures/agent-v1/session-context-idle.json: OK
tests/fixtures/agent-v1/session-context-preparing.json: OK
tests/fixtures/agent-v1/session-create.json: OK
tests/fixtures/agent-v1/session-list.json: OK
tests/fixtures/agent-v1/session-open.json: OK
tests/fixtures/agent-v1/session-presentation-idle.json: OK
tests/fixtures/agent-v1/session-read-continuation-cursor.json: OK
tests/fixtures/agent-v1/session-read-first-page.json: OK
tests/fixtures/agent-v1/session-read-paged-chunks.json: OK
tests/fixtures/agent-v1/session-read-records-truncated.json: OK
tests/fixtures/agent-v1/session-read-trailing-incomplete.json: OK
tests/fixtures/agent-v1/session-state-blocked.json: OK
tests/fixtures/agent-v1/session-state-compaction.json: OK
tests/fixtures/agent-v1/session-state-idle.json: OK
tests/fixtures/agent-v1/session-state-running.json: OK
tests/fixtures/agent-v1/session-state-waiting-for-input.json: OK
tests/fixtures/agent-v1/tool-output-clean-empty-eof-stderr.json: OK
tests/fixtures/agent-v1/tool-output-clean-empty-eof-stdout.json: OK
tests/fixtures/agent-v1/tool-output-expired.json: OK
tests/fixtures/agent-v1/tool-output-input.json: OK
tests/fixtures/agent-v1/tool-output-output.json: OK
tests/fixtures/agent-v1/tool-output-partial.json: OK
tests/fixtures/agent-v1/tool-output-stderr.json: OK
tests/fixtures/agent-v1/tool-output-stdout-pending.json: OK
tests/fixtures/agent-v1/tool-output-stdout.json: OK
tests/fixtures/agent-v1/tool-read-awaiting-policy.json: OK
tests/fixtures/agent-v1/tool-read-clean-empty.json: OK
tests/fixtures/agent-v1/tool-read-running.json: OK
tests/fixtures/agent-v1/tool-read-terminal.json: OK
tests/fixtures/agent-v1/turn-result-live-failed.json: OK
tests/fixtures/agent-v1/turn-result-pending.json: OK
tests/fixtures/agent-v1/turn-result-stored.json: OK
tests/fixtures/agent-v1/turn-send.json: OK
tests/fixtures/agent-v1/turn-wait.json: OK
tests/fixtures/agent-v1/workspace-files-deadline.json: OK
tests/fixtures/agent-v1/workspace-files-paged.json: OK
tests/fixtures/agent-v1/workspace-files.json: OK
tests/fixtures/agent-v1/workspace-read-binary.json: OK
tests/fixtures/agent-v1/workspace-read-changed.json: OK
tests/fixtures/agent-v1/workspace-read-line-partial.json: OK
tests/fixtures/agent-v1/workspace-read-ok.json: OK
tests/fixtures/agent-v1/workspace-read-too-large.json: OK
tests/fixtures/agent-v1/workspace-search-deadline.json: OK
tests/fixtures/agent-v1/workspace-search.json: OK
tests/fixtures/agent-v1/workspace-status-detached.json: OK
tests/fixtures/agent-v1/workspace-status-unavailable.json: OK
tests/fixtures/agent-v1/workspace-status.json: OK
tests/fixtures/pi-scrollbar-0.85.1.json: OK
tests/fixtures/protocol/history-page.json: OK
tests/fixtures/protocol/model-list.json: OK
tests/fixtures/protocol/output-delta.json: OK
tests/fixtures/protocol/profile-list.json: OK
tests/fixtures/protocol/rpc-error.json: OK
tests/fixtures/protocol/session-create.json: OK
tests/fixtures/protocol/session-list.json: OK
tests/fixtures/protocol/session-state.json: OK
tests/fixtures/protocol/tool-finished.json: OK
tests/fixtures/protocol/tool-started.json: OK
tests/fixtures/protocol/transcript-page.json: OK
tests/fixtures/protocol/turn-wait.json: OK
tests/fixtures/rail/.gitignore: OK
tests/fixtures/rail/PROVENANCE.json: OK
tests/fixtures/rail/editor-click/ascii-middle.json: OK
tests/fixtures/rail/editor-click/wide-grapheme.json: OK
tests/fixtures/rail/editor-click/wrapped-uppercase.json: OK
tests/fixtures/rail/editor/cjk-emoji.json: OK
tests/fixtures/rail/editor/cjk.json: OK
tests/fixtures/rail/editor/cursor-mid-13line.json: OK
tests/fixtures/rail/editor/empty.json: OK
tests/fixtures/rail/editor/four-lines.json: OK
tests/fixtures/rail/editor/long-soft-wrap.json: OK
tests/fixtures/rail/editor/narrow-60x16.json: OK
tests/fixtures/rail/editor/one-line-centered.json: OK
tests/fixtures/rail/editor/one-line.json: OK
tests/fixtures/rail/editor/thirteen-lines.json: OK
tests/fixtures/rail/editor/wide-120x40.json: OK
tests/fixtures/rail/footer/context-69-99.json: OK
tests/fixtures/rail/footer/context-70.json: OK
tests/fixtures/rail/footer/context-unknown.json: OK
tests/fixtures/rail/footer/cost-0dot0049.json: OK
tests/fixtures/rail/footer/cost-1dot5.json: OK
tests/fixtures/rail/footer/duration.json: OK
tests/fixtures/rail/footer/layout.json: OK
tests/fixtures/rail/footer/model-short.json: OK
tests/fixtures/rail/footer/narrow-100.json: OK
tests/fixtures/rail/footer/narrow-40.json: OK
tests/fixtures/rail/footer/narrow-60.json: OK
tests/fixtures/rail/footer/numbers.json: OK
tests/fixtures/rail/footer/queued.json: OK
tests/fixtures/rail/footer/ready.json: OK
tests/fixtures/rail/footer/selection-copied.json: OK
tests/fixtures/rail/footer/subscription-no-cost.json: OK
tests/fixtures/rail/footer/working.json: OK
tests/fixtures/rail/markdown/bold-italic.json: OK
tests/fixtures/rail/markdown/cjk-markdown.json: OK
tests/fixtures/rail/markdown/cjk.json: OK
tests/fixtures/rail/markdown/codeblock-ansi.json: OK
tests/fixtures/rail/markdown/codeblock.json: OK
tests/fixtures/rail/markdown/emoji.json: OK
tests/fixtures/rail/markdown/heading.json: OK
tests/fixtures/rail/markdown/hr.json: OK
tests/fixtures/rail/markdown/inline-code.json: OK
tests/fixtures/rail/markdown/link.json: OK
tests/fixtures/rail/markdown/list.json: OK
tests/fixtures/rail/markdown/long-wrap.json: OK
tests/fixtures/rail/markdown/nested-list.json: OK
tests/fixtures/rail/markdown/padding-x1.json: OK
tests/fixtures/rail/markdown/padding-y1.json: OK
tests/fixtures/rail/markdown/plain.json: OK
tests/fixtures/rail/markdown/quote.json: OK
tests/fixtures/rail/markdown/strikethrough.json: OK
tests/fixtures/rail/paste/eleven-lines-marker-cursor.json: OK
tests/fixtures/rail/paste/eleven-lines-marker.json: OK
tests/fixtures/rail/paste/single-line-inline.json: OK
tests/fixtures/rail/paste/ten-lines-inline.json: OK
tests/fixtures/rail/paste/thousand-chars-inline.json: OK
tests/fixtures/rail/paste/thousand-one-chars-marker.json: OK
tests/fixtures/rail/paste/thresholds.json: OK
tests/fixtures/rail/scrollbar/geometry.json: OK
tests/fixtures/rail/scrollbar/thumb-bottom.json: OK
tests/fixtures/rail/scrollbar/thumb-mid.json: OK
tests/fixtures/rail/scrollbar/thumb-top.json: OK
tests/fixtures/rail/slash/enter-keeps-skill-command.json: OK
tests/fixtures/rail/slash/enter-no-list-submits.json: OK
tests/fixtures/rail/slash/popup-rows.json: OK
tests/fixtures/rail/surface/editor-blank-padding-1of4.json: OK
tests/fixtures/rail/surface/editor-content.json: OK
tests/fixtures/rail/surface/editor-window-13-of-12.json: OK
tests/fixtures/rail/surface/editor.json: OK
tests/fixtures/rail/surface/geometry.json: OK
tests/fixtures/rail/surface/section-thinking.json: OK
tests/fixtures/rail/surface/section-user.json: OK
tests/fixtures/rail/surface/thinking-content.json: OK
tests/fixtures/rail/surface/thinking-empty.json: OK
tests/fixtures/rail/surface/tool-cancelled.json: OK
tests/fixtures/rail/surface/tool-error.json: OK
tests/fixtures/rail/surface/tool-pending.json: OK
tests/fixtures/rail/surface/tool-success.json: OK
tests/fixtures/rail/surface/user-content.json: OK
tests/fixtures/rail/surface/user-empty.json: OK
tests/fixtures/rail/thinking/hint.json: OK
tests/fixtures/rail/thinking/lines-10-collapsed.json: OK
tests/fixtures/rail/thinking/lines-10-expanded.json: OK
tests/fixtures/rail/thinking/lines-2-full.json: OK
tests/fixtures/rail/thinking/lines-3-full.json: OK
tests/fixtures/rail/thinking/lines-4-collapsed.json: OK
tests/fixtures/rail/thinking/lines-4-expanded.json: OK
tests/fixtures/rail/thinking/long-wrap-lines-5.json: OK
tests/fixtures/rail/thinking/manual-expand-kept.json: OK
tests/fixtures/rail/thinking/merged-parts.json: OK
tests/fixtures/rail/tool/accounting.json: OK
tests/fixtures/rail/tool/expanded-50-rows.json: OK
tests/fixtures/rail/tool/model-tool-output-19.json: OK
tests/fixtures/rail/tool/model-tool-output-20.json: OK
tests/fixtures/rail/tool/model-tool-output-21.json: OK
tests/fixtures/rail/tool/model-tool-simple-bash.json: OK
tests/fixtures/rail/tool/model-tool-simple-read.json: OK
tests/fixtures/rail/tool/model-tool-simple-write.json: OK
tests/fixtures/rail/tool/reference-bash-mode-output-18.json: OK
tests/fixtures/rail/tool/reference-bash-mode-output-19.json: OK
tests/fixtures/rail/tool/reference-bash-mode-output-20.json: OK
tests/fixtures/rail/tool/reference-bash-mode-output-21.json: OK
tests/fixtures/rail/tool/reference-bash-mode-output-68.json: OK
tests/fixtures/rail/tool/simple-generic-tool.json: OK
tests/fixtures/rail/tool/simple-read-range.json: OK
tests/fixtures/rail/tool/simple-reference-bash-mode-command.json: OK
tests/fixtures/rail/tool/simple-write-forced-collapse.json: OK
tests/fixtures/rail/tool/state-cancelled-as-pending.json: OK
tests/fixtures/rail/tool/state-error.json: OK
tests/fixtures/rail/tool/state-pending.json: OK
tests/fixtures/rail/tool/state-success.json: OK
tests/fixtures/rail/user/registry.json: OK
tests/fixtures/rail/user/surface-basic.json: OK
tests/fixtures/rail/user/surface-duplicate-text.json: OK
tests/fixtures/rail/user/surface-markdown.json: OK
tests/fixtures/rail/user/timestamp-format.json: OK
tests/fixtures/word_oracle.json: OK
tests/performance.rs: OK
tests/preparing_baseline.rs: OK
tests/protocol.rs: OK
tests/rail_fixtures.rs: OK
tests/read_chunks.rs: OK
tests/render_snapshots.rs: OK
tests/rpc_io.rs: OK
tests/terminal_restore.rs: OK
tests/tool_streams.rs: OK
tests/word_oracle.rs: OK
tests/workspace.rs: OK
