   Compiling proc-macro2 v1.0.107
   Compiling quote v1.0.47
   Compiling unicode-ident v1.0.24
   Compiling libc v0.2.189
   Compiling stable_deref_trait v1.2.1
   Compiling writeable v0.6.4
   Compiling litemap v0.8.3
   Compiling smallvec v1.15.2
   Compiling serde_core v1.0.229
   Compiling rustversion v1.0.23
   Compiling equivalent v1.0.2
   Compiling strsim v0.11.1
   Compiling fnv v1.0.7
   Compiling signal-hook v0.3.18
   Compiling log v0.4.34
   Compiling serde v1.0.229
   Compiling parking_lot_core v0.9.12
   Compiling cfg-if v1.0.4
   Compiling ident_case v1.0.1
   Compiling rustix v0.38.44
   Compiling bitflags v2.13.1
   Compiling scopeguard v1.2.0
   Compiling futures-core v0.3.34
   Compiling allocator-api2 v0.2.21
   Compiling itoa v1.0.18
   Compiling lock_api v0.4.14
   Compiling instability v0.3.10
   Compiling heck v0.5.0
   Compiling libm v0.2.16
   Compiling either v1.18.0
   Compiling paste v1.0.15
   Compiling icu_locale_data v2.1.2
   Compiling icu_properties_data v2.1.2
   Compiling icu_normalizer_data v2.1.1
   Compiling foldhash v0.1.5
   Compiling castaway v0.2.4
   Compiling itertools v0.13.0
   Compiling unicode-segmentation v1.13.3
   Compiling hashbrown v0.15.5
   Compiling errno v0.3.14
   Compiling syn v2.0.119
   Compiling syn v3.0.4
   Compiling mio v1.2.2
   Compiling zmij v1.0.23
   Compiling ryu v1.0.23
   Compiling signal-hook-registry v1.4.8
   Compiling parking_lot v0.12.5
   Compiling unicode-width v0.1.14
   Compiling icu_segmenter_data v2.1.1
   Compiling static_assertions v1.1.0
   Compiling utf8_iter v1.0.4
   Compiling indoc v2.0.7
   Compiling unicode-truncate v1.1.0
   Compiling lru v0.12.5
   Compiling signal-hook-mio v0.2.5
   Compiling compact_str v0.8.2
   Compiling memchr v2.8.3
   Compiling thiserror v2.0.20
   Compiling crossterm v0.28.1
   Compiling pulldown-cmark v0.12.2
   Compiling pin-project-lite v0.2.17
   Compiling powerfmt v0.2.0
   Compiling unicode-width v0.2.0
   Compiling synstructure v0.13.2
   Compiling darling_core v0.20.11
   Compiling cassowary v0.3.0
   Compiling serde_json v1.0.151
   Compiling deranged v0.5.8
   Compiling core_maths v0.1.1
   Compiling num_threads v0.1.7
   Compiling futures-task v0.3.34
   Compiling unicase v2.9.0
   Compiling time-core v0.1.7
   Compiling zerovec-derive v0.11.6
   Compiling displaydoc v0.2.7
   Compiling serde_derive v1.0.229
   Compiling zerofrom-derive v0.1.7
   Compiling yoke-derive v0.8.2
   Compiling strum_macros v0.26.4
   Compiling tokio-macros v2.7.2
   Compiling thiserror-impl v2.0.20
   Compiling bytes v1.12.1
   Compiling num-conv v0.1.0
   Compiling hashbrown v0.17.1
   Compiling slab v0.4.12
   Compiling time v0.3.45
   Compiling darling_macro v0.20.11
   Compiling tokio v1.53.1
   Compiling indexmap v2.14.1
   Compiling futures-util v0.3.34
   Compiling toml_write v0.1.2
   Compiling zerofrom v0.1.8
   Compiling darling v0.20.11
   Compiling strum v0.26.3
   Compiling winnow v0.7.15
   Compiling percent-encoding v2.3.2
   Compiling form_urlencoded v1.2.2
   Compiling yoke v0.8.3
   Compiling serde_spanned v0.6.9
   Compiling toml_datetime v0.6.11
   Compiling toml_edit v0.22.27
   Compiling zerovec v0.11.8
   Compiling zerotrie v0.2.5
   Compiling ratatui v0.29.0
   Compiling toml v0.8.23
   Compiling tinystr v0.8.4
   Compiling potential_utf v0.1.6
   Compiling icu_collections v2.1.1
   Compiling icu_locale_core v2.1.1
   Compiling icu_provider v2.1.1
   Compiling icu_properties v2.1.2
   Compiling icu_normalizer v2.1.1
   Compiling icu_locale v2.1.1
   Compiling tui-textarea v0.7.0
   Compiling icu_segmenter v2.1.2
   Compiling idna_adapter v1.2.1
   Compiling idna v1.1.0
   Compiling minicore-tui v0.2.3 (/Users/zzq/Develops/minicore-tui)
   Compiling url v2.5.4
    Finished `test` profile [unoptimized + debuginfo] target(s) in 36.05s
     Running unittests src/lib.rs (target/debug/deps/minicore_tui-b4f45b0ce7894d81)

running 287 tests
test app::tests::clipboard_feedback_retries_after_failure_and_expires_after_1800ms ... ok
test app::tests::bootstrap_registers_pending_requests_before_commands_leave_update ... ok
test app::tests::bootstrap_rejects_version_0_4_0_and_latches_failed ... ok
test app::tests::bootstrap_rejects_version_0_2_0_and_latches_failed ... ok
test app::tests::bootstrap_accepts_prerelease_0_3_1_rc_1 ... ok
test app::tests::bootstrap_reaches_ready_for_supported_version_0_3_0 ... ok
test app::tests::enter_accepts_a_skill_completion_without_submitting ... ok
test app::tests::paste_normalization_matches_the_native_editor_without_changing_submit_authority ... ok
test app::tests::composer_rejects_submit_when_session_is_blocked ... ok
test app::tests::composer_clears_on_successful_steer_acknowledgment ... ok
test app::tests::composer_routes_to_steer_turn_when_session_is_running ... ok
test app::tests::composer_retains_text_on_steer_failure_and_shows_warning ... ok
test app::tests::reopening_a_loaded_session_is_idempotent ... ok
test app::tests::history_merges_user_assistant_tool_summary_without_synthetic_terminals ... ok
test app::tests::create_session_activates_and_pages_history ... ok
test app::tests::live_loop_records_multi_request_deltas_and_tools ... ok
test app::tests::request_usage_event_populates_live_projection_by_request_index ... ok
test app::tests::slash_completion_matches_native_trigger_and_selection_rules ... ok
test app::tests::turn_wait_persistence_failure_latches_blocked_and_creates_unsaved_loop ... ok
test app::tests::tool_result_without_presentation_gets_a_safe_fallback ... ok
test app::ui_actions::tests::word_bounds_group_cjk_runs_without_crossing_latin_boundaries ... ok
test app::ui_actions::tests::word_bounds_keep_internal_word_punctuation_together ... ok
test args::tests::agent_config_is_required ... ok
test app::ui_actions::tests::word_bounds_match_source_segmenter_for_emoji_combining_and_paths ... ok
test args::tests::defaults_use_path_agent_and_dark_theme ... ok
test args::tests::help_and_version_work_without_an_agent_config ... ok
test args::tests::help_with_a_config_still_prints_help ... ok
test args::tests::parses_all_flags_in_both_forms ... ok
test args::tests::parses_help_and_version ... ok
test args::tests::reasoning_cli_accepts_all_agent_levels_and_rejects_unknown ... ok
test args::tests::rejects_invalid_theme_and_reasoning ... ok
test args::tests::rejects_missing_values ... ok
test args::tests::rejects_unknown_flags ... ok
test args::tests::unknown_flags_error_even_when_help_or_version_is_present ... ok
test args::tests::workspace_defaults_to_cwd_without_flag ... ok
test clipboard::tests::clipboard_payload_encoding_matches_the_target_platform ... ok
test clipboard::tests::mock_clipboard_records_text_and_can_fail ... ok
test app::ui_actions::tests::word_bounds_use_the_dictionary_not_a_cell_pair_heuristic ... ok
test clipboard::tests::native_adapter_uses_one_compile_time_program ... ok
test app::tests::editor_click_and_drag_use_visual_cells_and_copy_the_selected_text ... ok
test app::tests::paragraph_selection_stops_at_rendered_blank_boundaries ... ok
test clipboard::tests::native_adapter_rejects_oversized_text_before_spawning ... ok
test command::tests::leading_whitespace_and_case_are_flexible_but_trailing_args_are_not ... ok
test command::tests::parses_every_implemented_command ... ok
test command::tests::unknown_and_empty_commands_are_local_issues ... ok
test error::tests::reports_operation_and_source ... ok
test keymap::tests::composer_keys_submit_newline_history_undo_and_word_delete ... ok
test keymap::tests::ctrl_c_and_ctrl_d_take_the_dedicated_actions ... ok
test keymap::tests::esc_is_contextual ... ok
test keymap::tests::global_shortcuts_map_regardless_of_the_dock ... ok
test keymap::tests::q_is_a_character_in_the_composer_but_quits_from_help ... ok
test keymap::tests::release_events_are_ignored_but_repeats_type ... ok
test keymap::tests::selector_pages_are_selection_pages_not_transcript_scroll ... ok
test markdown::tests::adjacent_same_style_text_is_one_span_and_style_boundaries_remain ... ok
test markdown::tests::code_block_is_framed_and_preserves_indent ... ok
test markdown::tests::column_width_counts_cjk_as_two ... ok
test markdown::tests::headings_lists_quotes_and_rules_render ... ok
test markdown::tests::link_surfaces_a_different_url_in_dim ... ok
test markdown::tests::paragraphs_bold_italic_and_inline_code_are_styled ... ok
test markdown::tests::render_with_links_reports_real_link_cells_not_colors ... ok
test markdown::tests::soft_breaks_become_spaces_and_paragraphs_gap ... ok
test markdown::tests::wrap_plain_cjk_emoji_blank_lines_lose_no_chars_or_width ... ok
test markdown::tests::wrap_plain_keeps_empty_lines_and_single_newlines ... ok
test markdown::tests::wrap_plain_never_exceeds_the_width_and_splits_at_overflow ... ok
test protocol::tests::ping_request_has_the_documented_shape ... ok
test protocol::tests::presentation_wire_debug_redacts_content_bodies ... ok
test protocol::tests::reasoning_wire_roundtrips_all_agent_levels ... ok
test protocol::tests::version_gate_is_exactly_0_3_major_minor ... ok
test app::tests::wrapped_editor_vertical_motion_uses_visual_rows_and_preserves_history_edges ... ok
test protocol::tests::version_gate_prerelease_policy ... ok
test protocol::tests::wait_result_is_not_wrapped_in_ok_result ... ok
test rpc::tests::agent_process_name_selection_accepts_windows_executables_only ... ok
test app::tests::scrollbar_thumb_interpolates_for_90ms_without_changing_content_scroll ... ok
test app::tests::rail14_link_geometry_covers_code_and_bold_links_but_not_plain_text ... ok
test app::tests::scrollbar_wheel_input_cancels_an_uncommitted_drag ... ok
test app::tests::rail14_link_and_overlay_clicks_never_fold_while_plain_click_toggles ... ok
test clipboard::tests::draining_child_consumes_the_full_payload ... ok
test app::tests::scrollbar_drag_requires_release_and_cancels_on_focus_or_resize ... ok
test app::tests::selection_auto_scroll_stops_at_both_transcript_limits ... ok
test clipboard::tests::nonzero_exit_without_reading_is_reported_bounded ... ok
test clipboard::tests::non_draining_child_is_bounded_and_killed ... ok
test rpc::tests::child_waiter_kills_and_reaps_a_hanging_child ... ok
test rpc::tests::helper_hangs ... ok
test rpc::tests::helper_quiet_exit ... ok
test rpc::tests::child_waiter_reports_natural_exit ... ok
test rpc::tests::reader_emits_frames_in_arrival_order_with_preserved_ids ... ok
test rpc::tests::reader_accepts_exactly_max_size_frames ... ok
test rpc::tests::reader_reports_clean_eof_and_partial_frames ... ok
test rpc::tests::reader_treats_malformed_frames_as_fatal_and_stops ... ok
test rpc::tests::recv_ends_when_all_sender_tasks_are_gone ... ok
test rpc::tests::send_accepts_request_lines_up_to_one_megabyte ... ok
test rpc::tests::send_forwards_pre_numbered_requests_without_touching_ids ... ok
test rpc::tests::reader_rejects_the_first_byte_beyond_the_max ... ok
test rpc::tests::spawn_rejects_missing_config_before_spawning ... ok
test rpc::tests::spawn_reports_an_unusable_agent_binary ... ok
test rpc::tests::stderr_line_replaces_interior_invalid_bytes_lossily ... ok
test rpc::tests::stderr_reader_emits_bounded_utf8_safe_lines ... ok
test rpc::tests::try_recv_drains_all_buffered_events_before_reporting_closed ... ok
test rpc::tests::writer_emits_one_flushed_ndjson_line_per_request ... ok
test rpc::tests::writer_failure_emits_a_protocol_error ... ok
test state::composer::tests::cursor_and_delete_treat_a_large_paste_as_one_editor_segment ... ok
test state::composer::tests::editing_inside_a_paste_expands_it_and_literal_marker_text_is_not_hidden ... ok
test state::composer::tests::history_recall_preserves_the_draft_and_enforces_the_cap ... ok
test state::composer::tests::large_paste_is_projected_as_a_marker_but_submits_raw_text ... ok
test state::composer::tests::multiline_editing_and_blank_lines_roundtrip ... ok
test state::composer::tests::set_text_splits_logical_lines_and_normalizes_native_text ... ok
test state::composer::tests::submitting_deduplicates_the_newest_entry ... ok
test state::composer::tests::typing_inserts_into_the_buffer_with_char_cursor ... ok
test state::composer::tests::word_delete_uses_display_segments_without_entering_paste_payload ... ok
test state::selection::tests::parse_rfc3339_handles_fractions_offsets_and_future ... ok
test state::selection::tests::session_sort_ties_by_string_then_id_and_invalid_sorts_last ... ok
test state::selection::tests::sessions_sort_by_absolute_instant_across_offsets ... ok
test state::session::tests::live_per_request_usage_shows_during_the_loop_and_persisted_total_replaces_it ... ok
test state::session::tests::usage_deduplicates_request_rows_and_persisted_loop_totals_replace_them ... ok
test state::session::tests::usage_marks_partial_fields_and_keeps_failed_unsaved_usage_separate ... ok
test terminal::tests::ansi_sequences::entry_runs_screen_commands_in_spec_order ... ok
test terminal::tests::ansi_sequences::partial_entry_failure_rolls_back_only_completed_steps ... ok
test terminal::tests::ansi_sequences::restore_reports_first_error_but_still_runs_later_steps ... ok
test terminal::tests::ansi_sequences::restore_runs_commands_in_reverse_order ... ok
test terminal::tests::latch_allows_retry_after_failure_and_noops_after_success ... ok
test theme::tests::dark_palette_matches_spec ... ok
test theme::tests::default_kind_is_dark_and_for_kind_roundtrips ... ok
test theme::tests::light_base_palette_matches_spec ... ok
test theme::tests::reasoning_color_maps_to_the_level_palette ... ok
test ui::component_tests::adjacent_assistant_sections_share_one_boundary_row ... ok
test ui::component_tests::assistant_parts_keep_order_and_share_boundary_padding ... ok
test ui::component_tests::assistant_text_has_no_background ... ok
test ui::component_tests::cached_and_fallback_transcripts_have_identical_section_spacing ... ok
test ui::component_tests::cancelled_calls_use_the_dedicated_surface_in_live_and_durable_cards ... ok
test ui::component_tests::composer_uses_a_fixed_blue_rail_without_a_rectangular_border ... ok
test ui::component_tests::conversation_copy_skips_external_section_spacers_but_keeps_timestamp_content ... ok
test ui::component_tests::conversation_drag_copies_across_blocks_without_the_rail_or_padding ... ok
test ui::component_tests::conversation_selection_uses_grapheme_boundaries_for_cjk_and_emoji ... ok
test ui::component_tests::cursor_sits_at_the_composer_caret ... ok
test ui::component_tests::double_click_selects_one_unicode_word ... ok
test ui::component_tests::durable_and_live_tool_sections_have_the_same_padding_shape ... ok
test ui::component_tests::durable_tool_fold_override_is_honored_by_the_prepared_transcript ... ok
test ui::component_tests::empty_reasoning_renders_nothing_and_does_not_hide_the_next_run ... ok
test ui::component_tests::empty_selector_search_shows_no_matching_items ... ok
test ui::component_tests::empty_user_sections_do_not_add_spacer_rows ... ok
test ui::component_tests::end_resumes_follow_after_marker_reservation ... ok
test ui::component_tests::explicit_markdown_blank_lines_survive_section_padding ... ok
test ui::component_tests::fatal_connection_renders_the_overlay ... ok
test ui::component_tests::fatal_overlay_retains_a_known_result_summary ... ok
test ui::component_tests::footer_hides_secondary_info_below_80_columns ... ok
test ui::component_tests::footer_is_one_row_on_short_terminals ... ok
test ui::component_tests::footer_waiting_boundary_shows_next_config_with_current_request_preserved ... ok
test ui::component_tests::help_panel_lists_keys_and_safety_notes ... ok
test ui::component_tests::last_result_renders_outcome_and_persistence_in_status_and_transcript ... ok
test ui::component_tests::light_theme_renders_identically_shaped_content ... ok
test ui::component_tests::live_request_without_model_is_explicitly_unknown ... ok
test ui::component_tests::logs_panel_shows_bounded_agent_stderr_without_raw_frames ... ok
test ui::component_tests::message_and_tool_sections_have_symmetric_vertical_padding ... ok
test ui::component_tests::multiline_composer_grows_the_panel_and_wraps_cjk ... ok
test ui::component_tests::new_output_marker_gets_its_own_row_without_overwriting_transcript ... ok
test ui::component_tests::new_output_marker_renders_when_scrolled_away ... ok
test ui::component_tests::new_session_form_shows_all_fields_and_the_active_field_background ... ok
test ui::component_tests::prepared_section_ids_survive_tool_result_updates ... ok
test ui::component_tests::prepared_tool_sections_keep_full_identity_and_mouse_toggle_uses_the_same_range ... ok
test ui::component_tests::reasoning_is_gray_and_italic_and_can_be_hidden ... ok
test ui::component_tests::reasoning_selector_lists_only_supported_levels_with_the_current_session_header ... ok
test ui::component_tests::reasoning_selector_offers_max_only_when_the_model_advertises_it ... ok
test ui::component_tests::recent_notices_render_above_the_composer ... ok
test ui::component_tests::running_live_turn_shows_gap_footer_and_status_spinner ... ok
test ui::component_tests::running_request_metadata_drives_footer_until_the_later_request_uses_max ... ok
test ui::component_tests::scrollbar_drag_previews_without_committing_until_release ... ok
test ui::component_tests::selecting_max_updates_the_session_and_footer_shows_max ... ok
test ui::component_tests::selection_rebases_when_a_live_section_grows_after_the_selected_row ... ok
test ui::component_tests::selection_rebases_when_older_history_prepends_rows ... ok
test ui::component_tests::selector_panel_replaces_the_composer_and_keeps_the_transcript_visible ... ok
test ui::component_tests::selector_search_query_is_visible ... ok
test ui::component_tests::selectors_render_on_both_themes_without_panicking ... ok
test ui::component_tests::session_selector_sorts_newest_first_and_marks_running_loaded_idle ... ok
test ui::component_tests::short_terminal_renders_an_8_row_selector_panel ... ok
test ui::component_tests::tool_cards_use_state_backgrounds_and_expanded_preview_bounds ... ok
test ui::component_tests::tool_expanded_preview_remains_available_without_a_fixed_renderer_cap ... ok
test ui::component_tests::user_assistant_and_tool_boundaries_share_one_blank_row ... ok
test ui::component_tests::user_card_uses_the_spec_background ... ok
test ui::component_tests::word_selection_drag_extends_from_the_original_word_range ... ok
test ui::component_tests::workspace_shortening_replaces_the_home_prefix ... ok
test ui::composer::tests::cjk_cursor_hardware_position_uses_display_columns ... ok
test ui::composer::tests::cursor_cell_is_the_visual_wrapped_position ... ok
test ui::composer::tests::cursor_wrap_pos_matches_the_greedy_rule ... ok
test ui::composer::tests::long_wrapped_line_cursor_is_visible_with_correct_hardware_position ... ok
test ui::editor_layout::tests::centered_padding_is_not_a_cursor_target ... ok
test ui::editor_layout::tests::cursor_at_wide_grapheme_middle_snaps_to_its_start ... ok
test ui::editor_layout::tests::cursor_boundary_moves_to_the_next_soft_wrapped_row ... ok
test ui::editor_layout::tests::only_valid_paste_ranges_are_kept_atomic ... ok
test ui::editor_layout::tests::wraps_without_splitting_wide_graphemes ... ok
test ui::footer::tests::duration_format_matches_rail_boundaries ... ok
test ui::footer::tests::fit_aligned_matches_reference_narrow_footer_text ... ok
test ui::footer::tests::model_shortening_preserves_unknown_model_identity_without_raw_prefixes ... ok
test ui::footer::tests::numbers_cost_and_right_group_follow_rail_boundaries ... ok
test ui::footer::tests::partial_usage_annotation_gets_a_separator_not_a_jammed_suffix ... ok
test ui::footer::tests::ready_footer_styled_cells_match_the_source_fixture ... ok
test ui::layout::tests::composer_height_caps_at_forty_percent_and_short_is_fixed ... ok
test ui::layout::tests::dock_rows_derives_status_notice_panel_and_footer_consistently ... ok
test ui::layout::tests::seventy_nine_column_content_needs_two_visual_rows_at_inner_width_78 ... ok
test ui::rail::tests::editor_height_is_four_to_twelve_and_roughly_thirty_two_percent ... ok
test ui::rail::tests::simple_line_collapses_control_whitespace_and_clip_is_cell_safe ... ok
test ui::rail::tests::surface_content_start_preserves_requested_inset ... ok
test ui::rail::tests::surface_row_has_one_rail_cell_and_exact_width ... ok
test ui::scrollbar::tests::drag_mapping_uses_thumb_grab_offset_and_reaches_both_edges ... ok
test ui::scrollbar::tests::geometry_matches_the_pinned_reference_dimensions ... ok
test ui::scrollbar::tests::render_paints_only_the_blue_thumb_and_leaves_the_track_transparent ... ok
test ui::section_gap_tests::busy_working_keeps_one_clear_blank_above_it_at_every_size ... ok
test ui::section_gap_tests::consecutive_reasoning_parts_join_like_live_accumulation ... ok
test ui::section_gap_tests::prepared_transcript_preserves_thinking_newlines_from_wire_entry ... ok
test ui::section_gap_tests::thinking_single_newline_is_a_visual_break_not_flattened ... ok
test ui::section_gap_tests::user_card_then_thinking_has_exactly_one_transparent_spacer ... ok
test ui::selector::tests::model_line_marks_the_current_session_model ... ok
test ui::selector::tests::relative_age_formats_seconds_minutes_hours_days ... ok
test ui::settings_footer_steer_tests::accepted_pending_steer_renders_as_user_card_with_subtle_awaiting_marker ... ok
test ui::settings_footer_steer_tests::accepted_steer_awaiting_marker_is_excluded_from_the_copy ... ok
test ui::settings_footer_steer_tests::folded_thinking_copy_excludes_the_hint_row_in_durable ... ok
test ui::settings_footer_steer_tests::folded_thinking_copy_excludes_the_hint_row_in_live ... ok
test ui::settings_footer_steer_tests::footer_reflects_acknowledged_model_and_rejected_update_keeps_old ... ok
test ui::settings_footer_steer_tests::footer_reflects_acknowledged_reasoning_immediately_while_live ... ok
test ui::settings_footer_steer_tests::persisted_steer_removes_provisional_and_stale_queued ... ok
test rpc::tests::send_rejects_oversized_lines_without_writing_them ... ok
test ui::settings_footer_steer_tests::provisional_steer_selection_never_rebases_onto_a_wrong_durable_user ... ok
test ui::snapshots::chat_dark_80x24 ... ok
test ui::snapshots::chat_light_80x24 ... ok
test ui::snapshots::cjk_80x24 ... ok
test ui::snapshots::close_user_dark_80x24 ... ok
test ui::snapshots::empty_dark_80x24 ... ok
test ui::snapshots::empty_light_80x24 ... ok
test ui::snapshots::close_user_light_120x40 ... ok
test ui::snapshots::empty_model_search_dark_80x24 ... ok
test ui::snapshots::finishing_dark_80x24 ... ok
test ui::snapshots::help_dark_80x24 ... ok
test ui::snapshots::finishing_light_120x40 ... ok
test ui::snapshots::logs_dark_80x24 ... ok
test ui::snapshots::help_light_120x40 ... ok
test ui::snapshots::model_selector_dark_80x24 ... ok
test ui::snapshots::model_selector_light_120x40 ... ok
test ui::snapshots::narrow_model_selector_dark_60x16 ... ok
test ui::snapshots::multiline_composer_dark_80x24 ... ok
test ui::snapshots::new_session_dark_80x24 ... ok
test ui::snapshots::new_session_light_120x40 ... ok
test ui::snapshots::new_output_marker_dark_80x24 ... ok
test ui::snapshots::pending_model_dark_60x16 ... ok
test ui::snapshots::pending_model_dark_80x24 ... ok
test ui::snapshots::profile_selector_dark_80x24 ... ok
test ui::snapshots::pending_model_light_120x40 ... ok
test ui::snapshots::reasoning_hidden_80x24 ... ok
test ui::snapshots::reasoning_selector_dark_80x24 ... ok
test ui::snapshots::running_gap_80x24 ... ok
test ui::snapshots::scroll_top_80x24 ... ok
test ui::snapshots::search_query_dark_80x24 ... ok
test ui::snapshots::session_selector_dark_80x24 ... ok
test ui::snapshots::session_selector_light_120x40 ... ok
test ui::snapshots::shutdown_cancel_result_dark_80x24 ... ok
test ui::snapshots::small_50x10 ... ok
test ui::snapshots::steering_dark_60x16 ... ok
test ui::snapshots::steering_dark_80x24 ... ok
test ui::snapshots::steering_dark_160x50 ... ok
test ui::snapshots::store_error_dark_60x16 ... ok
test ui::snapshots::steering_light_120x40 ... ok
test ui::snapshots::store_error_dark_80x24 ... ok
test ui::snapshots::tools_80x24 ... ok
test ui::snapshots::store_error_light_120x40 ... ok
test ui::snapshots::unknown_cancel_result_dark_80x24 ... ok
test ui::snapshots::unsaved_gap_dark_60x16 ... ok
test ui::snapshots::unsaved_gap_dark_80x24 ... ok
test ui::snapshots::unsaved_gap_dark_160x50 ... ok
test ui::snapshots::wide_120x40 ... ok
test ui::tests::dock_is_below_the_transcript_with_a_rail_composer ... ok
test ui::snapshots::unsaved_gap_light_120x40 ... ok
test ui::tests::small_terminal_renders_the_centered_hint ... ok
test ui::tool::tests::default_expansion_only_forces_write_and_uses_generic_boundary ... ok
test ui::tool::tests::expanded_durable_rows_expose_the_full_payload_without_omission ... ok
test ui::tool::tests::wrapped_hidden_count_reflects_visual_rows_and_survives_graphemes ... ok
test ui::user::tests::invalid_timestamp_is_not_replaced_with_current_time ... ok
test ui::user::tests::timestamp_fixture_matches_the_pinned_utc_source_rows ... ok
test ui::user::tests::timestamp_matches_rail_display_format ... ok
test ui::tests::fullscreen_background_is_page_color_and_draw_never_panics ... ok
test rpc::tests::fake_events_arrive_before_the_send_response ... ok
test rpc::tests::fake_terminate_kills_and_reaps_a_hanging_agent ... ok
test rpc::tests::fake_ping_then_clean_shutdown_reaps_the_child ... ok
test rpc::tests::fake_responses_are_out_of_order_but_ids_never_reorder ... ok
test rpc::tests::fake_crashing_agent_reports_termination_and_a_failed_exit ... ok
test rpc::tests::fake_hanging_agent_stderr_survives_until_kill_and_reap ... ok
test rpc::tests::fake_oversized_request_lines_are_rejected_without_writing ... ok
test rpc::tests::agent_process_bare_run_is_quiet_and_successful ... ok
test rpc::tests::fake_serve_mode_speaks_the_full_contract ... ok
test rpc::tests::fake_unknown_method_reports_a_top_level_jsonrpc_error ... ok

test result: ok. 287 passed; 0 failed; 0 ignored; 0 measured; 0 filtered out; finished in 4.88s

     Running unittests src/main.rs (target/debug/deps/minicore_tui-58150fe6b045750f)

running 8 tests
test tests::idle_has_no_render_deadline_and_busy_clamps_at_30_fps ... ok
test tests::rpc_batch_is_bounded_and_yields_before_a_render_interval ... ok
test tests::rpc_channel_end_disables_polling_but_keeps_failed_overlay_interactive ... ok
test tests::rpc_channel_end_exits_a_normal_shutdown ... ok
test tests::forced_shutdown_timeout_report_keeps_unknown_and_known_failure_facts ... ok
test tests::shutdown_timeout_command_uses_the_app_latched_deadline ... ok
test tests::signal_listener_installs_once_and_recv_stays_pending ... ok
test tests::forced_shutdown_drains_gated_stderr_before_reporting ... ok

test result: ok. 8 passed; 0 failed; 0 ignored; 0 measured; 0 filtered out; finished in 0.58s

     Running tests/agent_e2e.rs (target/debug/deps/agent_e2e-27a971f42ad34cc6)

running 12 tests
test e2e_live_request_usage_shows_during_loop_and_persisted_total_replaces_it ... ignored, requires MINICORE_AGENT_BIN; runs against self-contained loopback mock HTTP server
test e2e_max_reasoning_ships_literal_max_and_provider_body_carries_it ... ignored, requires MINICORE_AGENT_BIN; runs against self-contained loopback mock HTTP server
test e2e_scenario_a_discovery ... ignored, requires MINICORE_AGENT_BIN; runs against self-contained loopback mock HTTP server
test e2e_scenario_b_basic_turn ... ignored, requires MINICORE_AGENT_BIN; runs against self-contained loopback mock HTTP server
test e2e_scenario_c_tool_execution ... ignored, requires MINICORE_AGENT_BIN; runs against self-contained loopback mock HTTP server
test e2e_scenario_d_steer_turn ... ignored, requires MINICORE_AGENT_BIN; runs against self-contained loopback mock HTTP server
test e2e_scenario_e2_update_single_request_then_next_turn ... ignored, requires MINICORE_AGENT_BIN; runs against self-contained loopback mock HTTP server
test e2e_scenario_e_same_loop_update ... ignored, requires MINICORE_AGENT_BIN; runs against self-contained loopback mock HTTP server
test e2e_scenario_f_shutdown_cancels_active_wait ... ignored, requires MINICORE_AGENT_BIN; runs against self-contained loopback mock HTTP server
test e2e_stress_second_tool_expansion_survives_background_generation ... ignored, requires MINICORE_AGENT_BIN; runs against self-contained loopback mock HTTP server
test e2e_stress_session_switch_preserves_tool_fold ... ignored, requires MINICORE_AGENT_BIN; runs against self-contained loopback mock HTTP server
test e2e_stress_six_loops_ten_requests_no_repeated_final_text ... ignored, requires MINICORE_AGENT_BIN; runs against self-contained loopback mock HTTP server

test result: ok. 0 passed; 0 failed; 12 ignored; 0 measured; 0 filtered out; finished in 0.00s

     Running tests/agent_process.rs (target/debug/deps/agent_process-33f09dd2335dc6c8)
     Running tests/app_flow.rs (target/debug/deps/app_flow-d52c838d77f0881f)

running 53 tests
test bootstrap_registers_ids_before_requests_leave_update ... ok
test history_validation_reports_stable_gap_and_stalled_cursor_errors ... ok
test close_success_before_wait_response_processes_result_without_extra_state_or_history ... ok
test close_verification_internal_or_malformed_retains_loaded_state ... ok
test failed_close_reopen_keeps_retired_loop_fenced ... ok
test first_open_running_placeholder_accepts_following_events ... ok
test blocked_session_forbids_send_steer_update_and_retains_completion ... ok
test history_pages_by_contiguous_item_index_not_render_block_count ... ok
test forced_shutdown_message_combines_unknown_known_failure_and_stderr ... ok
test late_session_events_cannot_overwrite_info_or_clear_a_new_loop ... ok
test agent_exit_marks_live_result_unconfirmed_without_overwriting_known_result ... ok
test late_completed_loop_events_cannot_bind_a_new_prompt ... ok
test deterministic_same_loop_model_a_to_tool_to_model_b ... ok
test loaded_running_session_reopen_reuses_view_after_state_failure ... ok
test loop_events_can_bind_before_turn_send_response ... ok
test persistence_failure_blocks_without_losing_the_old_result_view ... ok
test late_steer_ack_after_complete_history_marks_missing_steer_not_recorded ... ok
test regression_scenario_a_wait_internal_error_does_not_loop_history_or_clear_gap ... ok
test regression_scenario_b_wait_persisted_post_wait_history_and_no_infinite_retry ... ok
test regression_scenario_c_failed_wait_does_not_reconcile_and_idempotent ... ok
test late_steer_ack_respects_recorded_and_uncertain_history ... ok
test regression_test_close_agent_error_single_state_check_and_store_error ... ok
test regression_test_close_wait_correlation_and_guards ... ok
test regression_scenario_d_steer_retention_single_render_and_late_response_correlation ... ok
test regression_test_pending_config_update_loop_scoping_and_no_rollback ... ok
test regression_scenario_e_stale_wait_and_history_paging_idempotence ... ok
test ordered_live_parts_keep_late_reasoning_after_same_request_text ... ok
test request_index_keeps_multi_request_deltas_separate ... ok
test session_close_and_delete_command_lifecycle ... ok
test reopen_invalidates_old_wait_failed_response ... ok
test reopen_invalidates_old_wait_persisted_response ... ok
test send_response_registers_direct_wait_and_durable_history_replaces_live ... ok
test session_opened_event_initializes_unknown_view_and_reads_running_state ... ok
test shutdown_drains_after_child_exit_until_rpc_channel_ends ... ok
test session_update_is_sent_for_an_active_session ... ok
test shutdown_send_turn_in_flight_response_registers_wait ... ok
test shutdown_ok_after_known_failed_preserves_unsaved_and_last_result ... ok
test session_update_response_after_loop_finished_retains_info_and_saved_next_turn ... ok
test live_reasoning_renders_markdown_before_each_request_text ... ok
test stale_session_state_response_cannot_regress_a_newer_query ... ok
test steer_queue_full_retains_composer_input_and_shows_warning ... ok
test slash_cancel_sends_exact_turn_cancel_and_wait_reconciles ... ok
test tool_events_before_started_are_retained_and_mark_a_gap ... ok
test turn_result_completed_and_persistence_failed ... ok
test steering_history_not_recorded_vs_unconfirmed ... ok
test reasoning_rendering_keeps_hidden_cache_fallback_themes_and_cjk_width ... ok
test turn_result_failed_and_persisted_with_model_error ... ok
test turn_result_cancelled_user_and_unknown ... ok
test update_request_started_before_update_response_confirms_applied ... ok
test steering_ack_only_clears_the_same_editor_revision ... ok
test update_and_steer_fifo_duplicate_text_history_reconciliation ... ok
test slash_refresh_and_restricted_commands_remain_usable ... ok
test persisted_reasoning_preserves_markdown_and_request_order_after_reopen ... ok

test result: ok. 53 passed; 0 failed; 0 ignored; 0 measured; 0 filtered out; finished in 0.00s

     Running tests/protocol.rs (target/debug/deps/protocol-2f8f76d8e6620667)

running 8 tests
test ping_builder_matches_json_rpc_shape ... ok
test unknown_fields_and_usage_defaults_and_outcome_tolerance ... ok
test session_state_uses_an_active_loop_object ... ok
test turn_wait_is_a_direct_turn_result_view ... ok
test unknown_reasoning_is_rejected_but_unknown_read_only_fields_are_ignored ... ok
test history_fixture_decodes_contiguous_indexed_items ... ok
test discovery_fixtures_decode_real_agent_shapes ... ok
test event_fixtures_keep_request_index_and_tool_outcome ... ok

test result: ok. 8 passed; 0 failed; 0 ignored; 0 measured; 0 filtered out; finished in 0.00s

     Running tests/rail_fixtures.rs (target/debug/deps/rail_fixtures-d8f16ff4f29fd40c)

running 9 tests
test provenance_file_is_present_and_pinned ... ok
test rust_surface_primitives_match_source_rail_and_content_geometry ... ok
test rust_editor_height_formula_matches_source_terminal_sizes ... ok
test rust_reasoning_fold_rows_match_source_threshold_fixtures ... ok
test rust_tool_state_colors_and_hidden_count_boundaries_match_source_facts ... ok
test rust_scrollbar_cells_match_the_fixed_reference_positions_and_color ... ok
test rust_slash_enter_states_match_the_fixed_native_editor ... ok
test pinned_reference_fixtures_are_well_formed_and_complete ... ok
test rust_editor_and_paste_rows_match_the_fixed_native_editor ... ok

test result: ok. 9 passed; 0 failed; 0 ignored; 0 measured; 0 filtered out; finished in 0.03s

     Running tests/render_snapshots.rs (target/debug/deps/render_snapshots-44c8d56daa9d5c87)

running 4 tests
test empty_dark_scene_matches_the_committed_snapshot ... ok
test empty_light_scene_matches_the_committed_snapshot ... ok
test help_dark_scene_matches_the_committed_snapshot ... ok
test render_is_read_only_the_app_is_left_untouched ... ok

test result: ok. 4 passed; 0 failed; 0 ignored; 0 measured; 0 filtered out; finished in 0.01s

     Running tests/rpc_io.rs (target/debug/deps/rpc_io-39ce360fd77d3152)

running 2 tests
test spawn_rejects_a_missing_config_with_a_plain_error ... ok
test spawn_reports_an_unusable_agent_binary ... ok

test result: ok. 2 passed; 0 failed; 0 ignored; 0 measured; 0 filtered out; finished in 0.00s

     Running tests/terminal_restore.rs (target/debug/deps/terminal_restore-7344941159e103c0)

running 6 tests
test real_pty_enter_and_restore_round_trip ... ignored, requires a real terminal: run with `cargo test --ignored` from a TTY
test child_test ... ok
test panic_hook_drop_child ... ok
test terminal_guard_owns_one_restore_path_and_is_send ... ok
test panic_hook_normal_drop_and_nested_guards_restore_safely ... ok
test panic_hook_drop_during_unwind_is_a_normal_panic ... ok

test result: ok. 5 passed; 0 failed; 1 ignored; 0 measured; 0 filtered out; finished in 0.98s

     Running tests/word_oracle.rs (target/debug/deps/word_oracle-0d0d90455ae36ab0)

running 2 tests
test paragraph_line_selection_is_the_full_native_width ... ok
test word_cell_bounds_matches_the_pinned_native_pi_word_selector ... ok

test result: ok. 2 passed; 0 failed; 0 ignored; 0 measured; 0 filtered out; finished in 0.01s

