   Compiling minicore-tui v0.2.8 (/root/minicore-followups.6Dpa6e/source/minicore-tui)
error[E0382]: use of moved value: `wait`
    --> tests/app_flow.rs:2618:44
     |
2594 |     let (reload, wait) = start_public_reload_with_live_turn(&mut driver, "loop_reload_late");
     |                  ---- move occurs because `wait` has type `OutgoingRequest`, which does not implement the `Copy` trait
...
2617 |     driver.respond(wait, wait_result("ses_1", "loop_reload_late", "persisted"));
     |                    ---- value moved here
2618 |     assert!(!driver.app.request_is_pending(wait.id));
     |                                            ^^^^^^^ value used here after move
     |
note: consider changing this parameter type in method `respond` to borrow instead if owning the value isn't necessary
    --> tests/app_flow.rs:87:36
     |
  87 |     fn respond(&mut self, request: OutgoingRequest, result: Value) {
     |        ------- in this method      ^^^^^^^^^^^^^^^ this parameter takes ownership of the value
help: consider cloning the value if the performance cost is acceptable
     |
2617 |     driver.respond(wait.clone(), wait_result("ses_1", "loop_reload_late", "persisted"));
     |                        ++++++++

For more information about this error, try `rustc --explain E0382`.
error: could not compile `minicore-tui` (test "app_flow") due to 1 previous error
