    Checking libc v0.2.189
    Checking serde_core v1.0.229
    Checking zerofrom v0.1.8
    Checking castaway v0.2.4
    Checking icu_locale_data v2.1.2
    Checking strum v0.26.3
    Checking libm v0.2.16
    Checking icu_normalizer_data v2.1.1
    Checking icu_properties_data v2.1.2
    Checking zmij v1.0.23
    Checking icu_segmenter_data v2.1.1
    Checking pulldown-cmark v0.12.2
    Checking thiserror v2.0.20
    Checking compact_str v0.8.2
    Checking yoke v0.8.3
    Checking core_maths v0.1.1
    Checking errno v0.3.14
    Checking mio v1.2.2
    Checking parking_lot_core v0.9.12
    Checking num_threads v0.1.7
    Checking zerovec v0.11.8
    Checking zerotrie v0.2.5
    Checking serde v1.0.229
    Checking serde_json v1.0.151
    Checking time v0.3.45
    Checking signal-hook-registry v1.4.8
    Checking rustix v0.38.44
    Checking parking_lot v0.12.5
    Checking tinystr v0.8.4
    Checking potential_utf v0.1.6
    Checking signal-hook v0.3.18
    Checking tokio v1.53.1
    Checking toml_datetime v0.6.11
    Checking serde_spanned v0.6.9
    Checking icu_collections v2.1.1
    Checking icu_locale_core v2.1.1
    Checking signal-hook-mio v0.2.5
    Checking toml_edit v0.22.27
    Checking crossterm v0.28.1
    Checking icu_provider v2.1.1
    Checking ratatui v0.29.0
    Checking icu_properties v2.1.2
    Checking icu_locale v2.1.1
    Checking icu_normalizer v2.1.1
    Checking toml v0.8.23
    Checking icu_segmenter v2.1.2
    Checking idna_adapter v1.2.1
    Checking tui-textarea v0.7.0
    Checking idna v1.1.0
    Checking minicore-tui v0.2.4 (/Users/zzq/Develops/minicore-tui)
    Checking url v2.5.4
    Finished `dev` profile [unoptimized + debuginfo] target(s) in 15.61s
