native-filter-fix FOCUSED stable
Fri Sep 11 04:09:55 AM UTC 2026
96af60de8ae4f837be70c1b4f24adca73bb4eeb9b044f740473fb497304e472d  src/app.rs
8971ffdd70441885c85a9ec8c89b8976f478f1814532b8e61e27c820f68db66e  src/ui/component_tests.rs
   Compiling minicore-tui v0.2.8 (/root/minicore-session-panels.H0sLzv/source/minicore-tui)
    Finished `test` profile [optimized + debuginfo] target(s) in 10.14s
     Running unittests src/lib.rs (target/debug/deps/minicore_tui-41daef67e6d48117)

running 0 tests

test result: ok. 0 passed; 0 failed; 0 ignored; 0 measured; 350 filtered out; finished in 0.00s

     Running unittests src/main.rs (target/debug/deps/minicore_tui-c879d79f4ee2b2cb)

running 0 tests

test result: ok. 0 passed; 0 failed; 0 ignored; 0 measured; 11 filtered out; finished in 0.00s

     Running tests/agent_e2e.rs (target/debug/deps/agent_e2e-d7bcab485dbe30d7)

running 0 tests

test result: ok. 0 passed; 0 failed; 0 ignored; 0 measured; 17 filtered out; finished in 0.00s

     Running tests/agent_process.rs (target/debug/deps/agent_process-d2af17a891ce320b)
     Running tests/app_flow.rs (target/debug/deps/app_flow-500745b34c71f2c8)

running 0 tests

test result: ok. 0 passed; 0 failed; 0 ignored; 0 measured; 70 filtered out; finished in 0.00s

     Running tests/protocol.rs (target/debug/deps/protocol-e23463f39e86df3b)

running 0 tests

test result: ok. 0 passed; 0 failed; 0 ignored; 0 measured; 8 filtered out; finished in 0.00s

     Running tests/rail_fixtures.rs (target/debug/deps/rail_fixtures-e56cad7cbeea0d3c)

running 0 tests

test result: ok. 0 passed; 0 failed; 0 ignored; 0 measured; 9 filtered out; finished in 0.00s

     Running tests/render_snapshots.rs (target/debug/deps/render_snapshots-9e5780bfe587d8b7)

running 0 tests

test result: ok. 0 passed; 0 failed; 0 ignored; 0 measured; 4 filtered out; finished in 0.00s

     Running tests/rpc_io.rs (target/debug/deps/rpc_io-0de7130f021ffc0d)

running 0 tests

test result: ok. 0 passed; 0 failed; 0 ignored; 0 measured; 2 filtered out; finished in 0.00s

     Running tests/terminal_restore.rs (target/debug/deps/terminal_restore-ca6fea6dd8a58b4f)

running 0 tests

test result: ok. 0 passed; 0 failed; 0 ignored; 0 measured; 6 filtered out; finished in 0.00s

     Running tests/word_oracle.rs (target/debug/deps/word_oracle-70f6555dbc43afd7)

running 0 tests

test result: ok. 0 passed; 0 failed; 0 ignored; 0 measured; 2 filtered out; finished in 0.00s

focused_query_status=0
    Finished `test` profile [optimized + debuginfo] target(s) in 0.09s
     Running unittests src/lib.rs (target/debug/deps/minicore_tui-41daef67e6d48117)

running 0 tests

test result: ok. 0 passed; 0 failed; 0 ignored; 0 measured; 350 filtered out; finished in 0.00s

     Running unittests src/main.rs (target/debug/deps/minicore_tui-c879d79f4ee2b2cb)

running 0 tests

test result: ok. 0 passed; 0 failed; 0 ignored; 0 measured; 11 filtered out; finished in 0.00s

     Running tests/agent_e2e.rs (target/debug/deps/agent_e2e-d7bcab485dbe30d7)

running 0 tests

test result: ok. 0 passed; 0 failed; 0 ignored; 0 measured; 17 filtered out; finished in 0.00s

     Running tests/agent_process.rs (target/debug/deps/agent_process-d2af17a891ce320b)
     Running tests/app_flow.rs (target/debug/deps/app_flow-500745b34c71f2c8)

running 0 tests

test result: ok. 0 passed; 0 failed; 0 ignored; 0 measured; 70 filtered out; finished in 0.00s

     Running tests/protocol.rs (target/debug/deps/protocol-e23463f39e86df3b)

running 0 tests

test result: ok. 0 passed; 0 failed; 0 ignored; 0 measured; 8 filtered out; finished in 0.00s

     Running tests/rail_fixtures.rs (target/debug/deps/rail_fixtures-e56cad7cbeea0d3c)

running 0 tests

test result: ok. 0 passed; 0 failed; 0 ignored; 0 measured; 9 filtered out; finished in 0.00s

     Running tests/render_snapshots.rs (target/debug/deps/render_snapshots-9e5780bfe587d8b7)

running 0 tests

test result: ok. 0 passed; 0 failed; 0 ignored; 0 measured; 4 filtered out; finished in 0.00s

     Running tests/rpc_io.rs (target/debug/deps/rpc_io-0de7130f021ffc0d)

running 0 tests

test result: ok. 0 passed; 0 failed; 0 ignored; 0 measured; 2 filtered out; finished in 0.00s

     Running tests/terminal_restore.rs (target/debug/deps/terminal_restore-ca6fea6dd8a58b4f)

running 0 tests

test result: ok. 0 passed; 0 failed; 0 ignored; 0 measured; 6 filtered out; finished in 0.00s

     Running tests/word_oracle.rs (target/debug/deps/word_oracle-70f6555dbc43afd7)

running 0 tests

test result: ok. 0 passed; 0 failed; 0 ignored; 0 measured; 2 filtered out; finished in 0.00s

focused_reorder_status=0
    Finished `test` profile [optimized + debuginfo] target(s) in 0.08s
     Running unittests src/lib.rs (target/debug/deps/minicore_tui-41daef67e6d48117)

running 0 tests

test result: ok. 0 passed; 0 failed; 0 ignored; 0 measured; 350 filtered out; finished in 0.00s

     Running unittests src/main.rs (target/debug/deps/minicore_tui-c879d79f4ee2b2cb)

running 0 tests

test result: ok. 0 passed; 0 failed; 0 ignored; 0 measured; 11 filtered out; finished in 0.00s

     Running tests/agent_e2e.rs (target/debug/deps/agent_e2e-d7bcab485dbe30d7)

running 0 tests

test result: ok. 0 passed; 0 failed; 0 ignored; 0 measured; 17 filtered out; finished in 0.00s

     Running tests/agent_process.rs (target/debug/deps/agent_process-d2af17a891ce320b)
     Running tests/app_flow.rs (target/debug/deps/app_flow-500745b34c71f2c8)

running 0 tests

test result: ok. 0 passed; 0 failed; 0 ignored; 0 measured; 70 filtered out; finished in 0.00s

     Running tests/protocol.rs (target/debug/deps/protocol-e23463f39e86df3b)

running 0 tests

test result: ok. 0 passed; 0 failed; 0 ignored; 0 measured; 8 filtered out; finished in 0.00s

     Running tests/rail_fixtures.rs (target/debug/deps/rail_fixtures-e56cad7cbeea0d3c)

running 0 tests

test result: ok. 0 passed; 0 failed; 0 ignored; 0 measured; 9 filtered out; finished in 0.00s

     Running tests/render_snapshots.rs (target/debug/deps/render_snapshots-9e5780bfe587d8b7)

running 0 tests

test result: ok. 0 passed; 0 failed; 0 ignored; 0 measured; 4 filtered out; finished in 0.00s

     Running tests/rpc_io.rs (target/debug/deps/rpc_io-0de7130f021ffc0d)

running 0 tests

test result: ok. 0 passed; 0 failed; 0 ignored; 0 measured; 2 filtered out; finished in 0.00s

     Running tests/terminal_restore.rs (target/debug/deps/terminal_restore-ca6fea6dd8a58b4f)

running 0 tests

test result: ok. 0 passed; 0 failed; 0 ignored; 0 measured; 6 filtered out; finished in 0.00s

     Running tests/word_oracle.rs (target/debug/deps/word_oracle-70f6555dbc43afd7)

running 0 tests

test result: ok. 0 passed; 0 failed; 0 ignored; 0 measured; 2 filtered out; finished in 0.00s

focused_mouse_status=0
96af60de8ae4f837be70c1b4f24adca73bb4eeb9b044f740473fb497304e472d  src/app.rs
8971ffdd70441885c85a9ec8c89b8976f478f1814532b8e61e27c820f68db66e  src/ui/component_tests.rs
