native-filter-fix FOCUSED msrv
Fri Sep 11 04:10:06 AM UTC 2026
96af60de8ae4f837be70c1b4f24adca73bb4eeb9b044f740473fb497304e472d  src/app.rs
8971ffdd70441885c85a9ec8c89b8976f478f1814532b8e61e27c820f68db66e  src/ui/component_tests.rs
   Compiling minicore-tui v0.2.8 (/root/minicore-session-panels.H0sLzv/source/minicore-tui)
    Finished `test` profile [optimized + debuginfo] target(s) in 13.06s
     Running unittests src/lib.rs (target/debug/deps/minicore_tui-af634386f1131f0b)

running 0 tests

test result: ok. 0 passed; 0 failed; 0 ignored; 0 measured; 350 filtered out; finished in 0.00s

     Running unittests src/main.rs (target/debug/deps/minicore_tui-568c058fbfd7dff2)

running 0 tests

test result: ok. 0 passed; 0 failed; 0 ignored; 0 measured; 11 filtered out; finished in 0.00s

     Running tests/agent_e2e.rs (target/debug/deps/agent_e2e-b64e871d51c7da77)

running 0 tests

test result: ok. 0 passed; 0 failed; 0 ignored; 0 measured; 17 filtered out; finished in 0.00s

     Running tests/agent_process.rs (target/debug/deps/agent_process-55309027d38f1d42)
     Running tests/app_flow.rs (target/debug/deps/app_flow-42a1cf3a303744b3)

running 0 tests

test result: ok. 0 passed; 0 failed; 0 ignored; 0 measured; 70 filtered out; finished in 0.00s

     Running tests/protocol.rs (target/debug/deps/protocol-dc56f3be71031c1d)

running 0 tests

test result: ok. 0 passed; 0 failed; 0 ignored; 0 measured; 8 filtered out; finished in 0.00s

     Running tests/rail_fixtures.rs (target/debug/deps/rail_fixtures-70506fda20a97c9d)

running 0 tests

test result: ok. 0 passed; 0 failed; 0 ignored; 0 measured; 9 filtered out; finished in 0.00s

     Running tests/render_snapshots.rs (target/debug/deps/render_snapshots-b42f1f21b85b5e54)

running 0 tests

test result: ok. 0 passed; 0 failed; 0 ignored; 0 measured; 4 filtered out; finished in 0.00s

     Running tests/rpc_io.rs (target/debug/deps/rpc_io-630bec1b208f9cb0)

running 0 tests

test result: ok. 0 passed; 0 failed; 0 ignored; 0 measured; 2 filtered out; finished in 0.00s

     Running tests/terminal_restore.rs (target/debug/deps/terminal_restore-a23a0cb867b6ec75)

running 0 tests

test result: ok. 0 passed; 0 failed; 0 ignored; 0 measured; 6 filtered out; finished in 0.00s

     Running tests/word_oracle.rs (target/debug/deps/word_oracle-29877fa7f3d59cca)

running 0 tests

test result: ok. 0 passed; 0 failed; 0 ignored; 0 measured; 2 filtered out; finished in 0.00s

focused_query_status=0
    Finished `test` profile [optimized + debuginfo] target(s) in 0.09s
     Running unittests src/lib.rs (target/debug/deps/minicore_tui-af634386f1131f0b)

running 0 tests

test result: ok. 0 passed; 0 failed; 0 ignored; 0 measured; 350 filtered out; finished in 0.00s

     Running unittests src/main.rs (target/debug/deps/minicore_tui-568c058fbfd7dff2)

running 0 tests

test result: ok. 0 passed; 0 failed; 0 ignored; 0 measured; 11 filtered out; finished in 0.00s

     Running tests/agent_e2e.rs (target/debug/deps/agent_e2e-b64e871d51c7da77)

running 0 tests

test result: ok. 0 passed; 0 failed; 0 ignored; 0 measured; 17 filtered out; finished in 0.00s

     Running tests/agent_process.rs (target/debug/deps/agent_process-55309027d38f1d42)
     Running tests/app_flow.rs (target/debug/deps/app_flow-42a1cf3a303744b3)

running 0 tests

test result: ok. 0 passed; 0 failed; 0 ignored; 0 measured; 70 filtered out; finished in 0.00s

     Running tests/protocol.rs (target/debug/deps/protocol-dc56f3be71031c1d)

running 0 tests

test result: ok. 0 passed; 0 failed; 0 ignored; 0 measured; 8 filtered out; finished in 0.00s

     Running tests/rail_fixtures.rs (target/debug/deps/rail_fixtures-70506fda20a97c9d)

running 0 tests

test result: ok. 0 passed; 0 failed; 0 ignored; 0 measured; 9 filtered out; finished in 0.00s

     Running tests/render_snapshots.rs (target/debug/deps/render_snapshots-b42f1f21b85b5e54)

running 0 tests

test result: ok. 0 passed; 0 failed; 0 ignored; 0 measured; 4 filtered out; finished in 0.00s

     Running tests/rpc_io.rs (target/debug/deps/rpc_io-630bec1b208f9cb0)

running 0 tests

test result: ok. 0 passed; 0 failed; 0 ignored; 0 measured; 2 filtered out; finished in 0.00s

     Running tests/terminal_restore.rs (target/debug/deps/terminal_restore-a23a0cb867b6ec75)

running 0 tests

test result: ok. 0 passed; 0 failed; 0 ignored; 0 measured; 6 filtered out; finished in 0.00s

     Running tests/word_oracle.rs (target/debug/deps/word_oracle-29877fa7f3d59cca)

running 0 tests

test result: ok. 0 passed; 0 failed; 0 ignored; 0 measured; 2 filtered out; finished in 0.00s

focused_reorder_status=0
    Finished `test` profile [optimized + debuginfo] target(s) in 0.09s
     Running unittests src/lib.rs (target/debug/deps/minicore_tui-af634386f1131f0b)

running 0 tests

test result: ok. 0 passed; 0 failed; 0 ignored; 0 measured; 350 filtered out; finished in 0.00s

     Running unittests src/main.rs (target/debug/deps/minicore_tui-568c058fbfd7dff2)

running 0 tests

test result: ok. 0 passed; 0 failed; 0 ignored; 0 measured; 11 filtered out; finished in 0.00s

     Running tests/agent_e2e.rs (target/debug/deps/agent_e2e-b64e871d51c7da77)

running 0 tests

test result: ok. 0 passed; 0 failed; 0 ignored; 0 measured; 17 filtered out; finished in 0.00s

     Running tests/agent_process.rs (target/debug/deps/agent_process-55309027d38f1d42)
     Running tests/app_flow.rs (target/debug/deps/app_flow-42a1cf3a303744b3)

running 0 tests

test result: ok. 0 passed; 0 failed; 0 ignored; 0 measured; 70 filtered out; finished in 0.00s

     Running tests/protocol.rs (target/debug/deps/protocol-dc56f3be71031c1d)

running 0 tests

test result: ok. 0 passed; 0 failed; 0 ignored; 0 measured; 8 filtered out; finished in 0.00s

     Running tests/rail_fixtures.rs (target/debug/deps/rail_fixtures-70506fda20a97c9d)

running 0 tests

test result: ok. 0 passed; 0 failed; 0 ignored; 0 measured; 9 filtered out; finished in 0.00s

     Running tests/render_snapshots.rs (target/debug/deps/render_snapshots-b42f1f21b85b5e54)

running 0 tests

test result: ok. 0 passed; 0 failed; 0 ignored; 0 measured; 4 filtered out; finished in 0.00s

     Running tests/rpc_io.rs (target/debug/deps/rpc_io-630bec1b208f9cb0)

running 0 tests

test result: ok. 0 passed; 0 failed; 0 ignored; 0 measured; 2 filtered out; finished in 0.00s

     Running tests/terminal_restore.rs (target/debug/deps/terminal_restore-a23a0cb867b6ec75)

running 0 tests

test result: ok. 0 passed; 0 failed; 0 ignored; 0 measured; 6 filtered out; finished in 0.00s

     Running tests/word_oracle.rs (target/debug/deps/word_oracle-29877fa7f3d59cca)

running 0 tests

test result: ok. 0 passed; 0 failed; 0 ignored; 0 measured; 2 filtered out; finished in 0.00s

focused_mouse_status=0
96af60de8ae4f837be70c1b4f24adca73bb4eeb9b044f740473fb497304e472d  src/app.rs
8971ffdd70441885c85a9ec8c89b8976f478f1814532b8e61e27c820f68db66e  src/ui/component_tests.rs
