rename-filter-fix GREEN-3
Fri Sep 11 04:53:01 AM UTC 2026
source
7e275810ae8c9baf2ba51974d59974714db3aeca2430c3e58707d807928fbe87  src/app.rs
9d1c78513cfcf0ec703689a40012c372f4f2d4f6cdbd696f84d9dc6cdfbd3e9c  src/ui/component_tests.rs
   Compiling minicore-tui v0.2.8 (/root/minicore-session-panels.H0sLzv/source/minicore-tui)
    Finished `test` profile [optimized + debuginfo] target(s) in 7.86s
     Running unittests src/lib.rs (target/debug/deps/minicore_tui-41daef67e6d48117)

running 1 test
test ui::component_tests::session_rename_dialog_freezes_target_and_reconciles_before_footer_actions ... ok

test result: ok. 1 passed; 0 failed; 0 ignored; 0 measured; 351 filtered out; finished in 0.00s

first_status=0
    Finished `test` profile [optimized + debuginfo] target(s) in 0.11s
     Running unittests src/lib.rs (target/debug/deps/minicore_tui-41daef67e6d48117)

running 1 test
test ui::component_tests::session_rename_ack_clears_hidden_target_when_query_has_no_matches ... ok

test result: ok. 1 passed; 0 failed; 0 ignored; 0 measured; 351 filtered out; finished in 0.00s

second_status=0
    Finished `test` profile [optimized + debuginfo] target(s) in 0.11s
     Running unittests src/lib.rs (target/debug/deps/minicore_tui-41daef67e6d48117)

running 1 test
test ui::component_tests::session_selector_query_refresh_and_footer_actions_keep_filtered_target ... ok

test result: ok. 1 passed; 0 failed; 0 ignored; 0 measured; 351 filtered out; finished in 0.00s

existing_status=0
