rename-filter-fix FOCUSED FINAL
Fri Sep 11 04:54:11 AM UTC 2026
3b68c835f9a9dc2e49943feb4270456cae764f3bae905ec84a2875ee736c46d9  src/app.rs
dd715eef9217567af1d3b0a6beb5c811a8fb3bfac71e4929d36711f205484a75  src/ui/component_tests.rs
da4f3b36fb8e5b9acd626326a7e9faaa5bbdda943d2926d7405e0a05fdb707c8  docs/testing.md
   Compiling minicore-tui v0.2.8 (/root/minicore-session-panels.H0sLzv/source/minicore-tui)
    Finished `test` profile [optimized + debuginfo] target(s) in 10.99s
     Running unittests src/lib.rs (target/debug/deps/minicore_tui-41daef67e6d48117)

running 1 test
test ui::component_tests::session_rename_dialog_freezes_target_and_reconciles_before_footer_actions ... ok

test result: ok. 1 passed; 0 failed; 0 ignored; 0 measured; 351 filtered out; finished in 0.00s

     Running unittests src/main.rs (target/debug/deps/minicore_tui-c879d79f4ee2b2cb)

running 0 tests

test result: ok. 0 passed; 0 failed; 0 ignored; 0 measured; 11 filtered out; finished in 0.00s

     Running tests/agent_e2e.rs (target/debug/deps/agent_e2e-d7bcab485dbe30d7)

running 0 tests

test result: ok. 0 passed; 0 failed; 0 ignored; 0 measured; 17 filtered out; finished in 0.00s

     Running tests/agent_process.rs (target/debug/deps/agent_process-d2af17a891ce320b)
     Running tests/app_flow.rs (target/debug/deps/app_flow-500745b34c71f2c8)

running 0 tests

test result: ok. 0 passed; 0 failed; 0 ignored; 0 measured; 70 filtered out; finished in 0.00s

     Running tests/protocol.rs (target/debug/deps/protocol-e23463f39e86df3b)

running 0 tests

test result: ok. 0 passed; 0 failed; 0 ignored; 0 measured; 8 filtered out; finished in 0.00s

     Running tests/rail_fixtures.rs (target/debug/deps/rail_fixtures-e56cad7cbeea0d3c)

running 0 tests

test result: ok. 0 passed; 0 failed; 0 ignored; 0 measured; 9 filtered out; finished in 0.00s

     Running tests/render_snapshots.rs (target/debug/deps/render_snapshots-9e5780bfe587d8b7)

running 0 tests

test result: ok. 0 passed; 0 failed; 0 ignored; 0 measured; 4 filtered out; finished in 0.00s

     Running tests/rpc_io.rs (target/debug/deps/rpc_io-0de7130f021ffc0d)

running 0 tests

test result: ok. 0 passed; 0 failed; 0 ignored; 0 measured; 2 filtered out; finished in 0.00s

     Running tests/terminal_restore.rs (target/debug/deps/terminal_restore-ca6fea6dd8a58b4f)

running 0 tests

test result: ok. 0 passed; 0 failed; 0 ignored; 0 measured; 6 filtered out; finished in 0.00s

     Running tests/word_oracle.rs (target/debug/deps/word_oracle-70f6555dbc43afd7)

running 0 tests

test result: ok. 0 passed; 0 failed; 0 ignored; 0 measured; 2 filtered out; finished in 0.00s

stable_freeze_status=0
    Finished `test` profile [optimized + debuginfo] target(s) in 0.09s
     Running unittests src/lib.rs (target/debug/deps/minicore_tui-41daef67e6d48117)

running 1 test
test ui::component_tests::session_rename_ack_clears_hidden_target_when_query_has_no_matches ... ok

test result: ok. 1 passed; 0 failed; 0 ignored; 0 measured; 351 filtered out; finished in 0.00s

     Running unittests src/main.rs (target/debug/deps/minicore_tui-c879d79f4ee2b2cb)

running 0 tests

test result: ok. 0 passed; 0 failed; 0 ignored; 0 measured; 11 filtered out; finished in 0.00s

     Running tests/agent_e2e.rs (target/debug/deps/agent_e2e-d7bcab485dbe30d7)

running 0 tests

test result: ok. 0 passed; 0 failed; 0 ignored; 0 measured; 17 filtered out; finished in 0.00s

     Running tests/agent_process.rs (target/debug/deps/agent_process-d2af17a891ce320b)
     Running tests/app_flow.rs (target/debug/deps/app_flow-500745b34c71f2c8)

running 0 tests

test result: ok. 0 passed; 0 failed; 0 ignored; 0 measured; 70 filtered out; finished in 0.00s

     Running tests/protocol.rs (target/debug/deps/protocol-e23463f39e86df3b)

running 0 tests

test result: ok. 0 passed; 0 failed; 0 ignored; 0 measured; 8 filtered out; finished in 0.00s

     Running tests/rail_fixtures.rs (target/debug/deps/rail_fixtures-e56cad7cbeea0d3c)

running 0 tests

test result: ok. 0 passed; 0 failed; 0 ignored; 0 measured; 9 filtered out; finished in 0.00s

     Running tests/render_snapshots.rs (target/debug/deps/render_snapshots-9e5780bfe587d8b7)

running 0 tests

test result: ok. 0 passed; 0 failed; 0 ignored; 0 measured; 4 filtered out; finished in 0.00s

     Running tests/rpc_io.rs (target/debug/deps/rpc_io-0de7130f021ffc0d)

running 0 tests

test result: ok. 0 passed; 0 failed; 0 ignored; 0 measured; 2 filtered out; finished in 0.00s

     Running tests/terminal_restore.rs (target/debug/deps/terminal_restore-ca6fea6dd8a58b4f)

running 0 tests

test result: ok. 0 passed; 0 failed; 0 ignored; 0 measured; 6 filtered out; finished in 0.00s

     Running tests/word_oracle.rs (target/debug/deps/word_oracle-70f6555dbc43afd7)

running 0 tests

test result: ok. 0 passed; 0 failed; 0 ignored; 0 measured; 2 filtered out; finished in 0.00s

stable_nomatch_status=0
   Compiling minicore-tui v0.2.8 (/root/minicore-session-panels.H0sLzv/source/minicore-tui)
    Finished `test` profile [optimized + debuginfo] target(s) in 13.59s
     Running unittests src/lib.rs (target/debug/deps/minicore_tui-af634386f1131f0b)

running 1 test
test ui::component_tests::session_rename_dialog_freezes_target_and_reconciles_before_footer_actions ... ok

test result: ok. 1 passed; 0 failed; 0 ignored; 0 measured; 351 filtered out; finished in 0.00s

     Running unittests src/main.rs (target/debug/deps/minicore_tui-568c058fbfd7dff2)

running 0 tests

test result: ok. 0 passed; 0 failed; 0 ignored; 0 measured; 11 filtered out; finished in 0.00s

     Running tests/agent_e2e.rs (target/debug/deps/agent_e2e-b64e871d51c7da77)

running 0 tests

test result: ok. 0 passed; 0 failed; 0 ignored; 0 measured; 17 filtered out; finished in 0.00s

     Running tests/agent_process.rs (target/debug/deps/agent_process-55309027d38f1d42)
     Running tests/app_flow.rs (target/debug/deps/app_flow-42a1cf3a303744b3)

running 0 tests

test result: ok. 0 passed; 0 failed; 0 ignored; 0 measured; 70 filtered out; finished in 0.00s

     Running tests/protocol.rs (target/debug/deps/protocol-dc56f3be71031c1d)

running 0 tests

test result: ok. 0 passed; 0 failed; 0 ignored; 0 measured; 8 filtered out; finished in 0.00s

     Running tests/rail_fixtures.rs (target/debug/deps/rail_fixtures-70506fda20a97c9d)

running 0 tests

test result: ok. 0 passed; 0 failed; 0 ignored; 0 measured; 9 filtered out; finished in 0.00s

     Running tests/render_snapshots.rs (target/debug/deps/render_snapshots-b42f1f21b85b5e54)

running 0 tests

test result: ok. 0 passed; 0 failed; 0 ignored; 0 measured; 4 filtered out; finished in 0.00s

     Running tests/rpc_io.rs (target/debug/deps/rpc_io-630bec1b208f9cb0)

running 0 tests

test result: ok. 0 passed; 0 failed; 0 ignored; 0 measured; 2 filtered out; finished in 0.00s

     Running tests/terminal_restore.rs (target/debug/deps/terminal_restore-a23a0cb867b6ec75)

running 0 tests

test result: ok. 0 passed; 0 failed; 0 ignored; 0 measured; 6 filtered out; finished in 0.00s

     Running tests/word_oracle.rs (target/debug/deps/word_oracle-29877fa7f3d59cca)

running 0 tests

test result: ok. 0 passed; 0 failed; 0 ignored; 0 measured; 2 filtered out; finished in 0.00s

msrv_freeze_status=0
    Finished `test` profile [optimized + debuginfo] target(s) in 0.09s
     Running unittests src/lib.rs (target/debug/deps/minicore_tui-af634386f1131f0b)

running 1 test
test ui::component_tests::session_rename_ack_clears_hidden_target_when_query_has_no_matches ... ok

test result: ok. 1 passed; 0 failed; 0 ignored; 0 measured; 351 filtered out; finished in 0.00s

     Running unittests src/main.rs (target/debug/deps/minicore_tui-568c058fbfd7dff2)

running 0 tests

test result: ok. 0 passed; 0 failed; 0 ignored; 0 measured; 11 filtered out; finished in 0.00s

     Running tests/agent_e2e.rs (target/debug/deps/agent_e2e-b64e871d51c7da77)

running 0 tests

test result: ok. 0 passed; 0 failed; 0 ignored; 0 measured; 17 filtered out; finished in 0.00s

     Running tests/agent_process.rs (target/debug/deps/agent_process-55309027d38f1d42)
     Running tests/app_flow.rs (target/debug/deps/app_flow-42a1cf3a303744b3)

running 0 tests

test result: ok. 0 passed; 0 failed; 0 ignored; 0 measured; 70 filtered out; finished in 0.00s

     Running tests/protocol.rs (target/debug/deps/protocol-dc56f3be71031c1d)

running 0 tests

test result: ok. 0 passed; 0 failed; 0 ignored; 0 measured; 8 filtered out; finished in 0.00s

     Running tests/rail_fixtures.rs (target/debug/deps/rail_fixtures-70506fda20a97c9d)

running 0 tests

test result: ok. 0 passed; 0 failed; 0 ignored; 0 measured; 9 filtered out; finished in 0.00s

     Running tests/render_snapshots.rs (target/debug/deps/render_snapshots-b42f1f21b85b5e54)

running 0 tests

test result: ok. 0 passed; 0 failed; 0 ignored; 0 measured; 4 filtered out; finished in 0.00s

     Running tests/rpc_io.rs (target/debug/deps/rpc_io-630bec1b208f9cb0)

running 0 tests

test result: ok. 0 passed; 0 failed; 0 ignored; 0 measured; 2 filtered out; finished in 0.00s

     Running tests/terminal_restore.rs (target/debug/deps/terminal_restore-a23a0cb867b6ec75)

running 0 tests

test result: ok. 0 passed; 0 failed; 0 ignored; 0 measured; 6 filtered out; finished in 0.00s

     Running tests/word_oracle.rs (target/debug/deps/word_oracle-29877fa7f3d59cca)

running 0 tests

test result: ok. 0 passed; 0 failed; 0 ignored; 0 measured; 2 filtered out; finished in 0.00s

msrv_nomatch_status=0
3b68c835f9a9dc2e49943feb4270456cae764f3bae905ec84a2875ee736c46d9  src/app.rs
dd715eef9217567af1d3b0a6beb5c811a8fb3bfac71e4929d36711f205484a75  src/ui/component_tests.rs
da4f3b36fb8e5b9acd626326a7e9faaa5bbdda943d2926d7405e0a05fdb707c8  docs/testing.md
