rename-filter-fix GREEN-2
Fri Sep 11 04:52:20 AM UTC 2026
source
7e275810ae8c9baf2ba51974d59974714db3aeca2430c3e58707d807928fbe87  src/app.rs
24aae51b3ef9e2e09b0e9e29f9422ca5e7b393073eae1de969e7940911e9a1b5  src/ui/component_tests.rs
   Compiling minicore-tui v0.2.8 (/root/minicore-session-panels.H0sLzv/source/minicore-tui)
    Finished `test` profile [optimized + debuginfo] target(s) in 9.97s
     Running unittests src/lib.rs (target/debug/deps/minicore_tui-41daef67e6d48117)

running 1 test
test ui::component_tests::session_rename_dialog_freezes_target_and_reconciles_before_footer_actions ... FAILED

failures:

---- ui::component_tests::session_rename_dialog_freezes_target_and_reconciles_before_footer_actions stdout ----

thread 'ui::component_tests::session_rename_dialog_freezes_target_and_reconciles_before_footer_actions' (3844815) panicked at src/ui/component_tests.rs:2922:5:
assertion `left == right` failed: after ACK Browse must select the first remaining filtered session
  left: Some("ses_gamma")
 right: Some("ses_beta")
note: run with `RUST_BACKTRACE=1` environment variable to display a backtrace


failures:
    ui::component_tests::session_rename_dialog_freezes_target_and_reconciles_before_footer_actions

test result: FAILED. 0 passed; 1 failed; 0 ignored; 0 measured; 351 filtered out; finished in 0.00s

error: test failed, to rerun pass `--lib`
first_status=101
    Finished `test` profile [optimized + debuginfo] target(s) in 0.11s
     Running unittests src/lib.rs (target/debug/deps/minicore_tui-41daef67e6d48117)

running 1 test
test ui::component_tests::session_rename_ack_clears_hidden_target_when_query_has_no_matches ... ok

test result: ok. 1 passed; 0 failed; 0 ignored; 0 measured; 351 filtered out; finished in 0.00s

second_status=0
    Finished `test` profile [optimized + debuginfo] target(s) in 0.11s
     Running unittests src/lib.rs (target/debug/deps/minicore_tui-41daef67e6d48117)

running 1 test
test ui::component_tests::session_selector_query_refresh_and_footer_actions_keep_filtered_target ... ok

test result: ok. 1 passed; 0 failed; 0 ignored; 0 measured; 351 filtered out; finished in 0.00s

existing_status=0
