40a638f2ef3b3192ee1731796c77a6dcf018d95f66f817ef191eb3b6182e01de  Cargo.lock
3276ec5037bfccbb5352be6ecd1ce38f29d23269098635107c1a839564705dc8  snapshots/chat_dark_80x24.txt
3276ec5037bfccbb5352be6ecd1ce38f29d23269098635107c1a839564705dc8  snapshots/chat_light_80x24.txt
349df5215701fd1fc1410511594fabe2943ee37c16df3083b8d9204e327c7ec6  snapshots/cjk_80x24.txt
516045a542c2f57fa2b50321ae36c85579b05ff1e72df668c0b572fcbd2cddaa  snapshots/close_user_dark_80x24.txt
7b61fc71dce9cfb169fb72312a0bb2b9d69a181258d1d582a78415d906c38e67  snapshots/close_user_light_120x40.txt
c831d0d5ca2a07c6d26f71c6001bb5b389c423057e3c61ab4dbb857db0dc803c  snapshots/empty_dark_80x24.txt
c831d0d5ca2a07c6d26f71c6001bb5b389c423057e3c61ab4dbb857db0dc803c  snapshots/empty_light_80x24.txt
00142d806a23149ccab7d8bf246b91a511a873c23ab26625da6f592936b41aa2  snapshots/empty_model_search_dark_80x24.txt
74d3bff225e877c27b528b3309bf5b8bfeb1c58342f7c08fa574b07b6c7e97c7  snapshots/finishing_dark_80x24.txt
62e209a4ddecc585f5b9cba90e8d62603175d274c3135e15a3b0093c23ee80ef  snapshots/finishing_light_120x40.txt
0729a72c8884405c0af96bf49def20d5275023e914ae15c93f088b221face28a  snapshots/help_dark_80x24.txt
13056c8762ebc6bf854e7703b82c98b7b271cba1cbbef68b817027b3fd211d22  snapshots/help_light_120x40.txt
47df55fc4611580797c274f7f206f0163305ca279bef46b15e55dbb1dda94d61  snapshots/logs_dark_80x24.txt
d27dbe21d357e8c989400c529fbae3d01a1aebb965aec4d43cc9a19dbfb0b24e  snapshots/model_selector_dark_80x24.txt
b4c156b881185a4e9b834bb8a5e5a260b777b1a5ef5163c2fd1fdd84a8d2b436  snapshots/model_selector_light_120x40.txt
ca322e4099ff48e118a26c75da83a8e58a3805ce9e7e56a2958f6f520db12655  snapshots/multiline_composer_dark_80x24.txt
87b08686f72a2e0d9174715a827635b2c3d651c439dd42279a27ae1f7b7e7e70  snapshots/narrow_model_selector_dark_60x16.txt
750fe82191047fd6aefd0fe7c03dc935d4131411a8581b049dc7e1c22d8d7118  snapshots/new_output_marker_dark_80x24.txt
096b143bde4430eca25fd9fd0d1f870c0d4f1656d31c0b50f67f4145ab8bc5be  snapshots/new_session_dark_80x24.txt
282b8da5cb2f414933d7514658c6e098cb5622d09da77bdbe04c8e72d090e674  snapshots/new_session_light_120x40.txt
5cde0c492b90378721efa874773b36278743b9c1a0c577ba81973c9ffe5577ee  snapshots/pending_model_dark_60x16.txt
b1b72fc1624cae087403f137f3cc4410eb9808126b422f6b696ae33f88449669  snapshots/pending_model_dark_80x24.txt
49357dea25a8f1c24d0ffd62fc243e955757d45b74c1f296fd1324e17632b86a  snapshots/pending_model_light_120x40.txt
3e33b43e85d8d0d39f977e65341376e08b7dc8d5d0aa6f6dfa2bd8de4ed6c0d2  snapshots/profile_selector_dark_80x24.txt
c6f577d1fcc0b3a3d10ebe04415a5d5a896fd14fe904b112bd0bd405de530ca1  snapshots/reasoning_hidden_80x24.txt
55468aeb0a338f07b013541c6582fb3794fa3b38dd7ab094241321689dc6e6a9  snapshots/reasoning_selector_dark_80x24.txt
37944d3309bf02e656eefb09b9a8057ecaa3d77be5a319ceab3608c13f9c2b63  snapshots/running_gap_80x24.txt
32dc0687652bb2a153ef52651de67f83db1afeda374762714bec1b888a06dfa5  snapshots/scroll_top_80x24.txt
961e5a9ccd317e03e23f2d620f5eac4eeac37a7cf0e66fdd31dcc660a33ef520  snapshots/search_query_dark_80x24.txt
e53eab84fb6f0555f29e56c213f23f93a873baa5c2b388a27c6a81efe5e2d447  snapshots/session_selector_dark_80x24.txt
c55c99fdd7f0289d16f70d42f0b3f107a1a2d2e203a4dd3e32b3e8962958f943  snapshots/session_selector_light_120x40.txt
fbc9a643bf1470b64ca13e0e6ff7843eec978adfd47418e24e0809dd5fe69019  snapshots/shutdown_cancel_result_dark_80x24.txt
8dc056e26d5651f5dd50c73286fb75f294ee63db261703232e109a710abebd57  snapshots/small_50x10.txt
c668dc380656ebc1fc233d50c740019ef61350284b4241c251c86a6f2ba9efbc  snapshots/steering_dark_160x50.txt
7ceaf0e017367c5d5eda59cefd892ef8c34eb58c4bf3f2fcd8228b5ef7c3341a  snapshots/steering_dark_60x16.txt
cbb947d67696d6f8b5e12136c9c45f93d485961d64e75c53ff085e0ef99ecbf4  snapshots/steering_dark_80x24.txt
279cbe660f75d849e5d76d4b7c572f45ee531e5558d934f9bda9bafe4464e80e  snapshots/steering_light_120x40.txt
8ee3d0b96b2eb1301469d361f5a8bed6e9df6dbcd653538e21c5e69fbb724368  snapshots/store_error_dark_60x16.txt
d0240092603fb02c1831082645abba6a6ddcd857abe79656055cda4617878493  snapshots/store_error_dark_80x24.txt
7435a1def463680232614ab291e810c8614373c47a6efe081c074e21d4f8759a  snapshots/store_error_light_120x40.txt
b061ae36b74b9312bca1fc42b62225d6863863c0c7ca15236f282f506c8dbfc1  snapshots/tools_80x24.txt
5e36b09e106a86957b94ad83cc54beddabfca5bf998cdc1e495d4aac8bd52c7f  snapshots/unknown_cancel_result_dark_80x24.txt
f77cb40c7f1d1d5cd9519bb287fff13feae09b7cd49be2c0761896707571c6b3  snapshots/unsaved_gap_dark_160x50.txt
0d8877185839c7889d72b77a5d1f740e0ae1341c707ce9cc5ca07630fc7eca19  snapshots/unsaved_gap_dark_60x16.txt
76b206196045e1846eb6958762965cd513bbd0d59abda3ec3015599078a79477  snapshots/unsaved_gap_dark_80x24.txt
19b64608dc840045e83740068aab0e2803801121c9e8a1281ce3018c71bc5653  snapshots/unsaved_gap_light_120x40.txt
11d11e598e4e68b21499f5700ff00a6836e27b6ef78f738c128f7b83950dd0fe  snapshots/wide_120x40.txt
3b68c835f9a9dc2e49943feb4270456cae764f3bae905ec84a2875ee736c46d9  src/app.rs
6d89319e279eecb96158a2ca014b852670410fa44b536fd5c6d2bede892f7067  src/app/ui_actions.rs
6c6d34067ad18e989dd4517714cbdaaebd5dd9c9fb06ac98db6ee4d620ff4e01  src/args.rs
2649cae73fe4ef255fe2f16812016ad379d8c635cb3ae8d919a014be248e443c  src/clipboard.rs
93056e0770f66a5d366c155071a1d7bddf82d3e79885383835f893e2dc3f1636  src/command.rs
561c2ef6c728f1de67c13cc6d6a294376bb79ce75a634aaf858b8e242006cf21  src/error.rs
06e977e514ebf938f92ad59d31fe91e23aae9c2103d70d58da9036cb992f5a20  src/event.rs
50067c9b3683b32eecef921b7130b9a2e70aed77032f2eeef0107de956fa43e0  src/keymap.rs
e6b8db32b5d66c39603b225a341d3e3efea67dfc59c2333dd56db939c7b60d35  src/lib.rs
a3aa6945b5e042ec14fbb5b237facdf02d6fd4a8362f61188b20933ae4e0d0ae  src/main.rs
71f6a849d85a870ebe2e4da1447931d8a0712e4eaee9a2d02f3ffa98feeb7d5a  src/markdown.rs
48f8f3bd209cde32b16b9aeb18c72b4aeb876e882db85644bf5a4164b20b8775  src/protocol.rs
14c0c4943b176ffa5cf7efcac75655ed4271d9e7eacc91256c4f6753aac49422  src/rpc.rs
ba17a711e19400fcff6d9b6ecbe4a3154042407af52374a656d848d94a363aff  src/state/catalog.rs
c3644d3c605dcfd997a3ec4e339a8345d3b01ca4173a3f07c3e06a8ccbf7f18d  src/state/composer.rs
97007f3ab18add384f2d930dba0c8a0129072f2b48e4ab1104947b06c357978e  src/state/mod.rs
5724504228ec91969990098ad5724394493f531fa87521a0ca7845f2bde91842  src/state/selection.rs
91ff7325c31782ee2d58644b6bc40723b0d915ef1dbbfad56d18faa6375e858d  src/state/session.rs
afa3f801546fff552acda96c372daab4dc4ceee7f2eea78f480e6b3e7623e8d0  src/state/tool.rs
f62439b3fc3333d6a241bb7a55a473d192c284e7e1e36b1acae558911e5ca9b7  src/state/transcript.rs
dcbf3dca5068b99b2a93b217c34c64a7fd950e8f5a5e95ca97b3306260a8315d  src/state/turn.rs
a9d49b73ee7c977df24f6149ec0025fcf6d9a5534d80be0d18ae18e1dd54275c  src/state/view.rs
dfb49df7e292c5bf3d28ebcc210d02a76a20eb49f30a712d2b4f06bd25aee5cd  src/terminal.rs
2705820a49cd15226b7d0d1ed0bdc7e741cd32efbb5a8f3fe706f3c37ac5951e  src/terminal/writer_tests.rs
13fa6bef985ca967c58a9103da5e00db2626dca9e261a4e0249ae854f1bcccad  src/theme.rs
abc9e20603c6e57a5867491c1e46b71f1368074e0188a742cac147c67981193e  src/ui/assistant.rs
dd715eef9217567af1d3b0a6beb5c811a8fb3bfac71e4929d36711f205484a75  src/ui/component_tests.rs
b4a5163e13a7341a2796889e6a275a8aa72275664e2c6183f455a5504e0353fd  src/ui/composer.rs
4c08c62a1894df5a481120eeeeb9a6c2df364fbead9c55847f186002b955f870  src/ui/editor_layout.rs
328a763b099f40e48e97d725186b804386e5f9aca376e7d19b54c9c1f38b9991  src/ui/error.rs
cbc561d3a6b69139a13ac17bf732180c643317e5118b3384871b0ed9409aea25  src/ui/footer.rs
a5f2906e0b0701f900eab9608fe15163f94f68cce7ef76cb0f316fefdac4c95a  src/ui/header.rs
1351e9c6464ca7aec81081261ac8e7d584abebe7208d61c266000229195069c9  src/ui/help.rs
3f417563f3bc3bf0245780d664fdbb4c0a0939270d435b66fc686bd80de7f8ab  src/ui/layout.rs
2897a0e9886aadbfef6fbdc003439508a6dd73f6ccccd6665bc6f487c0c0c344  src/ui/logs.rs
f5d71c48e6d6aa6839405a28c1271bc4c9ac2cb842bf61b95ed0941297abda48  src/ui/mod.rs
79f85767664e8bf467b97ecdee5ec71bf08144fa7752f4a79474e731b2dfe4e6  src/ui/new_session.rs
7cb6b08c9dd63a027e60ab1baad4131a341ca06882967d87aab9ef93e09cb197  src/ui/panel.rs
f0f7214fa3b28642f1ec9a1ed939d7b832761c3612f6a7836a7d994f424b4b94  src/ui/rail.rs
97df4f11ab84d8644c04b14f0c935158cde981bd89612b652fd5d9e029a08ed9  src/ui/reasoning.rs
06dc52388b644da8f1d0e29deef40773b5a040a19896b4cc2afa838157a8a25c  src/ui/render_cache_tests.rs
b15c854f8ac1c8b04a89ea2fd79c7ee6b1cc99756a4c36be2f01e4686dc62710  src/ui/scrollbar.rs
9982425a10863f28d61705e4a1588f69b43c400d8651ce75673aca1161f8e270  src/ui/section_gap_tests.rs
ed9fe389c03661c93d381fa5b5c6c24932ac8840fae565c1159cf6d59e8c0471  src/ui/selector.rs
8f7e5cc93070da12a9a83e97607c276e56e0537001e24a37c8c08ac99a93f2a3  src/ui/settings_footer_steer_tests.rs
3078e64947cc637cefae8755494b9a618e93fa46ef9bfde97ffb6bbe8044f98f  src/ui/snapshots.rs
ff6d9de7e5476827fc87099bd0ea20b2c16dc32aa52a8e0754999fa10fb8a1f9  src/ui/status.rs
3f9567cc787f71e3bf0eb1c4e485a28049504ebc79b2ac5cbbe6c9cc122b2446  src/ui/steer_queue.rs
360f54a11e342a873f268ed1d0bbe94452f76d3deae25ccb3320c40032813bc9  src/ui/testapp.rs
1b24e0189e10e81e63bddef408a76519ac6027e400c1cdfede54ce6c703068e5  src/ui/tool.rs
91a2bfac4e2e843382da44af74af06a262336660b7edab1399352e9216200064  src/ui/transcript.rs
b71e2e43447c3fe2cebf80e62dd946dacb04b758f0e318152ba5afd78f269aaa  src/ui/user.rs
caad603e17a4f3aa90b66b1b7313b029fa6d087ebc016d25ada38a83d46f5a2f  tests/agent_e2e.rs
596a039db1001e65472528f9eabb1429828a74a0d1beb5757f4f343f98dcb3bb  tests/agent_process.rs
d7657a1b612aff609ccb4868222b62b6ca4cb31ec6d2d4918ae8e854f23934f5  tests/app_flow.rs
6c13e795f205a61ea5d04f676f2f85a67bb64f09502cf1f144f6706513bc6db5  tests/fixtures/protocol/history-page.json
e8bddac1bd37e7d88bdebf1c739baa627ae541bfada233f36bb4cc90a2c89868  tests/fixtures/protocol/model-list.json
6c5657f194df7f8726ff708293cf28b5fe339dd358e09259365bc09e717c6a98  tests/fixtures/protocol/output-delta.json
c01c9f9eaa2909e8e5dac1af7c07ec5a9d92703eb25d2ac08d55366b75ff7e90  tests/fixtures/protocol/profile-list.json
dc9687ad8e2192737aeb9d004820563c8f19772b1054ec27d09d711caf79777d  tests/fixtures/protocol/rpc-error.json
5a79074f5d599bbf31e23212383cb754f5033827a21b417bf93f83a7011585dc  tests/fixtures/protocol/session-create.json
80236d89bd2ce2437e39254680541936d3f3519efe04eb6530dde0b163ec6b44  tests/fixtures/protocol/session-list.json
24d3cd9d1c15a54bcddd058448bf7fb93f6f5b7ed914a2e8912dfcf8dfbf7e13  tests/fixtures/protocol/session-state.json
720b62562ee541722aa4c35f72e23ed1a4efc30f387646fa78308d8510a9ab83  tests/fixtures/protocol/tool-finished.json
66291dd0873b61a6e29bbb2559f8a323ee9aa87dcace84c752a2dc52aa77535d  tests/fixtures/protocol/tool-started.json
f9be7476183b4a09b53a053ea6dcbbb58a33122d2e3a89e9f574422e409a5903  tests/fixtures/protocol/transcript-page.json
0ebcdcad43342449b41ba741fa2a38795035e25b6839f0c441ba69f16db967a8  tests/fixtures/protocol/turn-wait.json
22105a2ccb4a411b96de856a530c1e79169cd4121ebce58974e1a60fbf53d939  tests/fixtures/rail/editor-click/ascii-middle.json
f573dbb4cd8cc3fa10daabf2deeb4748eefabcc53f8d0226702bdc3dfdf9f633  tests/fixtures/rail/editor-click/wide-grapheme.json
c256c854d31e4681d01e52a4aad2ea1727fdd70faa83a88e062f47f01ba9fdf5  tests/fixtures/rail/editor-click/wrapped-uppercase.json
81ab8ee31359979c597bc49c7671b7f033cfc911fbac013139a3d0dbde7d5f7f  tests/fixtures/rail/editor/cjk-emoji.json
6272745dc749fe724ed8ef0da72f377819d64cdc63503b3a68ddfbde1026ad57  tests/fixtures/rail/editor/cjk.json
b89b89a79bf132222cd00859b7815808c9ef20535af9fb417c03b562d2240f2a  tests/fixtures/rail/editor/cursor-mid-13line.json
c4c859e7bce8d2a5b459c70baaa5fa9fd88f25f4bada4b43649201c5e0f07094  tests/fixtures/rail/editor/empty.json
356361d06b16d4b47894662089c0ac4b6df73e56fc871fa3b0f8e5d5b4ee134d  tests/fixtures/rail/editor/four-lines.json
c23f3af3add50b73a1e209f620fabeb98c44e31db9a6fd603571525bebafcc9d  tests/fixtures/rail/editor/long-soft-wrap.json
9280ef289eb2d492a83f20ee093e25d066401b6b207d950cf5b09c8c4bc0cd24  tests/fixtures/rail/editor/narrow-60x16.json
7843fe8aec58faf20e573f4f514ad68589120ad0177ee81abb77556e9152579b  tests/fixtures/rail/editor/one-line-centered.json
463da0914144d5900969523e50fa02f3bf004d16ca4bc72b62253123b9059229  tests/fixtures/rail/editor/one-line.json
75f73746c4a728f0d8ce6f7cfc9666dda750e12be41242be9a92c2c9d8d62e93  tests/fixtures/rail/editor/thirteen-lines.json
a40b68e2918876a59879c3099c2c7d7864568ae4f7d9642bae4fd28381caa109  tests/fixtures/rail/editor/wide-120x40.json
f0dd9338b0a877601a2298b2841c43da7ef84fdecc4a893899204d027f7839f2  tests/fixtures/rail/footer/context-69-99.json
66557d0311c49f608e60957ffc76f38ce3cdb58a8dd092e6f6f947a750931cbb  tests/fixtures/rail/footer/context-70.json
0d90ab6bab7bd05ec3238338c2b21c2d33f7cf94df7a0f31551fb96bd0d6a717  tests/fixtures/rail/footer/context-unknown.json
c9296e7fa519cee3966db12d1981732968b0840e242e1827e6a90a7bd2a86838  tests/fixtures/rail/footer/cost-0dot0049.json
ad6dd2d3ee4b1a6dd00dd4eade81815816eec17d759712281fa95f787ec9e502  tests/fixtures/rail/footer/cost-1dot5.json
8ce2869caf699be63b669728adbe90c82b8d9d830afd328963226e6ae6c9ec71  tests/fixtures/rail/footer/duration.json
58f05074dece2eea2f1bfcfd299fd405704b7c2eb05b7b5fd8a254e45ecd4082  tests/fixtures/rail/footer/layout.json
aeac763b53b44db9bac4d09a68461ddce9ffe3862fe53b438455113fba58d9f3  tests/fixtures/rail/footer/model-short.json
1b67f3f1c0c461adade0d177f72cc5286654b8a791b4b1979b5c5c6f21325d75  tests/fixtures/rail/footer/narrow-100.json
ea9cdb343bdc246bd591d657ebeb07cc3897535b546dc11ace5b78100e6487bb  tests/fixtures/rail/footer/narrow-40.json
b5729dfb449e50de058f60a4a61480921c1b43698af14b65dbf06307cd25dee6  tests/fixtures/rail/footer/narrow-60.json
01cf09fc20a5d4685244731ea45daa883daee0240b40ed4431a71af8375f1ab8  tests/fixtures/rail/footer/numbers.json
8140730249a46d976768461df4f4e669d7c5a7660bf4a0eec093d1aff6ecaa36  tests/fixtures/rail/footer/queued.json
0602cc6113f0c79d693620c576558ccc31bb902d654f489cdabeecd08fbbdb08  tests/fixtures/rail/footer/ready.json
59f95055a72b1445f1e8bb4e13fe055fd9c41687febd0a50dba06768d68bed7e  tests/fixtures/rail/footer/selection-copied.json
991d020f2c4c25f9c2b3b6c1ae201ee10572e76ff15441d3b94c2fceab6f929c  tests/fixtures/rail/footer/subscription-no-cost.json
00e5f34c0221bbb54d1e2809cabec0b2c8fbba04ac9806260e421b5222a8d021  tests/fixtures/rail/footer/working.json
3cba06b34eafc287d386361c879d7ab0d09963912539b4f681f3b76adba39195  tests/fixtures/rail/markdown/bold-italic.json
a114ad82aed965993780ee9bcea08e59025f4cd34487af3788fe76250e575064  tests/fixtures/rail/markdown/cjk-markdown.json
c56ecd3715c89db9ffb4efc5c700cc07b9d6d36b7e0ea7df8fb15a27ea11932a  tests/fixtures/rail/markdown/cjk.json
b90a84e327b5cd2c4d662c4bf0404b0ce6654a383ea0438086307a4610a17367  tests/fixtures/rail/markdown/codeblock-ansi.json
5ee983b4f8944dc098474569650043b179cab79ccf7812d506950637270c93ce  tests/fixtures/rail/markdown/codeblock.json
81e463f8342f181d1b25b40b5f69d8bb6a4f37d9b346c4fcdb7ebdaa96b1b40d  tests/fixtures/rail/markdown/emoji.json
4ec575da619f815139b02712e51e2fab8295879a5d3f998c227732b46a01b9c1  tests/fixtures/rail/markdown/heading.json
76931f6c63e30849405b587c7ba86f4c893c887428d6cd419cdaa9bc0e89b9f2  tests/fixtures/rail/markdown/hr.json
12c1c47b21eb7c1ce79826e8b3d5a30394937c04ac410843d92de4964f945ade  tests/fixtures/rail/markdown/inline-code.json
41e63bbebea91324f3252276fee565bf9ed1ae7b2fc6c688f11664572fd8c523  tests/fixtures/rail/markdown/link.json
ce46eabf1ac9bddb0efcc3dffe4a47bebcca1096c97a83ef3d82bab54ec3bc7b  tests/fixtures/rail/markdown/list.json
82b097ec913effa3f2a489ad061bc7c181f48f0665440cd446b0dfcde93a02c5  tests/fixtures/rail/markdown/long-wrap.json
e22145e5bcd5be567bec7f8dd218413f44a92dc9748fb7a9c36051fcf58608f6  tests/fixtures/rail/markdown/nested-list.json
de2b1da805bdb77c72d7f0c4e6f90c2c12846e36cb24eb93102e94c83491f2ed  tests/fixtures/rail/markdown/padding-x1.json
549315f0632004bfcfa3077fa76af7f5f42220e8410184ab2ee979f3969fc8f8  tests/fixtures/rail/markdown/padding-y1.json
c870968b8dc61f470a4548b9043b17e4dacf3833268b4f4028f98970bc569178  tests/fixtures/rail/markdown/plain.json
17fa37320e6e5028567b264967c87ae1ba046d49806388f0870d31c079cabc49  tests/fixtures/rail/markdown/quote.json
548e74d4766ac73eb312cc51eb3901e731c13e0e075fa6fc7066cda12a800192  tests/fixtures/rail/markdown/strikethrough.json
8e3694f2e1804417206507f93371b89a4d9106171c8f19ad1318dff91f0ca728  tests/fixtures/rail/paste/eleven-lines-marker-cursor.json
f5bcd2095412888d1b03750940df6a9842b2c06ee7c5cd68869b9a2f4f2a4ca4  tests/fixtures/rail/paste/eleven-lines-marker.json
9f45a9da2b44f02667c93f8a7df0430e3283b1b58b72e761a16fc42b7fa7cc2e  tests/fixtures/rail/paste/single-line-inline.json
798d9e07f27c9bb5281bfb037b2cf3aad7bb151fcbb43a4042ebddcbaa45af78  tests/fixtures/rail/paste/ten-lines-inline.json
04b8b0080b780938da6294cbec4189149edb6a45f20254cd29afe84f9d9d5520  tests/fixtures/rail/paste/thousand-chars-inline.json
0f8a354a8d1291abce20d158191d4c1c53e221286c98ab116af496cb6a33752d  tests/fixtures/rail/paste/thousand-one-chars-marker.json
0e2e208bb722d1311e231773447e805b263426d4a55b40cc3dd692d45c478e34  tests/fixtures/rail/paste/thresholds.json
1ab07a2be384a78dd11a48ae8edee93e2a0a1f2efde45ab085c412741b31188f  tests/fixtures/rail/PROVENANCE.json
663ae80108ec661cbada5a01edb178a94e8a0323081e84c2eadfe60fef340b73  tests/fixtures/rail/scrollbar/geometry.json
ec3b74d7dda049d33ad89b525a317654941aca765f993b2b3ec1f0e719764d44  tests/fixtures/rail/scrollbar/thumb-bottom.json
ab9a7bc1ca3f54e2bd60a98418ea4c3bbe0e8e0e64f92c23ccec8a1d59d8c7f1  tests/fixtures/rail/scrollbar/thumb-mid.json
cc8581987396ab011255a01b08d4dc124ca6cab2792ef5aa4b309e1cac08adad  tests/fixtures/rail/scrollbar/thumb-top.json
56fb595ee1ca2ac0a118f571fde109618057fa3fb41f4b592f139e604d38df55  tests/fixtures/rail/slash/enter-keeps-skill-command.json
450498808d76796bb60dbce860779b872e2f17b82a5a9b073bd5b7504c67e7c1  tests/fixtures/rail/slash/enter-no-list-submits.json
6c340d4ced73075b154cfd62dab87b6bfa93775f619e2533cf546bb6461e0de7  tests/fixtures/rail/slash/popup-rows.json
ffa9cb78c40fd3e5f436c94a1dff410ba0316d42c537ba215f22d9a495fee694  tests/fixtures/rail/surface/editor-blank-padding-1of4.json
a50c88a28d1ea83f7ecfb9c698c91e4ae8bc6bf216f22ff0b81568e0aab32c77  tests/fixtures/rail/surface/editor-content.json
36e71912014f64bbac6e05e3a337ee9b2615dfdcbe640a14c42785b7941440ec  tests/fixtures/rail/surface/editor-window-13-of-12.json
3b29b68119f97c7c289384fd22017b6f26a05e409eca1263f9bdad7b9daea298  tests/fixtures/rail/surface/editor.json
f850fef47737e1aaff74eae00db4b9a817d6431cb38d43420aaba0b69289ed6d  tests/fixtures/rail/surface/geometry.json
2481739a43a6194e2766aa765b854184fc254856ecc5d083b55ee264766f2df0  tests/fixtures/rail/surface/section-thinking.json
18dbce538f5e9ac7b37638daa2e5d1526537e442fa84fd01b224f827260550f6  tests/fixtures/rail/surface/section-user.json
9ac8e7a839b88fb66ea92b310f55b9837aaf2bbd0f115b0034d2d26f59d465ac  tests/fixtures/rail/surface/thinking-content.json
b9a5d4722270d58ae2254f45ceaef3b0eebca9b62b40c0b135967ecb4646daec  tests/fixtures/rail/surface/thinking-empty.json
07e6546d66d6a18829875324d07536c57768f16c81fbcc5f5f41bbaa56f4e71d  tests/fixtures/rail/surface/tool-cancelled.json
51f5954e991fca5316726a83a571c68c69a8857a6bf35c7e76f099b86a285c69  tests/fixtures/rail/surface/tool-error.json
afde822d1e7e03c2b22e6e7bb975ddfd1be5f218c07eb77314c0f5c224ff951b  tests/fixtures/rail/surface/tool-pending.json
7c073a3a2ab086034364abdf5f89d292757c0518fa0a25e27a4721a05e6c02bc  tests/fixtures/rail/surface/tool-success.json
748b85958a51489d21c32bd54ba7b82267b609450eee1b69a27b8f1d5567ac4c  tests/fixtures/rail/surface/user-content.json
08bd210f15d8df5e4b995aae859e380564c434db5c00f186de685959a9615445  tests/fixtures/rail/surface/user-empty.json
d00c483ec833b8b1ad91b904addd390c8fb16d360980b05f8f87e5a0698d18ee  tests/fixtures/rail/thinking/hint.json
f81ead09262acdbda385acd809727e0675b346c0caf712ddde632a2fe6695db0  tests/fixtures/rail/thinking/lines-10-collapsed.json
e483508195bb932bb1f95a8c9d2e1918d539110e428bda336c3fd82fc28fd268  tests/fixtures/rail/thinking/lines-10-expanded.json
8ad166d606e3cb77a6af7389a73d7ebaf85b25a70daded7d4d5985d693973790  tests/fixtures/rail/thinking/lines-2-full.json
d47cf378216b4b823235b174079ad3388300899b6e7654c53b5af3fa85a2e3f7  tests/fixtures/rail/thinking/lines-3-full.json
375038762c18b1f65ff67663e8939a245e6e2b6c9fafc31ddee92b74475b1ff3  tests/fixtures/rail/thinking/lines-4-collapsed.json
5df2def66cc0ad6a0eafcb417abdf965083c524033f4d9286700e161ac761008  tests/fixtures/rail/thinking/lines-4-expanded.json
c4dd18487f6afddc793203d386c7c1e83aa5b5d94060040465e7a5184ee2f0e8  tests/fixtures/rail/thinking/long-wrap-lines-5.json
1c94557683de50a1ca24c0a420f8bc0ed9be6c8ce1acda38bec8a3da42855f17  tests/fixtures/rail/thinking/manual-expand-kept.json
ac53f10bce577a43befcc4a83c5925c2a3c71cd00dbb5b26709e325091a74291  tests/fixtures/rail/thinking/merged-parts.json
e407aa1df5f114bc8a234f4afcb80342d916858e1930b6c231ab783372dc9c14  tests/fixtures/rail/tool/accounting.json
ba897525656a77d2c349b480f9e4cb721fe7815b0eccace90c0c3fbe7297bcbf  tests/fixtures/rail/tool/expanded-50-rows.json
6054a593ce94c00cdc7dd3894bea5ccad400412cba666efac3493f1821e66ebd  tests/fixtures/rail/tool/model-tool-output-19.json
6e46b9a1c281e339c3e3d403df52b86fad88a149c75a59d0273e1bec8e3e7758  tests/fixtures/rail/tool/model-tool-output-20.json
49298a2b7f9c81d1874d2364db0a1f97a9462320b113c35e4840ee02333859fb  tests/fixtures/rail/tool/model-tool-output-21.json
b439405a0303f83a5da987d4858e842ce2b8043166322f7ce16c524e55cba913  tests/fixtures/rail/tool/model-tool-simple-bash.json
2b471027a4ce625a9b86694d0138cfef78c75fefc8bae5994c3a72983691d29c  tests/fixtures/rail/tool/model-tool-simple-read.json
74929e44f7617316ae84f4d22d6a506c1ffcb7d170cac7622f1dfbf40827576d  tests/fixtures/rail/tool/model-tool-simple-write.json
eb8e7350af8dff6f3ea80b9fd6ebb6879219d251fd833dc5e6cba0d17a26a06a  tests/fixtures/rail/tool/reference-bash-mode-output-18.json
45743d85721054fb9860835d57a374c056c12f1dc2c49a75e1c59a978136065c  tests/fixtures/rail/tool/reference-bash-mode-output-19.json
efe80b0c93decc60097d8d1121906a07fed67f02c07ae813d052bb10f5357cf6  tests/fixtures/rail/tool/reference-bash-mode-output-20.json
7562a752a2a70ddc8d7f406ed0b47d0554ceb74bce038edae0b11cfe1faf8b1b  tests/fixtures/rail/tool/reference-bash-mode-output-21.json
ef62feb68566f87cedcaa614b9c2fa772fdcb8aa4b04b81d5a215a7513704d2b  tests/fixtures/rail/tool/reference-bash-mode-output-68.json
052f1987b6fc6744858c3340c4d207c599a641b3f856a5de0539776906afe3a2  tests/fixtures/rail/tool/simple-generic-tool.json
bf74073d8f451b7c8b864f153d12980be5e9ed08406fe5f1f3f29b7bcfea0afc  tests/fixtures/rail/tool/simple-read-range.json
1fe550a7889802f491df02e708fb79ab47d3135300a548a77e2ae5baf4f75cfd  tests/fixtures/rail/tool/simple-reference-bash-mode-command.json
d77dde504522a2af6d393cf7a24d8ed261279dff0477bdf39ca707360988eb98  tests/fixtures/rail/tool/simple-write-forced-collapse.json
bbe0576f91baf53eae13c55cf5527381f4ede6a7c8525d8b31961fd1bb78ca37  tests/fixtures/rail/tool/state-cancelled-as-pending.json
6d6f7356f8f6abbcc109d0cb13b7b4bf1664db81d11c1584b6f5e2fd24949865  tests/fixtures/rail/tool/state-error.json
036e4244375794c0665bd6de1d78ef97303991bda65660ce0b1accd73710cbde  tests/fixtures/rail/tool/state-pending.json
00f6368489820ac50a1bf3c4cc0c733d66884b0f68598a264b0662e2113ccd65  tests/fixtures/rail/tool/state-success.json
3ba82dd25f291eb02119fcdb689017ca0d544fdd77ba2b9f94bfef67e690dad8  tests/fixtures/rail/user/registry.json
c0f5cc9850f1d25113ee706747d74fbce9e68393f779de53a493f95f2bc9bb28  tests/fixtures/rail/user/surface-basic.json
750001cb3ae105ac9f0cbf1edca428356703da9b8f8287b447bbaf41b55c26d7  tests/fixtures/rail/user/surface-duplicate-text.json
a4622a10da7c474c8b06a18f6eb48a9f999a08478e62333c1b4e720bbc9650c3  tests/fixtures/rail/user/surface-markdown.json
829a211e8dd9a257d2ab81dd0b12617fdae4fd79f2fc957cc6020cc4ae8ea15c  tests/fixtures/rail/user/timestamp-format.json
e6d282e4ba277e5705aff7ece0c71dad03cc7a630f173af781344339cf9dd748  tests/fixtures/word_oracle.json
1b574a33d9f69d3084591555a222e8f025f3d96cafd46f7e434fe1c279f05b1e  tests/protocol.rs
8acaa9119c56a194990cb58e827676622de616571d8c2a0471839a00b08fa35c  tests/rail_fixtures.rs
227a7ecffdfe659ab72910c241683e41ff4bde1206dfa2a29f5d817c919af2ea  tests/render_snapshots.rs
7301f56eb77cea6e4b8fc75fbf84f85499c4e7eddd7884a8c9a3076509d85dfd  tests/rpc_io.rs
a6c10387566926cb5aaa9f7e5ba6481814e1084b1af873c7e677bc663ce51e65  tests/terminal_restore.rs
bb57f26667f7ab2267e752190c68eeacfdb086a6f76b8ea9ece5018fdcccffad  tests/word_oracle.rs
