   Compiling minicore-tui v0.2.8 (/root/minicore-session-panels.H0sLzv/source/minicore-tui)
warning: unused variable: `gap_revision`
    --> src/app.rs:3280:13
     |
3280 |         let gap_revision = self
     |             ^^^^^^^^^^^^ help: if this is intentional, prefix it with an underscore: `_gap_revision`
     |
     = note: `#[warn(unused_variables)]` (part of `#[warn(unused)]`) on by default

warning: `minicore-tui` (lib) generated 1 warning (run `cargo fix --lib -p minicore-tui` to apply 1 suggestion)
    Finished `test` profile [optimized + debuginfo] target(s) in 18.26s
     Running tests/app_flow.rs (target/debug/deps/app_flow-500745b34c71f2c8)

running 1 test

thread 'history_failure_clear_and_reopen_keep_destructive_actions_guarded' (3705003) panicked at tests/app_flow.rs:3785:5:
assertion failed: view.event_gap
note: run with `RUST_BACKTRACE=1` environment variable to display a backtrace
test history_failure_clear_and_reopen_keep_destructive_actions_guarded ... FAILED

failures:

failures:
    history_failure_clear_and_reopen_keep_destructive_actions_guarded

test result: FAILED. 0 passed; 1 failed; 0 ignored; 0 measured; 67 filtered out; finished in 0.00s

error: test failed, to rerun pass `--test app_flow`
