   Compiling minicore-tui v0.2.8 (/root/minicore-session-panels.H0sLzv/source/minicore-tui)
    Finished `test` profile [optimized + debuginfo] target(s) in 9.27s
     Running unittests src/lib.rs (target/debug/deps/minicore_tui-41daef67e6d48117)

running 1 test
test ui::component_tests::event_gap_blocks_session_panel_close_and_delete_but_allows_rename ... ok

test result: ok. 1 passed; 0 failed; 0 ignored; 0 measured; 348 filtered out; finished in 0.00s

   Compiling minicore-tui v0.2.8 (/root/minicore-session-panels.H0sLzv/source/minicore-tui)
    Finished `test` profile [optimized + debuginfo] target(s) in 7.91s
     Running tests/app_flow.rs (target/debug/deps/app_flow-500745b34c71f2c8)

running 1 test
test event_gap_blocks_close_and_delete_for_loaded_and_closed_sessions ... FAILED

failures:

failures:
    event_gap_blocks_close_and_delete_for_loaded_and_closed_sessions

test result: FAILED. 0 passed; 1 failed; 0 ignored; 0 measured; 66 filtered out; finished in 0.00s


thread 'event_gap_blocks_close_and_delete_for_loaded_and_closed_sessions' (3640436) panicked at tests/app_flow.rs:3711:5:
assertion failed: driver.queue.iter().all(|request|
        {
            request.method != "session.close" &&
                request.method != "session.delete"
        })
note: run with `RUST_BACKTRACE=1` environment variable to display a backtrace
error: test failed, to rerun pass `--test app_flow`
