    Finished `test` profile [optimized + debuginfo] target(s) in 0.12s
     Running tests/app_flow.rs (target/debug/deps/app_flow-500745b34c71f2c8)

running 1 test
test close_verification_running_state_is_written_without_cancelling_the_turn ... FAILED

failures:

thread 'close_verification_running_state_is_written_without_cancelling_the_turn' (3623322) panicked at tests/app_flow.rs:3581:5:
assertion `left == right` failed
  left: Idle
 right: Running
note: run with `RUST_BACKTRACE=1` environment variable to display a backtrace

failures:
    close_verification_running_state_is_written_without_cancelling_the_turn

test result: FAILED. 0 passed; 1 failed; 0 ignored; 0 measured; 65 filtered out; finished in 0.00s

error: test failed, to rerun pass `--test app_flow`
    Finished `test` profile [optimized + debuginfo] target(s) in 0.10s
     Running tests/app_flow.rs (target/debug/deps/app_flow-500745b34c71f2c8)

running 1 test
test close_verification_transport_failure_requires_a_fresh_state_read ... ok

test result: ok. 1 passed; 0 failed; 0 ignored; 0 measured; 65 filtered out; finished in 0.00s

    Finished `test` profile [optimized + debuginfo] target(s) in 0.08s
     Running tests/app_flow.rs (target/debug/deps/app_flow-500745b34c71f2c8)

running 1 test
test event_gap_blocks_close_and_delete_for_loaded_and_closed_sessions ... ok

test result: ok. 1 passed; 0 failed; 0 ignored; 0 measured; 65 filtered out; finished in 0.00s

    Finished `test` profile [optimized + debuginfo] target(s) in 0.11s
     Running tests/app_flow.rs (target/debug/deps/app_flow-500745b34c71f2c8)

running 1 test
test deleted_session_id_rejects_late_lifecycle_responses_and_events ... FAILED

failures:

failures:
    deleted_session_id_rejects_late_lifecycle_responses_and_events

test result: FAILED. 0 passed; 1 failed; 0 ignored; 0 measured; 65 filtered out; finished in 0.00s


thread 'deleted_session_id_rejects_late_lifecycle_responses_and_events' (3623361) panicked at tests/app_flow.rs:3796:5:
assertion failed: !driver.app.sessions.known.contains_key("ses_1")
note: run with `RUST_BACKTRACE=1` environment variable to display a backtrace
error: test failed, to rerun pass `--test app_flow`
