   Compiling stable_deref_trait v1.2.1
   Compiling writeable v0.6.4
   Compiling cfg-if v1.0.4
   Compiling log v0.4.34
   Compiling bitflags v2.13.1
   Compiling smallvec v1.15.2
   Compiling scopeguard v1.2.0
   Compiling futures-core v0.3.34
   Compiling either v1.18.0
   Compiling litemap v0.8.3
   Compiling allocator-api2 v0.2.21
   Compiling equivalent v1.0.2
   Compiling itoa v1.0.18
   Compiling foldhash v0.1.5
   Compiling libc v0.2.189
   Compiling static_assertions v1.1.0
   Compiling castaway v0.2.4
   Compiling ryu v1.0.23
   Compiling unicode-width v0.1.14
   Compiling unicode-segmentation v1.13.3
   Compiling zerotrie v0.2.5
   Compiling zerofrom v0.1.8
   Compiling strum v0.26.3
   Compiling serde_core v1.0.229
   Compiling lock_api v0.4.14
   Compiling icu_locale_data v2.1.2
   Compiling libm v0.2.16
   Compiling cassowary v0.3.0
   Compiling unicode-width v0.2.0
   Compiling memchr v2.8.3
   Compiling powerfmt v0.2.0
   Compiling yoke v0.8.3
   Compiling pin-project-lite v0.2.17
   Compiling compact_str v0.8.2
   Compiling icu_segmenter_data v2.1.1
   Compiling itertools v0.13.0
   Compiling zmij v1.0.23
   Compiling futures-task v0.3.34
   Compiling deranged v0.5.8
   Compiling unicase v2.9.0
   Compiling time-core v0.1.7
   Compiling slab v0.4.12
   Compiling zerovec v0.11.8
   Compiling bytes v1.12.1
   Compiling num-conv v0.1.0
   Compiling utf8_iter v1.0.4
   Compiling thiserror v2.0.20
   Compiling hashbrown v0.15.5
   Compiling futures-util v0.3.34
   Compiling pulldown-cmark v0.12.2
   Compiling errno v0.3.14
   Compiling mio v1.2.2
   Compiling parking_lot_core v0.9.12
   Compiling num_threads v0.1.7
   Compiling core_maths v0.1.1
   Compiling lru v0.12.5
   Compiling signal-hook-registry v1.4.8
   Compiling rustix v0.38.44
   Compiling parking_lot v0.12.5
   Compiling signal-hook v0.3.18
   Compiling tinystr v0.8.4
   Compiling potential_utf v0.1.6
   Compiling unicode-truncate v1.1.0
   Compiling time v0.3.45
   Compiling tokio v1.53.1
   Compiling icu_collections v2.1.1
   Compiling serde v1.0.229
   Compiling serde_json v1.0.151
   Compiling signal-hook-mio v0.2.5
   Compiling icu_locale_core v2.1.1
   Compiling crossterm v0.28.1
   Compiling icu_provider v2.1.1
   Compiling ratatui v0.29.0
   Compiling icu_locale v2.1.1
   Compiling icu_segmenter v2.1.2
   Compiling tui-textarea v0.7.0
   Compiling minicore-tui v0.2.8 (/root/minicore-release-028-033.Fm9vbA/minicore-tui)
    Finished `dev` profile [optimized + debuginfo] target(s) in 20.71s
