   Compiling stable_deref_trait v1.2.1
   Compiling libc v0.2.189
   Compiling zerofrom v0.1.8
   Compiling log v0.4.34
   Compiling writeable v0.6.4
   Compiling yoke v0.8.3
   Compiling scopeguard v1.2.0
   Compiling bitflags v2.13.1
   Compiling zerovec v0.11.8
   Compiling smallvec v1.15.2
   Compiling lock_api v0.4.14
   Compiling foldhash v0.1.5
   Compiling futures-core v0.3.34
   Compiling either v1.18.0
   Compiling errno v0.3.14
   Compiling mio v1.2.2
   Compiling signal-hook-registry v1.4.8
   Compiling parking_lot_core v0.9.12
   Compiling tinystr v0.8.4
   Compiling signal-hook v0.3.18
   Compiling litemap v0.8.3
   Compiling allocator-api2 v0.2.21
   Compiling icu_locale_core v2.1.1
   Compiling signal-hook-mio v0.2.5
   Compiling hashbrown v0.15.5
   Compiling potential_utf v0.1.6
   Compiling parking_lot v0.12.5
   Compiling itertools v0.13.0
   Compiling rustix v0.38.44
   Compiling castaway v0.2.4
   Compiling zerotrie v0.2.5
   Compiling unicode-segmentation v1.13.3
   Compiling static_assertions v1.1.0
   Compiling unicode-width v0.1.14
   Compiling compact_str v0.8.2
   Compiling unicode-truncate v1.1.0
   Compiling icu_provider v2.1.1
   Compiling crossterm v0.28.1
   Compiling strum v0.26.3
   Compiling libm v0.2.16
   Compiling lru v0.12.5
   Compiling icu_collections v2.1.1
   Compiling icu_locale_data v2.1.2
   Compiling unicode-width v0.2.0
   Compiling powerfmt v0.2.0
   Compiling memchr v2.8.3
   Compiling cassowary v0.3.0
   Compiling ratatui v0.29.0
   Compiling deranged v0.5.8
   Compiling icu_locale v2.1.1
   Compiling core_maths v0.1.1
   Compiling icu_segmenter_data v2.1.1
   Compiling num_threads v0.1.7
   Compiling num-conv v0.1.0
   Compiling unicase v2.9.0
   Compiling time-core v0.1.7
   Compiling bytes v1.12.1
   Compiling icu_segmenter v2.1.2
   Compiling tokio v1.53.1
   Compiling tui-textarea v0.7.0
   Compiling time v0.3.45
   Compiling pulldown-cmark v0.12.2
   Compiling futures-util v0.3.34
   Compiling serde_json v1.0.151
   Compiling minicore-tui v0.2.8 (/root/minicore-session-panels.H0sLzv/native-final/source/minicore-tui)
    Finished `release` profile [optimized] target(s) in 33.94s
