   Compiling stable_deref_trait v1.2.1
   Compiling smallvec v1.15.2
   Compiling windows-link v0.2.1
   Compiling equivalent v1.0.2
   Compiling cfg-if v1.0.4
   Compiling writeable v0.6.4
   Compiling litemap v0.8.3
   Compiling scopeguard v1.2.0
   Compiling either v1.18.0
   Compiling allocator-api2 v0.2.21
   Compiling futures-core v0.3.34
   Compiling foldhash v0.1.5
   Compiling itoa v1.0.18
   Compiling bitflags v2.13.1
   Compiling serde_core v1.0.229
   Compiling winapi-x86_64-pc-windows-gnu v0.4.0
   Compiling ryu v1.0.23
   Compiling castaway v0.2.4
   Compiling static_assertions v1.1.0
   Compiling unicode-width v0.1.14
   Compiling unicode-segmentation v1.13.3
   Compiling zerofrom v0.1.8
   Compiling strum v0.26.3
   Compiling windows-sys v0.61.2
   Compiling icu_normalizer_data v2.1.1
   Compiling icu_properties_data v2.1.2
   Compiling winapi v0.3.9
   Compiling lock_api v0.4.14
   Compiling unicode-width v0.2.0
   Compiling pin-project-lite v0.2.17
   Compiling powerfmt v0.2.0
   Compiling memchr v2.8.3
   Compiling cassowary v0.3.0
   Compiling compact_str v0.8.2
   Compiling zmij v1.0.23
   Compiling parking_lot_core v0.9.12
   Compiling bytes v1.12.1
   Compiling time-core v0.1.7
   Compiling hashbrown v0.17.1
   Compiling unicase v2.9.0
   Compiling num-conv v0.1.0
   Compiling yoke v0.8.3
   Compiling futures-task v0.3.34
   Compiling deranged v0.5.8
   Compiling slab v0.4.12
   Compiling itertools v0.13.0
   Compiling thiserror v2.0.20
   Compiling toml_write v0.1.2
   Compiling utf8_iter v1.0.4
   Compiling winnow v0.7.15
   Compiling percent-encoding v2.3.2
   Compiling zerovec v0.11.8
   Compiling zerotrie v0.2.5
   Compiling parking_lot v0.12.5
   Compiling futures-util v0.3.34
   Compiling hashbrown v0.15.5
   Compiling form_urlencoded v1.2.2
   Compiling pulldown-cmark v0.12.2
   Compiling tinystr v0.8.4
   Compiling potential_utf v0.1.6
   Compiling icu_collections v2.1.1
   Compiling icu_locale_core v2.1.1
   Compiling lru v0.12.5
   Compiling indexmap v2.14.1
   Compiling time v0.3.45
   Compiling icu_provider v2.1.1
   Compiling unicode-truncate v1.1.0
   Compiling icu_normalizer v2.1.1
   Compiling icu_properties v2.1.2
   Compiling crossterm_winapi v0.9.1
   Compiling mio v1.2.2
   Compiling crossterm v0.28.1
   Compiling tokio v1.53.1
   Compiling serde v1.0.229
   Compiling serde_json v1.0.151
   Compiling idna_adapter v1.2.1
   Compiling idna v1.1.0
   Compiling ratatui v0.29.0
   Compiling url v2.5.4
   Compiling serde_spanned v0.6.9
   Compiling toml_datetime v0.6.11
   Compiling toml_edit v0.22.27
   Compiling tui-textarea v0.7.0
   Compiling toml v0.8.23
   Compiling minicore-tui v0.2.1 (/root/minicore-rail-01a07210/r4/minicore-tui)
    Finished `test` profile [unoptimized + debuginfo] target(s) in 20.19s
  Executable unittests src/lib.rs (/root/minicore-rail-01a07210/build-cross/x86_64-pc-windows-gnu/debug/deps/minicore_tui-16b9321cb943f155.exe)
  Executable unittests src/main.rs (/root/minicore-rail-01a07210/build-cross/x86_64-pc-windows-gnu/debug/deps/minicore_tui-0292e79571773587.exe)
  Executable tests/agent_e2e.rs (/root/minicore-rail-01a07210/build-cross/x86_64-pc-windows-gnu/debug/deps/agent_e2e-ab1e62fdac64e58f.exe)
  Executable tests/agent_process.rs (/root/minicore-rail-01a07210/build-cross/x86_64-pc-windows-gnu/debug/deps/agent_process-bbbae59f71f5aebe.exe)
  Executable tests/app_flow.rs (/root/minicore-rail-01a07210/build-cross/x86_64-pc-windows-gnu/debug/deps/app_flow-132b6ea87ca865f9.exe)
  Executable tests/protocol.rs (/root/minicore-rail-01a07210/build-cross/x86_64-pc-windows-gnu/debug/deps/protocol-d45fc2122900526c.exe)
  Executable tests/rail_fixtures.rs (/root/minicore-rail-01a07210/build-cross/x86_64-pc-windows-gnu/debug/deps/rail_fixtures-aa3f065120ca6465.exe)
  Executable tests/render_snapshots.rs (/root/minicore-rail-01a07210/build-cross/x86_64-pc-windows-gnu/debug/deps/render_snapshots-ce49b565bd666c17.exe)
  Executable tests/rpc_io.rs (/root/minicore-rail-01a07210/build-cross/x86_64-pc-windows-gnu/debug/deps/rpc_io-b6537681a37ac251.exe)
  Executable tests/terminal_restore.rs (/root/minicore-rail-01a07210/build-cross/x86_64-pc-windows-gnu/debug/deps/terminal_restore-6bb147e816344525.exe)
  Executable tests/word_oracle.rs (/root/minicore-rail-01a07210/build-cross/x86_64-pc-windows-gnu/debug/deps/word_oracle-3119aa3b96771f67.exe)
