    Blocking waiting for file lock on package cache
    Blocking waiting for file lock on package cache
    Blocking waiting for file lock on package cache
    Blocking waiting for file lock on package cache
   Compiling proc-macro2 v1.0.107
   Compiling quote v1.0.47
   Compiling unicode-ident v1.0.24
   Compiling stable_deref_trait v1.2.1
   Compiling libc v0.2.189
   Compiling writeable v0.6.4
   Compiling litemap v0.8.3
   Compiling smallvec v1.15.2
   Compiling rustversion v1.0.23
   Compiling serde_core v1.0.229
   Compiling equivalent v1.0.2
   Compiling syn v2.0.119
   Compiling syn v3.0.4
   Compiling errno v0.3.14
   Compiling signal-hook-registry v1.4.8
   Compiling log v0.4.34
   Compiling strsim v0.11.1
   Compiling signal-hook v0.3.18
   Compiling serde v1.0.229
   Compiling parking_lot_core v0.9.12
   Compiling cfg-if v1.0.4
   Compiling fnv v1.0.7
   Compiling ident_case v1.0.1
   Compiling mio v1.2.2
   Compiling synstructure v0.13.2
   Compiling darling_core v0.20.11
   Compiling scopeguard v1.2.0
   Compiling bitflags v2.13.1
   Compiling rustix v0.38.44
   Compiling lock_api v0.4.14
   Compiling itoa v1.0.18
   Compiling libm v0.2.16
   Compiling allocator-api2 v0.2.21
   Compiling foldhash v0.1.5
   Compiling instability v0.3.10
   Compiling linux-raw-sys v0.4.15
   Compiling heck v0.5.0
   Compiling paste v1.0.15
   Compiling futures-core v0.3.34
   Compiling icu_normalizer_data v2.1.1
   Compiling either v1.18.0
   Compiling icu_locale_data v2.1.2
   Compiling icu_properties_data v2.1.2
   Compiling itertools v0.13.0
   Compiling hashbrown v0.15.5
   Compiling parking_lot v0.12.5
   Compiling signal-hook-mio v0.2.5
   Compiling castaway v0.2.4
   Compiling unicode-segmentation v1.13.3
   Compiling zmij v1.0.23
   Compiling unicode-width v0.1.14
   Compiling static_assertions v1.1.0
   Compiling ryu v1.0.23
   Compiling indoc v2.0.7
   Compiling utf8_iter v1.0.4
   Compiling icu_segmenter_data v2.1.1
   Compiling compact_str v0.8.2
   Compiling unicode-truncate v1.1.0
   Compiling crossterm v0.28.1
   Compiling lru v0.12.5
   Compiling zerofrom-derive v0.1.7
   Compiling yoke-derive v0.8.2
   Compiling darling_macro v0.20.11
   Compiling zerovec-derive v0.11.6
   Compiling displaydoc v0.2.7
   Compiling serde_derive v1.0.229
   Compiling darling v0.20.11
   Compiling strum_macros v0.26.4
   Compiling zerofrom v0.1.8
   Compiling yoke v0.8.3
   Compiling zerovec v0.11.8
   Compiling tinystr v0.8.4
   Compiling icu_locale_core v2.1.1
   Compiling potential_utf v0.1.6
   Compiling zerotrie v0.2.5
   Compiling icu_provider v2.1.1
   Compiling icu_collections v2.1.1
   Compiling cassowary v0.3.0
   Compiling pin-project-lite v0.2.17
   Compiling powerfmt v0.2.0
   Compiling serde_json v1.0.151
   Compiling strum v0.26.3
   Compiling memchr v2.8.3
   Compiling unicode-width v0.2.0
   Compiling thiserror v2.0.20
   Compiling pulldown-cmark v0.12.2
   Compiling ratatui v0.29.0
   Compiling deranged v0.5.8
   Compiling icu_properties v2.1.2
   Compiling icu_locale v2.1.1
   Compiling icu_normalizer v2.1.1
   Compiling thiserror-impl v2.0.20
   Compiling tokio-macros v2.7.2
   Compiling core_maths v0.1.1
   Compiling hashbrown v0.17.1
   Compiling num-conv v0.1.0
   Compiling unicase v2.9.0
   Compiling slab v0.4.12
   Compiling bytes v1.12.1
   Compiling futures-task v0.3.34
   Compiling num_threads v0.1.7
   Compiling time-core v0.1.7
   Compiling time v0.3.45
   Compiling futures-util v0.3.34
   Compiling tokio v1.53.1
   Compiling indexmap v2.14.1
   Compiling icu_segmenter v2.1.2
   Compiling idna_adapter v1.2.1
   Compiling serde_spanned v0.6.9
   Compiling toml_datetime v0.6.11
   Compiling tui-textarea v0.7.0
   Compiling percent-encoding v2.3.2
   Compiling toml_write v0.1.2
   Compiling winnow v0.7.15
   Compiling form_urlencoded v1.2.2
   Compiling minicore-tui v0.2.8 (/root/minicore-followups.6Dpa6e/source/minicore-tui)
   Compiling toml_edit v0.22.27
   Compiling idna v1.1.0
   Compiling toml v0.8.23
   Compiling url v2.5.4
    Finished `test` profile [optimized + debuginfo] target(s) in 2m 09s
     Running tests/app_flow.rs (/root/minicore-tui-027-RXdxEP/target-linux-user-gap-app-flow-final/debug/deps/app_flow-500745b34c71f2c8)

running 74 tests
test bootstrap_registers_ids_before_requests_leave_update ... ok
test agent_rejected_steer_restores_unsent_paused_at_fifo_front ... ok
test ambiguous_steer_response_keeps_unconfirmed_and_never_resends ... ok
test close_success_before_wait_response_processes_result_without_extra_state_or_history ... ok
test blocked_session_forbids_send_steer_update_and_retains_completion ... ok
test close_verification_blocked_state_remains_unsafe_for_delete ... ok
test agent_exit_marks_live_result_unconfirmed_without_overwriting_known_result ... ok
test close_verification_running_state_is_written_without_cancelling_the_turn ... ok
test close_verification_internal_or_malformed_retains_loaded_state ... ok
test deleted_session_id_rejects_late_lifecycle_responses_and_events ... ok
test close_verification_transport_failure_requires_a_fresh_state_read ... ok
test duplicate_text_steer_while_first_sending_is_dropped ... ok
test deterministic_same_loop_model_a_to_tool_to_model_b ... ok
test event_gap_blocks_close_and_delete_for_loaded_and_closed_sessions ... ok
test failed_close_reopen_keeps_retired_loop_fenced ... ok
test first_open_running_placeholder_accepts_following_events ... ok
test forced_shutdown_message_combines_unknown_known_failure_and_stderr ... ok
test handoff_definite_reject_restores_unsent_paused_retained_once_no_composer_duplicate ... ok
test handoff_malformed_response_keeps_unconfirmed_blocks_advance_and_never_auto_resends ... ok
test handoff_send_failure_before_write_restores_unsent_paused_and_never_auto_resends ... ok
test history_validation_reports_stable_gap_and_stalled_cursor_errors ... ok
test handoff_turn_started_already_proves_accept_keeps_loop_and_drops_entry ... ok
test history_pages_by_contiguous_item_index_not_render_block_count ... ok
test inflight_history_gap_reconciles_new_revision_before_lifecycle_actions ... ok
test history_failure_clear_and_reopen_keep_destructive_actions_guarded ... ok
test legacy_none_history_reply_cannot_release_a_new_event_gap ... ok
test loaded_running_session_reopen_reuses_view_after_state_failure ... ok
test late_completed_loop_events_cannot_bind_a_new_prompt ... ok
test loop_events_can_bind_before_turn_send_response ... ok
test persistence_failure_blocks_without_losing_the_old_result_view ... ok
test regression_scenario_a_wait_internal_error_does_not_loop_history_or_clear_gap ... ok
test late_steer_ack_after_complete_history_marks_missing_steer_not_recorded ... ok
test ordered_live_parts_keep_late_reasoning_after_same_request_text ... ok
test regression_scenario_c_failed_wait_does_not_reconcile_and_idempotent ... ok
test live_reasoning_renders_markdown_before_each_request_text ... ok
test regression_test_close_wait_correlation_and_guards ... ok
test regression_test_close_agent_error_single_state_check_and_store_error ... ok
test regression_scenario_d_steer_retention_single_render_and_late_response_correlation ... ok
test late_steer_ack_respects_recorded_and_uncertain_history ... ok
test late_session_events_cannot_overwrite_info_or_clear_a_new_loop ... ok
test regression_scenario_e_stale_wait_and_history_paging_idempotence ... ok
test reasoning_rendering_keeps_hidden_cache_fallback_themes_and_cjk_width ... ok
test reopen_invalidates_old_wait_failed_response ... ok
test regression_test_pending_config_update_loop_scoping_and_no_rollback ... ok
test regression_scenario_b_wait_persisted_post_wait_history_and_no_infinite_retry ... ok
test session_close_and_delete_command_lifecycle ... ok
test send_response_registers_direct_wait_and_durable_history_replaces_live ... ok
test second_steer_while_first_sending_is_dropped_and_editor_retains_it ... ok
test session_opened_event_initializes_unknown_view_and_reads_running_state ... ok
test session_update_is_sent_for_an_active_session ... ok
test persisted_reasoning_preserves_markdown_and_request_order_after_reopen ... ok
test session_update_response_after_loop_finished_retains_info_and_saved_next_turn ... ok
test shutdown_drains_after_child_exit_until_rpc_channel_ends ... ok
test shutdown_ok_after_known_failed_preserves_unsaved_and_last_result ... ok
test shutdown_send_turn_in_flight_response_registers_wait ... ok
test failed_tool_survives_live_finished_wait_and_history_with_folded_geometry ... ok
test steer_queue_full_retains_composer_input_and_shows_warning ... ok
test send_failed_steer_restores_unsent_paused_and_preserves_editor ... ok
test slash_cancel_sends_exact_turn_cancel_and_wait_reconciles ... ok
test tool_events_before_started_are_retained_and_mark_a_gap ... ok
test reopen_invalidates_old_wait_persisted_response ... ok
test turn_result_failed_and_persisted_with_model_error ... ok
test turn_result_cancelled_user_and_unknown ... ok
test steering_history_not_recorded_vs_unconfirmed ... ok
test turn_result_completed_and_persistence_failed ... ok
test steering_ack_only_clears_the_same_editor_revision ... ok
test update_request_started_before_update_response_confirms_applied ... ok
test update_and_steer_fifo_duplicate_text_history_reconciliation ... ok
test slash_refresh_and_restricted_commands_remain_usable ... ok
test request_index_keeps_multi_request_deltas_separate ... ok
test stale_session_state_response_cannot_regress_a_newer_query ... ok
test confirmed_empty_header_requires_known_idle_and_clean_lifecycle ... ok
test session_footer_new_invalidates_prepared_header_cache ... ok
test new_session_and_empty_created_session_keep_startup_header ... ok

test result: ok. 74 passed; 0 failed; 0 ignored; 0 measured; 0 filtered out; finished in 0.01s

command: env CARGO_TARGET_DIR=/root/minicore-tui-027-RXdxEP/target-linux-user-gap-app-flow-final cargo +stable test --offline --locked -j4 --test app_flow -- --nocapture
exit=0
