    Blocking waiting for file lock on package cache
    Blocking waiting for file lock on package cache
    Blocking waiting for file lock on package cache
   Compiling proc-macro2 v1.0.107
   Compiling quote v1.0.47
   Compiling unicode-ident v1.0.24
   Compiling stable_deref_trait v1.2.1
   Compiling libc v0.2.189
   Compiling writeable v0.6.4
   Compiling smallvec v1.15.2
   Compiling litemap v0.8.3
   Compiling serde_core v1.0.229
   Compiling rustversion v1.0.23
   Compiling syn v2.0.119
   Compiling syn v3.0.4
   Compiling errno v0.3.14
   Compiling equivalent v1.0.2
   Compiling signal-hook-registry v1.4.8
   Compiling signal-hook v0.3.18
   Compiling cfg-if v1.0.4
   Compiling parking_lot_core v0.9.12
   Compiling fnv v1.0.7
   Compiling strsim v0.11.1
   Compiling ident_case v1.0.1
   Compiling log v0.4.34
   Compiling serde v1.0.229
   Compiling synstructure v0.13.2
   Compiling darling_core v0.20.11
   Compiling mio v1.2.2
   Compiling rustix v0.38.44
   Compiling scopeguard v1.2.0
   Compiling bitflags v2.13.1
   Compiling lock_api v0.4.14
   Compiling libm v0.2.16
   Compiling futures-core v0.3.34
   Compiling heck v0.5.0
   Compiling either v1.18.0
   Compiling allocator-api2 v0.2.21
   Compiling instability v0.3.10
   Compiling icu_properties_data v2.1.2
   Compiling itoa v1.0.18
   Compiling foldhash v0.1.5
   Compiling paste v1.0.15
   Compiling icu_normalizer_data v2.1.1
   Compiling linux-raw-sys v0.4.15
   Compiling icu_locale_data v2.1.2
   Compiling hashbrown v0.15.5
   Compiling itertools v0.13.0
   Compiling parking_lot v0.12.5
   Compiling signal-hook-mio v0.2.5
   Compiling castaway v0.2.4
   Compiling static_assertions v1.1.0
   Compiling unicode-segmentation v1.13.3
   Compiling zmij v1.0.23
   Compiling ryu v1.0.23
   Compiling utf8_iter v1.0.4
   Compiling icu_segmenter_data v2.1.1
   Compiling unicode-width v0.1.14
   Compiling indoc v2.0.7
   Compiling unicode-truncate v1.1.0
   Compiling compact_str v0.8.2
   Compiling crossterm v0.28.1
   Compiling lru v0.12.5
   Compiling zerofrom-derive v0.1.7
   Compiling yoke-derive v0.8.2
   Compiling darling_macro v0.20.11
   Compiling zerovec-derive v0.11.6
   Compiling displaydoc v0.2.7
   Compiling serde_derive v1.0.229
   Compiling darling v0.20.11
   Compiling strum_macros v0.26.4
   Compiling zerofrom v0.1.8
   Compiling yoke v0.8.3
   Compiling zerovec v0.11.8
   Compiling tinystr v0.8.4
   Compiling icu_locale_core v2.1.1
   Compiling potential_utf v0.1.6
   Compiling zerotrie v0.2.5
   Compiling icu_provider v2.1.1
   Compiling icu_collections v2.1.1
   Compiling cassowary v0.3.0
   Compiling serde_json v1.0.151
   Compiling memchr v2.8.3
   Compiling strum v0.26.3
   Compiling thiserror v2.0.20
   Compiling powerfmt v0.2.0
   Compiling pulldown-cmark v0.12.2
   Compiling unicode-width v0.2.0
   Compiling pin-project-lite v0.2.17
   Compiling deranged v0.5.8
   Compiling ratatui v0.29.0
   Compiling icu_locale v2.1.1
   Compiling icu_properties v2.1.2
   Compiling icu_normalizer v2.1.1
   Compiling thiserror-impl v2.0.20
   Compiling tokio-macros v2.7.2
   Compiling core_maths v0.1.1
   Compiling unicase v2.9.0
   Compiling num_threads v0.1.7
   Compiling bytes v1.12.1
   Compiling futures-task v0.3.34
   Compiling slab v0.4.12
   Compiling hashbrown v0.17.1
   Compiling num-conv v0.1.0
   Compiling time-core v0.1.7
   Compiling time v0.3.45
   Compiling indexmap v2.14.1
   Compiling tokio v1.53.1
   Compiling futures-util v0.3.34
   Compiling icu_segmenter v2.1.2
   Compiling serde_spanned v0.6.9
   Compiling toml_datetime v0.6.11
   Compiling idna_adapter v1.2.1
   Compiling tui-textarea v0.7.0
   Compiling percent-encoding v2.3.2
   Compiling toml_write v0.1.2
   Compiling winnow v0.7.15
   Compiling form_urlencoded v1.2.2
   Compiling minicore-tui v0.2.8 (/root/minicore-followups.6Dpa6e/source/minicore-tui)
   Compiling idna v1.1.0
   Compiling toml_edit v0.22.27
   Compiling toml v0.8.23
   Compiling url v2.5.4
    Finished `test` profile [optimized + debuginfo] target(s) in 2m 01s
     Running tests/app_flow.rs (/root/minicore-tui-027-RXdxEP/target-linux-user-gap-header-green-mouse/debug/deps/app_flow-500745b34c71f2c8)

running 1 test

thread 'session_footer_new_invalidates_prepared_header_cache' (226822) panicked at tests/app_flow.rs:403:5:
assertion `left == right` failed
  left: false
 right: true
note: run with `RUST_BACKTRACE=1` environment variable to display a backtrace
test session_footer_new_invalidates_prepared_header_cache ... FAILED

failures:

failures:
    session_footer_new_invalidates_prepared_header_cache

test result: FAILED. 0 passed; 1 failed; 0 ignored; 0 measured; 73 filtered out; finished in 0.00s

error: test failed, to rerun pass `--test app_flow`
command: env CARGO_TARGET_DIR=/root/minicore-tui-027-RXdxEP/target-linux-user-gap-header-green-mouse cargo +stable test --offline --locked -j4 --test app_flow session_footer_new_invalidates_prepared_header_cache -- --exact --nocapture
exit=101
