    Blocking waiting for file lock on package cache
    Blocking waiting for file lock on package cache
    Blocking waiting for file lock on package cache
    Blocking waiting for file lock on package cache
    Finished `test` profile [optimized + debuginfo] target(s) in 0.56s
     Running tests/agent_e2e.rs (/root/minicore-tui-027-RXdxEP/target-linux/debug/deps/agent_e2e-d7bcab485dbe30d7)

running 17 tests
test e2e_fifo_duplicate_texts_are_paced_and_both_persist ... 
thread 'e2e_fifo_duplicate_texts_are_paced_and_both_persist' (100647) panicked at tests/agent_e2e.rs:2093:9:
assertion `left == right` failed: both duplicate texts persist once each
  left: 1
 right: 2
note: run with `RUST_BACKTRACE=1` environment variable to display a backtrace
FAILED
test e2e_fifo_steers_are_paced_until_receipt ... 
thread 'e2e_fifo_steers_are_paced_until_receipt' (101086) panicked at tests/agent_e2e.rs:1930:9:
assertion `left == right` failed: gated request0 + A + B
  left: 2
 right: 3
FAILED
test e2e_live_request_usage_shows_during_loop_and_persisted_total_replaces_it ... ok
test e2e_max_reasoning_ships_literal_max_and_provider_body_carries_it ... ok
test e2e_reasoning_summary_item_boundaries_survive_to_the_tui ... ok
test e2e_scenario_a_discovery ... ok
test e2e_scenario_b_basic_turn ... ok
test e2e_scenario_c_tool_execution ... ok
test e2e_scenario_d_steer_turn ... ok
test e2e_scenario_e2_update_single_request_then_next_turn ... ok
test e2e_scenario_e_same_loop_update ... ok
test e2e_scenario_f_shutdown_cancels_active_wait ... ok
test e2e_session_panel_rename_and_delete_against_current_agent ... ok
test e2e_stress_second_tool_expansion_survives_background_generation ... ok
test e2e_stress_session_switch_preserves_tool_fold ... ok
test e2e_stress_six_loops_ten_requests_no_repeated_final_text ... ok
test e2e_two_consecutive_steers_both_reach_the_provider ... ok

failures:

failures:
    e2e_fifo_duplicate_texts_are_paced_and_both_persist
    e2e_fifo_steers_are_paced_until_receipt

test result: FAILED. 15 passed; 2 failed; 0 ignored; 0 measured; 0 filtered out; finished in 5.95s

error: test failed, to rerun pass `--test agent_e2e`
command: env MINICORE_AGENT_BIN=/root/minicore-followups.6Dpa6e/source/minicore-agent/target/debug/minicore-agent CARGO_TARGET_DIR=/root/minicore-tui-027-RXdxEP/target-linux cargo +stable test --offline --locked --test agent_e2e -- --ignored --test-threads=1 --nocapture
exit=101
