new-header verification summary
remote source: /root/minicore-followups.6Dpa6e/source/minicore-tui
remote logs: /root/minicore-followups.6Dpa6e/logs
remote git metadata: absent (no Git writes performed)

scope
- changed source files: src/ui/header.rs, tests/app_flow.rs
- unchanged source hashes: src/app.rs edfaf1abe7ea0dc64066140baf84b0ea1002dd7d37c7f1c3388d7dc897c18b62; src/main.rs ab4bf7aa445008e5d13efea219150dc442ab9a015887d4ff92373e641014bb01; src/ui/component_tests.rs 5c2e626a2565133a010390905d6c3e2aee355b6b2a9fdf141923ad0aa9b0afc8; src/ui/tool.rs 5383ef95421dad5a603f1c9eb11827e1fe5b5365a88f2a44ba7552acf8f1a4bf
- header.rs before: a5f2906e0b0701f900eab9608fe15163f94f68cce7ef76cb0f316fefdac4c95a
- header.rs final: 51accc60c3cc56c91e03480565719ae131784a215482170819b1a94d288e113c
- app_flow.rs before: 0693abc55594a22840320cf769eaad6b45166f96cc9f5deb26c8cf74b3d7b5c1
- app_flow.rs final: 538358f526b221a4484e94298eed109f745d84a0037825caa1bf939d5b546762
- Cargo.toml: 5666ff82804b88e8a98221a7f3a78aa736d53db2c946b605f04d8c150b8d3a33
- Cargo.lock: 40a638f2ef3b3192ee1731796c77a6dcf018d95f66f817ef191eb3b6182e01de

behavior
- baseline RED final: exit=101, missing MINICORE  v0.2.8 in new-session screen
- final GREEN: 1 passed, 0 failed
- test path: existing history -> /new command -> new-session form -> Tab to Create -> Enter -> session.create -> state/history
- final create activates ses_2 and startup help disappears from the active-session view
- copy ranges exclude MINICORE and Coding agent TUI; history blocks remain 2 before create
- 60x16 form screen retains New session and workspace

quality
- stable all-targets: 468 passed, 0 failed, 18 ignored
- MSRV 1.85.0 all-targets: 468 passed, 0 failed, 18 ignored
- stable fmt --check: exit=0
- MSRV fmt --check: exit=0
- stable strict clippy: exit=0
- MSRV strict clippy: exit=101, four pre-existing diagnostics in src/ui/editor_layout.rs:283-284, src/ui/rail.rs:177, src/markdown.rs:817; no new diagnostic
- stable rustdoc -D warnings: exit=0
- MSRV rustdoc -D warnings: exit=0
- stable real Agent E2E: 17 passed, 0 failed
- MSRV real Agent E2E: 17 passed, 0 failed
- snapshot CRLF files: []
- trailing whitespace in changed files: []
- cargo clean: not run
