    Blocking waiting for file lock on package cache
    Blocking waiting for file lock on package cache
    Blocking waiting for file lock on package cache
   Compiling proc-macro2 v1.0.107
   Compiling quote v1.0.47
   Compiling unicode-ident v1.0.24
    Checking stable_deref_trait v1.2.1
   Compiling libc v0.2.189
    Checking writeable v0.6.4
    Checking litemap v0.8.3
    Checking smallvec v1.15.2
   Compiling serde_core v1.0.229
   Compiling rustversion v1.0.23
    Checking equivalent v1.0.2
    Checking log v0.4.34
   Compiling serde v1.0.229
   Compiling ident_case v1.0.1
   Compiling signal-hook v0.3.18
    Checking cfg-if v1.0.4
   Compiling strsim v0.11.1
   Compiling fnv v1.0.7
   Compiling parking_lot_core v0.9.12
   Compiling rustix v0.38.44
    Checking scopeguard v1.2.0
    Checking bitflags v2.13.1
    Checking allocator-api2 v0.2.21
    Checking futures-core v0.3.34
    Checking foldhash v0.1.5
   Compiling heck v0.5.0
    Checking linux-raw-sys v0.4.15
    Checking lock_api v0.4.14
    Checking either v1.18.0
   Compiling icu_properties_data v2.1.2
   Compiling libm v0.2.16
   Compiling instability v0.3.10
   Compiling icu_locale_data v2.1.2
   Compiling paste v1.0.15
    Checking itoa v1.0.18
   Compiling icu_normalizer_data v2.1.1
    Checking unicode-segmentation v1.13.3
    Checking static_assertions v1.1.0
    Checking ryu v1.0.23
    Checking unicode-width v0.1.14
   Compiling indoc v2.0.7
    Checking utf8_iter v1.0.4
    Checking itertools v0.13.0
   Compiling icu_segmenter_data v2.1.1
   Compiling zmij v1.0.23
   Compiling thiserror v2.0.20
    Checking pin-project-lite v0.2.17
   Compiling pulldown-cmark v0.12.2
    Checking unicode-width v0.2.0
    Checking powerfmt v0.2.0
   Compiling serde_json v1.0.151
    Checking memchr v2.8.3
    Checking hashbrown v0.15.5
    Checking cassowary v0.3.0
    Checking bytes v1.12.1
    Checking unicase v2.9.0
    Checking deranged v0.5.8
    Checking num_threads v0.1.7
    Checking slab v0.4.12
    Checking hashbrown v0.17.1
    Checking futures-task v0.3.34
    Checking num-conv v0.1.0
    Checking time-core v0.1.7
    Checking percent-encoding v2.3.2
    Checking toml_write v0.1.2
    Checking winnow v0.7.15
    Checking futures-util v0.3.34
    Checking form_urlencoded v1.2.2
    Checking lru v0.12.5
    Checking indexmap v2.14.1
    Checking castaway v0.2.4
    Checking compact_str v0.8.2
   Compiling syn v2.0.119
   Compiling syn v3.0.4
    Checking unicode-truncate v1.1.0
    Checking core_maths v0.1.1
    Checking errno v0.3.14
    Checking mio v1.2.2
    Checking time v0.3.45
    Checking signal-hook-registry v1.4.8
    Checking parking_lot v0.12.5
    Checking signal-hook-mio v0.2.5
    Checking crossterm v0.28.1
   Compiling synstructure v0.13.2
   Compiling darling_core v0.20.11
   Compiling zerovec-derive v0.11.6
   Compiling displaydoc v0.2.7
   Compiling serde_derive v1.0.229
   Compiling tokio-macros v2.7.2
   Compiling thiserror-impl v2.0.20
   Compiling zerofrom-derive v0.1.7
   Compiling yoke-derive v0.8.2
   Compiling strum_macros v0.26.4
   Compiling darling_macro v0.20.11
    Checking tokio v1.53.1
   Compiling darling v0.20.11
    Checking zerofrom v0.1.8
    Checking yoke v0.8.3
    Checking zerovec v0.11.8
    Checking zerotrie v0.2.5
    Checking strum v0.26.3
    Checking ratatui v0.29.0
    Checking tinystr v0.8.4
    Checking potential_utf v0.1.6
    Checking icu_collections v2.1.1
    Checking icu_locale_core v2.1.1
    Checking toml_datetime v0.6.11
    Checking serde_spanned v0.6.9
    Checking toml_edit v0.22.27
    Checking icu_provider v2.1.1
    Checking icu_locale v2.1.1
    Checking icu_properties v2.1.2
    Checking icu_normalizer v2.1.1
    Checking tui-textarea v0.7.0
    Checking icu_segmenter v2.1.2
    Checking toml v0.8.23
    Checking idna_adapter v1.2.1
    Checking idna v1.1.0
    Checking minicore-tui v0.2.8 (/root/minicore-followups.6Dpa6e/source/minicore-tui)
    Checking url v2.5.4
    Finished `dev` profile [optimized + debuginfo] target(s) in 1m 27s
command: env CARGO_TARGET_DIR=/root/minicore-tui-027-RXdxEP/target-linux-new-header-clippy2 cargo +stable clippy --offline --locked --all-targets --all-features -- -D warnings
exit=0
