Diff in /root/minicore-followups.6Dpa6e/source/minicore-tui/src/ui/render_cache_tests.rs:4:
 use std::path::PathBuf;
 
 use crossterm::event::{KeyModifiers, MouseButton, MouseEvent, MouseEventKind};
+use ratatui::Terminal;
 use ratatui::backend::TestBackend;
 use ratatui::layout::Rect;
-use ratatui::Terminal;
 use serde_json::json;
 
 use crate::app::{App, ConnectionState};
Diff in /root/minicore-followups.6Dpa6e/source/minicore-tui/src/ui/render_cache_tests.rs:13:
 use crate::event::{AppEvent, RpcEvent};
 use crate::markdown::{parse_count, reset_parse_count};
-use crate::protocol::{
-    IncomingFrame, RpcNotification, TurnRef, UsageWire, UserMessageKindWire,
-};
+use crate::protocol::{IncomingFrame, RpcNotification, TurnRef, UsageWire, UserMessageKindWire};
 use crate::state::session::SessionView;
 use crate::state::transcript::{
     AssistantBlock, AssistantPart, ToolBlock, TranscriptBlock, UserBlock,
Diff in /root/minicore-followups.6Dpa6e/source/minicore-tui/src/ui/render_cache_tests.rs:658:
         "{label}: separator is outside every section range"
     );
     assert!(
-        prepared.copy_ranges.iter().all(|range| range.row != gap_row),
+        prepared
+            .copy_ranges
+            .iter()
+            .all(|range| range.row != gap_row),
         "{label}: separator is excluded from copy geometry"
     );
     let selection = ConversationSelection {
Diff in /root/minicore-followups.6Dpa6e/source/minicore-tui/src/ui/render_cache_tests.rs:679:
         dragged: true,
     };
     let copied = crate::ui::transcript::selection_text(&prepared, &selection);
-    assert!(copied.contains("first prompt"), "{label}: first User is selectable");
+    assert!(
+        copied.contains("first prompt"),
+        "{label}: first User is selectable"
+    );
     assert!(
         copied.contains(second_text),
         "{label}: second User is selectable"
command: cargo +stable fmt --all -- --check
exit=1
